Component: ARM Compiler 5.06 update 6 (build 750) Tool: armlink [4d35ed]

==============================================================================

Section Cross References

    at32f435_437_wk_config.o(i.wk_nvic_config) refers to at32f435_437_misc.o(i.nvic_priority_group_config) for nvic_priority_group_config
    at32f435_437_wk_config.o(i.wk_nvic_config) refers to at32f435_437_wk_config.o(i.__NVIC_GetPriorityGrouping) for __NVIC_GetPriorityGrouping
    at32f435_437_wk_config.o(i.wk_nvic_config) refers to at32f435_437_wk_config.o(i.NVIC_EncodePriority) for NVIC_EncodePriority
    at32f435_437_wk_config.o(i.wk_nvic_config) refers to at32f435_437_wk_config.o(i.__NVIC_SetPriority) for __NVIC_SetPriority
    at32f435_437_wk_config.o(i.wk_periph_clock_config) refers to at32f435_437_crm.o(i.crm_periph_clock_enable) for crm_periph_clock_enable
    at32f435_437_wk_config.o(i.wk_system_clock_config) refers to at32f435_437_crm.o(i.crm_reset) for crm_reset
    at32f435_437_wk_config.o(i.wk_system_clock_config) refers to at32f435_437_crm.o(i.crm_periph_clock_enable) for crm_periph_clock_enable
    at32f435_437_wk_config.o(i.wk_system_clock_config) refers to at32f435_437_crm.o(i.crm_clock_source_enable) for crm_clock_source_enable
    at32f435_437_wk_config.o(i.wk_system_clock_config) refers to at32f435_437_crm.o(i.crm_flag_get) for crm_flag_get
    at32f435_437_wk_config.o(i.wk_system_clock_config) refers to at32f435_437_crm.o(i.crm_hext_stable_wait) for crm_hext_stable_wait
    at32f435_437_wk_config.o(i.wk_system_clock_config) refers to at32f435_437_crm.o(i.crm_pll_config) for crm_pll_config
    at32f435_437_wk_config.o(i.wk_system_clock_config) refers to at32f435_437_crm.o(i.crm_ahb_div_set) for crm_ahb_div_set
    at32f435_437_wk_config.o(i.wk_system_clock_config) refers to at32f435_437_crm.o(i.crm_apb2_div_set) for crm_apb2_div_set
    at32f435_437_wk_config.o(i.wk_system_clock_config) refers to at32f435_437_crm.o(i.crm_apb1_div_set) for crm_apb1_div_set
    at32f435_437_wk_config.o(i.wk_system_clock_config) refers to at32f435_437_crm.o(i.crm_auto_step_mode_enable) for crm_auto_step_mode_enable
    at32f435_437_wk_config.o(i.wk_system_clock_config) refers to at32f435_437_crm.o(i.crm_sysclk_switch) for crm_sysclk_switch
    at32f435_437_wk_config.o(i.wk_system_clock_config) refers to at32f435_437_crm.o(i.crm_sysclk_switch_status_get) for crm_sysclk_switch_status_get
    at32f435_437_wk_config.o(i.wk_system_clock_config) refers to system_at32f435_437.o(i.system_core_clock_update) for system_core_clock_update
    main.o(i.main) refers to at32f435_437_wk_config.o(i.wk_system_clock_config) for wk_system_clock_config
    main.o(i.main) refers to at32f435_437_wk_config.o(i.wk_periph_clock_config) for wk_periph_clock_config
    main.o(i.main) refers to wk_system.o(i.systick_interrupt_config) for systick_interrupt_config
    main.o(i.main) refers to at32f435_437_wk_config.o(i.wk_nvic_config) for wk_nvic_config
    main.o(i.main) refers to main.o(i.thread_init) for thread_init
    main.o(i.thread_1_f) refers to thread.o(i.rt_thread_delay) for rt_thread_delay
    main.o(i.thread_1_f) refers to main.o(.data) for i
    main.o(i.thread_2_f) refers to thread.o(i.rt_thread_delay) for rt_thread_delay
    main.o(i.thread_2_f) refers to main.o(.data) for j
    main.o(i.thread_init) refers to thread.o(i.rt_thread_init) for rt_thread_init
    main.o(i.thread_init) refers to thread.o(i.rt_thread_startup) for rt_thread_startup
    main.o(i.thread_init) refers to main.o(.bss) for thread_1_stack
    main.o(i.thread_init) refers to main.o(i.thread_1_f) for thread_1_f
    main.o(i.thread_init) refers to main.o(i.thread_2_f) for thread_2_f
    wk_system.o(i.systick_interrupt_config) refers to at32f435_437_crm.o(i.crm_clocks_freq_get) for crm_clocks_freq_get
    wk_system.o(i.systick_interrupt_config) refers to at32f435_437_misc.o(i.systick_clock_source_config) for systick_clock_source_config
    at32f435_437_crm.o(i.crm_clocks_freq_get) refers to at32f435_437_crm.o(i.crm_sysclk_switch_status_get) for crm_sysclk_switch_status_get
    at32f435_437_crm.o(i.crm_clocks_freq_get) refers to lludivv7m.o(.text) for __aeabi_uldivmod
    at32f435_437_crm.o(i.crm_clocks_freq_get) refers to at32f435_437_crm.o(.constdata) for pll_fr_table
    at32f435_437_crm.o(i.crm_hext_stable_wait) refers to at32f435_437_crm.o(i.crm_flag_get) for crm_flag_get
    at32f435_437_crm.o(i.crm_hick_sclk_frequency_select) refers to at32f435_437_crm.o(i.crm_hick_divider_select) for crm_hick_divider_select
    at32f435_437_crm.o(i.crm_usb_clock_source_select) refers to at32f435_437_crm.o(i.crm_hick_sclk_frequency_select) for crm_hick_sclk_frequency_select
    at32f435_437_gpio.o(i.gpio_reset) refers to at32f435_437_crm.o(i.crm_periph_reset) for crm_periph_reset
    at32f435_437_pwc.o(i.pwc_reset) refers to at32f435_437_crm.o(i.crm_periph_reset) for crm_periph_reset
[...]
    ..\\src\\at32f435_437_wk_config.c        0x00000000   Number         0  at32f435_437_wk_config.o ABSOLUTE
    ..\\src\\main.c                          0x00000000   Number         0  main.o ABSOLUTE
    ..\\src\\wk_system.c                     0x00000000   Number         0  wk_system.o ABSOLUTE
    ..\src\at32f435_437_int.c                0x00000000   Number         0  at32f435_437_int.o ABSOLUTE
    ..\src\at32f435_437_wk_config.c          0x00000000   Number         0  at32f435_437_wk_config.o ABSOLUTE
    ..\src\main.c                            0x00000000   Number         0  main.o ABSOLUTE
    ..\src\wk_system.c                       0x00000000   Number         0  wk_system.o ABSOLUTE
    C:\Users\Dell\AppData\Local\Arm\Packs\RealThread\RT-Thread\3.1.2\libcpu\arm\cortex-m4\context_rvds.S 0x00000000   Number         0  context_rvds.o ABSOLUTE
    C:\Users\Dell\AppData\Local\Arm\Packs\RealThread\RT-Thread\3.1.2\libcpu\arm\cortex-m4\cpuport.c 0x00000000   Number         0  cpuport.o ABSOLUTE
    C:\Users\Dell\AppData\Local\Arm\Packs\RealThread\RT-Thread\3.1.2\src\clock.c 0x00000000   Number         0  clock.o ABSOLUTE
    C:\Users\Dell\AppData\Local\Arm\Packs\RealThread\RT-Thread\3.1.2\src\components.c 0x00000000   Number         0  components.o ABSOLUTE
    C:\Users\Dell\AppData\Local\Arm\Packs\RealThread\RT-Thread\3.1.2\src\device.c 0x00000000   Number         0  device.o ABSOLUTE
    C:\Users\Dell\AppData\Local\Arm\Packs\RealThread\RT-Thread\3.1.2\src\idle.c 0x00000000   Number         0  idle.o ABSOLUTE
    C:\Users\Dell\AppData\Local\Arm\Packs\RealThread\RT-Thread\3.1.2\src\ipc.c 0x00000000   Number         0  ipc.o ABSOLUTE
    C:\Users\Dell\AppData\Local\Arm\Packs\RealThread\RT-Thread\3.1.2\src\irq.c 0x00000000   Number         0  irq.o ABSOLUTE
    C:\Users\Dell\AppData\Local\Arm\Packs\RealThread\RT-Thread\3.1.2\src\kservice.c 0x00000000   Number         0  kservice.o ABSOLUTE
    C:\Users\Dell\AppData\Local\Arm\Packs\RealThread\RT-Thread\3.1.2\src\mem.c 0x00000000   Number         0  mem.o ABSOLUTE
    C:\Users\Dell\AppData\Local\Arm\Packs\RealThread\RT-Thread\3.1.2\src\object.c 0x00000000   Number         0  object.o ABSOLUTE
    C:\Users\Dell\AppData\Local\Arm\Packs\RealThread\RT-Thread\3.1.2\src\scheduler.c 0x00000000   Number         0  scheduler.o ABSOLUTE
    C:\Users\Dell\AppData\Local\Arm\Packs\RealThread\RT-Thread\3.1.2\src\thread.c 0x00000000   Number         0  thread.o ABSOLUTE
    C:\Users\Dell\AppData\Local\Arm\Packs\RealThread\RT-Thread\3.1.2\src\timer.c 0x00000000   Number         0  timer.o ABSOLUTE
    RTE\RTOS\board.c                         0x00000000   Number         0  board.o ABSOLUTE
    RTE\\RTOS\\board.c                       0x00000000   Number         0  board.o ABSOLUTE
    dc.s                                     0x00000000   Number         0  dc.o ABSOLUTE
    startup_at32f435_437.s                   0x00000000   Number         0  startup_at32f435_437.o ABSOLUTE
    RESET                                    0x08000000   Section      524  startup_at32f435_437.o(RESET)
    !!!main                                  0x0800020c   Section        8  __main.o(!!!main)
    !!!scatter                               0x08000214   Section       52  __scatter.o(!!!scatter)
    !!handler_copy                           0x08000248   Section       26  __scatter_copy.o(!!handler_copy)
    !!handler_zi                             0x08000264   Section       28  __scatter_zi.o(!!handler_zi)
    .ARM.Collect$$libinit$$00000000          0x08000280   Section        2  libinit.o(.ARM.Collect$$libinit$$00000000)
    .ARM.Collect$$libinit$$00000001          0x08000282   Section        4  libinit2.o(.ARM.Collect$$libinit$$00000001)
    .ARM.Collect$$libinit$$00000004          0x08000286   Section        0  libinit2.o(.ARM.Collect$$libinit$$00000004)
    .ARM.Collect$$libinit$$0000000A          0x08000286   Section        0  libinit2.o(.ARM.Collect$$libinit$$0000000A)
    .ARM.Collect$$libinit$$0000000C          0x08000286   Section        0  libinit2.o(.ARM.Collect$$libinit$$0000000C)
    .ARM.Collect$$libinit$$0000000E          0x08000286   Section        0  libinit2.o(.ARM.Collect$$libinit$$0000000E)
    .ARM.Collect$$libinit$$00000011          0x08000286   Section        0  libinit2.o(.ARM.Collect$$libinit$$00000011)
    .ARM.Collect$$libinit$$00000013          0x08000286   Section        0  libinit2.o(.ARM.Collect$$libinit$$00000013)
    .ARM.Collect$$libinit$$00000015          0x08000286   Section        0  libinit2.o(.ARM.Collect$$libinit$$00000015)
    .ARM.Collect$$libinit$$00000017          0x08000286   Section        0  libinit2.o(.ARM.Collect$$libinit$$00000017)
    .ARM.Collect$$libinit$$00000019          0x08000286   Section        0  libinit2.o(.ARM.Collect$$libinit$$00000019)
    .ARM.Collect$$libinit$$0000001B          0x08000286   Section        0  libinit2.o(.ARM.Collect$$libinit$$0000001B)
    .ARM.Collect$$libinit$$0000001D          0x08000286   Section        0  libinit2.o(.ARM.Collect$$libinit$$0000001D)
    .ARM.Collect$$libinit$$0000001F          0x08000286   Section        0  libinit2.o(.ARM.Collect$$libinit$$0000001F)
    .ARM.Collect$$libinit$$00000021          0x08000286   Section        0  libinit2.o(.ARM.Collect$$libinit$$00000021)
    .ARM.Collect$$libinit$$00000023          0x08000286   Section        0  libinit2.o(.ARM.Collect$$libinit$$00000023)
    .ARM.Collect$$libinit$$00000025          0x08000286   Section        0  libinit2.o(.ARM.Collect$$libinit$$00000025)
    .ARM.Collect$$libinit$$0000002C          0x08000286   Section        0  libinit2.o(.ARM.Collect$$libinit$$0000002C)
    .ARM.Collect$$libinit$$0000002E          0x08000286   Section        0  libinit2.o(.ARM.Collect$$libinit$$0000002E)
    .ARM.Collect$$libinit$$00000030          0x08000286   Section        0  libinit2.o(.ARM.Collect$$libinit$$00000030)
    .ARM.Collect$$libinit$$00000032          0x08000286   Section        0  libinit2.o(.ARM.Collect$$libinit$$00000032)
    .ARM.Collect$$libinit$$00000033          0x08000286   Section        2  libinit2.o(.ARM.Collect$$libinit$$00000033)
    .ARM.Collect$$libshutdown$$00000000      0x08000288   Section        2  libshutdown.o(.ARM.Collect$$libshutdown$$00000000)
    .ARM.Collect$$libshutdown$$00000002      0x0800028a   Section        0  libshutdown2.o(.ARM.Collect$$libshutdown$$00000002)
    .ARM.Collect$$libshutdown$$00000004      0x0800028a   Section        0  libshutdown2.o(.ARM.Collect$$libshutdown$$00000004)
    .ARM.Collect$$libshutdown$$00000007      0x0800028a   Section        0  libshutdown2.o(.ARM.Collect$$libshutdown$$00000007)
    .ARM.Collect$$libshutdown$$0000000A      0x0800028a   Section        0  libshutdown2.o(.ARM.Collect$$libshutdown$$0000000A)
    .ARM.Collect$$libshutdown$$0000000C      0x0800028a   Section        0  libshutdown2.o(.ARM.Collect$$libshutdown$$0000000C)
    .ARM.Collect$$libshutdown$$0000000F      0x0800028a   Section        0  libshutdown2.o(.ARM.Collect$$libshutdown$$0000000F)
    .ARM.Collect$$libshutdown$$00000010      0x0800028a   Section        2  libshutdown2.o(.ARM.Collect$$libshutdown$$00000010)
    .ARM.Collect$$rtentry$$00000000          0x0800028c   Section        0  __rtentry.o(.ARM.Collect$$rtentry$$00000000)
    .ARM.Collect$$rtentry$$00000002          0x0800028c   Section        0  __rtentry2.o(.ARM.Collect$$rtentry$$00000002)
    .ARM.Collect$$rtentry$$00000004          0x0800028c   Section        6  __rtentry4.o(.ARM.Collect$$rtentry$$00000004)
    .ARM.Collect$$rtentry$$00000009          0x08000292   Section        0  __rtentry2.o(.ARM.Collect$$rtentry$$00000009)
    .ARM.Collect$$rtentry$$0000000A          0x08000292   Section        4  __rtentry2.o(.ARM.Collect$$rtentry$$0000000A)
    .ARM.Collect$$rtentry$$0000000C          0x08000296   Section        0  __rtentry2.o(.ARM.Collect$$rtentry$$0000000C)
    .ARM.Collect$$rtentry$$0000000D          0x08000296   Section        8  __rtentry2.o(.ARM.Collect$$rtentry$$0000000D)
    .ARM.Collect$$rtexit$$00000000           0x0800029e   Section        2  rtexit.o(.ARM.Collect$$rtexit$$00000000)
    .ARM.Collect$$rtexit$$00000002           0x080002a0   Section        0  rtexit2.o(.ARM.Collect$$rtexit$$00000002)
    .ARM.Collect$$rtexit$$00000003           0x080002a0   Section        4  rtexit2.o(.ARM.Collect$$rtexit$$00000003)
    .ARM.Collect$$rtexit$$00000004           0x080002a4   Section        6  rtexit2.o(.ARM.Collect$$rtexit$$00000004)
    .text                                    0x080002ac   Section       64  startup_at32f435_437.o(.text)
    $v0                                      0x080002ac   Number         0  startup_at32f435_437.o(.text)
    .text                                    0x080002ec   Section      308  context_rvds.o(.text)
    $v0                                      0x080002ec   Number         0  context_rvds.o(.text)
    .text                                    0x08000420   Section      238  lludivv7m.o(.text)
    .text                                    0x0800050e   Section        0  heapauxi.o(.text)
    .text                                    0x08000514   Section       74  sys_stackheap_outer.o(.text)
    .text                                    0x0800055e   Section        0  exit.o(.text)
    .text                                    0x08000570   Section        8  libspace.o(.text)
    .text                                    0x08000578   Section        0  sys_exit.o(.text)
    .text                                    0x08000584   Section        2  use_no_semi.o(.text)
    .text                                    0x08000586   Section        0  indicate_semi.o(.text)
    i.$Sub$$main                             0x08000586   Section        0  components.o(i.$Sub$$main)
    i.BusFault_Handler                       0x08000594   Section        0  at32f435_437_int.o(i.BusFault_Handler)
    i.DebugMon_Handler                       0x08000598   Section        0  at32f435_437_int.o(i.DebugMon_Handler)
    i.MemManage_Handler                      0x0800059a   Section        0  at32f435_437_int.o(i.MemManage_Handler)
    i.NMI_Handler                            0x0800059e   Section        0  at32f435_437_int.o(i.NMI_Handler)
    i.NVIC_EncodePriority                    0x080005a0   Section        0  at32f435_437_wk_config.o(i.NVIC_EncodePriority)
    NVIC_EncodePriority                      0x080005a1   Thumb Code    64  at32f435_437_wk_config.o(i.NVIC_EncodePriority)
    i.SVC_Handler                            0x080005e0   Section        0  at32f435_437_int.o(i.SVC_Handler)
    i.SysTick_Handler                        0x080005e2   Section        0  board.o(i.SysTick_Handler)
    i.SystemCoreClockUpdate                  0x080005f2   Section        0  main.o(i.SystemCoreClockUpdate)
    i.SystemInit                             0x080005f4   Section        0  system_at32f435_437.o(i.SystemInit)
    i.UsageFault_Handler                     0x08000684   Section        0  at32f435_437_int.o(i.UsageFault_Handler)
    i._SysTick_Config                        0x08000688   Section        0  board.o(i._SysTick_Config)
    _SysTick_Config                          0x08000689   Thumb Code    44  board.o(i._SysTick_Config)
    i.__NVIC_GetPriorityGrouping             0x080006b8   Section        0  at32f435_437_wk_config.o(i.__NVIC_GetPriorityGrouping)
    __NVIC_GetPriorityGrouping               0x080006b9   Thumb Code    10  at32f435_437_wk_config.o(i.__NVIC_GetPriorityGrouping)
    i.__NVIC_SetPriority                     0x080006c8   Section        0  at32f435_437_wk_config.o(i.__NVIC_SetPriority)
    __NVIC_SetPriority                       0x080006c9   Thumb Code    32  at32f435_437_wk_config.o(i.__NVIC_SetPriority)
    i.__rt_ffs                               0x080006f0   Section        0  kservice.o(i.__rt_ffs)
    i._has_defunct_thread                    0x0800073c   Section        0  idle.o(i._has_defunct_thread)
    _has_defunct_thread                      0x0800073d   Thumb Code    16  idle.o(i._has_defunct_thread)
    i._rt_thread_init                        0x08000750   Section        0  thread.o(i._rt_thread_init)
    _rt_thread_init                          0x08000751   Thumb Code   124  thread.o(i._rt_thread_init)
    i._rt_timer_init                         0x080007d4   Section        0  timer.o(i._rt_timer_init)
    _rt_timer_init                           0x080007d5   Thumb Code    66  timer.o(i._rt_timer_init)
    i._rt_timer_remove                       0x08000816   Section        0  timer.o(i._rt_timer_remove)
    _rt_timer_remove                         0x08000817   Thumb Code    46  timer.o(i._rt_timer_remove)
    i.crm_ahb_div_set                        0x08000844   Section        0  at32f435_437_crm.o(i.crm_ahb_div_set)
    i.crm_apb1_div_set                       0x08000858   Section        0  at32f435_437_crm.o(i.crm_apb1_div_set)
    i.crm_apb2_div_set                       0x0800086c   Section        0  at32f435_437_crm.o(i.crm_apb2_div_set)
    i.crm_auto_step_mode_enable              0x08000880   Section        0  at32f435_437_crm.o(i.crm_auto_step_mode_enable)
    i.crm_clock_source_enable                0x080008a8   Section        0  at32f435_437_crm.o(i.crm_clock_source_enable)
    i.crm_clocks_freq_get                    0x08000910   Section        0  at32f435_437_crm.o(i.crm_clocks_freq_get)
    i.crm_flag_get                           0x08000a20   Section        0  at32f435_437_crm.o(i.crm_flag_get)
    i.crm_hext_stable_wait                   0x08000a50   Section        0  at32f435_437_crm.o(i.crm_hext_stable_wait)
    i.crm_periph_clock_enable                0x08000a80   Section        0  at32f435_437_crm.o(i.crm_periph_clock_enable)
    i.crm_pll_config                         0x08000acc   Section        0  at32f435_437_crm.o(i.crm_pll_config)
    i.crm_reset                              0x08000b14   Section        0  at32f435_437_crm.o(i.crm_reset)
    i.crm_sysclk_switch                      0x08000b8c   Section        0  at32f435_437_crm.o(i.crm_sysclk_switch)
    i.crm_sysclk_switch_status_get           0x08000bc8   Section        0  at32f435_437_crm.o(i.crm_sysclk_switch_status_get)
    i.main                                   0x08000bd8   Section        0  main.o(i.main)
    i.main_thread_entry                      0x08000bf4   Section        0  components.o(i.main_thread_entry)
    i.nvic_priority_group_config             0x08000c04   Section        0  at32f435_437_misc.o(i.nvic_priority_group_config)
    i.plug_holes                             0x08000c2c   Section        0  mem.o(i.plug_holes)
    plug_holes                               0x08000c2d   Thumb Code   108  mem.o(i.plug_holes)
    i.print_number                           0x08000ca4   Section        0  kservice.o(i.print_number)
    print_number                             0x08000ca5   Thumb Code   400  kservice.o(i.print_number)
    i.rt_application_init                    0x08000e3c   Section        0  components.o(i.rt_application_init)
    i.rt_components_board_init               0x08000e6c   Section        0  components.o(i.rt_components_board_init)
    i.rt_components_init                     0x08000e88   Section        0  components.o(i.rt_components_init)
    i.rt_enter_critical                      0x08000ea4   Section        0  scheduler.o(i.rt_enter_critical)
    i.rt_exit_critical                       0x08000ec4   Section        0  scheduler.o(i.rt_exit_critical)
    i.rt_free                                0x08000f00   Section        0  mem.o(i.rt_free)
    i.rt_heap_begin_get                      0x08000fe0   Section        0  board.o(i.rt_heap_begin_get)
    i.rt_heap_end_get                        0x08000fe8   Section        0  board.o(i.rt_heap_end_get)
    i.rt_hw_board_init                       0x08000ff0   Section        0  board.o(i.rt_hw_board_init)
    i.rt_hw_console_output                   0x08001024   Section        0  kservice.o(i.rt_hw_console_output)
    i.rt_hw_hard_fault_exception             0x08001028   Section        0  cpuport.o(i.rt_hw_hard_fault_exception)
    i.rt_hw_stack_init                       0x0800124c   Section        0  cpuport.o(i.rt_hw_stack_init)
    i.rt_interrupt_enter                     0x0800129c   Section        0  irq.o(i.rt_interrupt_enter)
    i.rt_interrupt_leave                     0x080012bc   Section        0  irq.o(i.rt_interrupt_leave)
    i.rt_ipc_list_suspend                    0x080012dc   Section        0  ipc.o(i.rt_ipc_list_suspend)
    rt_ipc_list_suspend                      0x080012dd   Thumb Code   108  ipc.o(i.rt_ipc_list_suspend)
    i.rt_ipc_object_init                     0x08001348   Section        0  ipc.o(i.rt_ipc_object_init)
    rt_ipc_object_init                       0x08001349   Thumb Code    16  ipc.o(i.rt_ipc_object_init)
    i.rt_kprintf                             0x08001358   Section        0  kservice.o(i.rt_kprintf)
    i.rt_list_init                           0x08001388   Section        0  scheduler.o(i.rt_list_init)
    rt_list_init                             0x08001389   Thumb Code     6  scheduler.o(i.rt_list_init)
    i.rt_list_init                           0x0800138e   Section        0  timer.o(i.rt_list_init)
    rt_list_init                             0x0800138f   Thumb Code     6  timer.o(i.rt_list_init)
    i.rt_list_insert_after                   0x08001394   Section        0  object.o(i.rt_list_insert_after)
    rt_list_insert_after                     0x08001395   Thumb Code    14  object.o(i.rt_list_insert_after)
    i.rt_list_insert_after                   0x080013a2   Section        0  thread.o(i.rt_list_insert_after)
    rt_list_insert_after                     0x080013a3   Thumb Code    14  thread.o(i.rt_list_insert_after)
    i.rt_list_insert_after                   0x080013b0   Section        0  timer.o(i.rt_list_insert_after)
    rt_list_insert_after                     0x080013b1   Thumb Code    14  timer.o(i.rt_list_insert_after)
    i.rt_list_insert_before                  0x080013be   Section        0  ipc.o(i.rt_list_insert_before)
    rt_list_insert_before                    0x080013bf   Thumb Code    14  ipc.o(i.rt_list_insert_before)
    i.rt_list_isempty                        0x080013cc   Section        0  ipc.o(i.rt_list_isempty)
    rt_list_isempty                          0x080013cd   Thumb Code    16  ipc.o(i.rt_list_isempty)
    i.rt_list_isempty                        0x080013dc   Section        0  timer.o(i.rt_list_isempty)
    rt_list_isempty                          0x080013dd   Thumb Code    16  timer.o(i.rt_list_isempty)
    i.rt_list_remove                         0x080013ec   Section        0  object.o(i.rt_list_remove)
    rt_list_remove                           0x080013ed   Thumb Code    18  object.o(i.rt_list_remove)
    i.rt_list_remove                         0x080013fe   Section        0  thread.o(i.rt_list_remove)
    rt_list_remove                           0x080013ff   Thumb Code    18  thread.o(i.rt_list_remove)
    i.rt_malloc                              0x08001410   Section        0  mem.o(i.rt_malloc)
    i.rt_memset                              0x0800157c   Section        0  kservice.o(i.rt_memset)
    i.rt_object_allocate                     0x080015c4   Section        0  object.o(i.rt_object_allocate)
    i.rt_object_delete                       0x08001618   Section        0  object.o(i.rt_object_delete)
    i.rt_object_detach                       0x0800163c   Section        0  object.o(i.rt_object_detach)
    i.rt_object_get_information              0x0800165c   Section        0  object.o(i.rt_object_get_information)
    i.rt_object_init                         0x08001684   Section        0  object.o(i.rt_object_init)
    i.rt_object_is_systemobject              0x080016c0   Section        0  object.o(i.rt_object_is_systemobject)
    i.rt_schedule                            0x080016d4   Section        0  scheduler.o(i.rt_schedule)
    i.rt_schedule_insert_thread              0x08001764   Section        0  scheduler.o(i.rt_schedule_insert_thread)
    i.rt_schedule_remove_thread              0x080017b4   Section        0  scheduler.o(i.rt_schedule_remove_thread)
    i.rt_sem_init                            0x08001808   Section        0  ipc.o(i.rt_sem_init)
    i.rt_sem_release                         0x0800182e   Section        0  ipc.o(i.rt_sem_release)
    i.rt_sem_take                            0x08001874   Section        0  ipc.o(i.rt_sem_take)
    i.rt_show_version                        0x080018e8   Section        0  kservice.o(i.rt_show_version)
    i.rt_strlen                              0x08001998   Section        0  kservice.o(i.rt_strlen)
    i.rt_strncpy                             0x080019aa   Section        0  kservice.o(i.rt_strncpy)
    i.rt_system_heap_init                    0x080019e0   Section        0  mem.o(i.rt_system_heap_init)
    i.rt_system_scheduler_init               0x08001ad8   Section        0  scheduler.o(i.rt_system_scheduler_init)
    i.rt_system_scheduler_start              0x08001b24   Section        0  scheduler.o(i.rt_system_scheduler_start)
    i.rt_system_timer_init                   0x08001b54   Section        0  timer.o(i.rt_system_timer_init)
    i.rt_system_timer_thread_init            0x08001b70   Section        0  timer.o(i.rt_system_timer_thread_init)
    i.rt_thread_create                       0x08001b72   Section        0  thread.o(i.rt_thread_create)
    i.rt_thread_delay                        0x08001bc2   Section        0  thread.o(i.rt_thread_delay)
    i.rt_thread_exit                         0x08001bd0   Section        0  thread.o(i.rt_thread_exit)
    i.rt_thread_idle_entry                   0x08001c24   Section        0  idle.o(i.rt_thread_idle_entry)
    rt_thread_idle_entry                     0x08001c25   Thumb Code     8  idle.o(i.rt_thread_idle_entry)
    i.rt_thread_idle_excute                  0x08001c2c   Section        0  idle.o(i.rt_thread_idle_excute)
    i.rt_thread_idle_init                    0x08001cb0   Section        0  idle.o(i.rt_thread_idle_init)
    i.rt_thread_init                         0x08001cec   Section        0  thread.o(i.rt_thread_init)
    i.rt_thread_resume                       0x08001d20   Section        0  thread.o(i.rt_thread_resume)
    i.rt_thread_self                         0x08001d5c   Section        0  thread.o(i.rt_thread_self)
    i.rt_thread_sleep                        0x08001d68   Section        0  thread.o(i.rt_thread_sleep)
    i.rt_thread_startup                      0x08001dac   Section        0  thread.o(i.rt_thread_startup)
    i.rt_thread_suspend                      0x08001dd8   Section        0  thread.o(i.rt_thread_suspend)
    i.rt_thread_timeout                      0x08001e1c   Section        0  thread.o(i.rt_thread_timeout)
    i.rt_thread_yield                        0x08001e3c   Section        0  thread.o(i.rt_thread_yield)
    i.rt_tick_get                            0x08001ea0   Section        0  clock.o(i.rt_tick_get)
    i.rt_tick_increase                       0x08001eac   Section        0  clock.o(i.rt_tick_increase)
    i.rt_timer_check                         0x08001edc   Section        0  timer.o(i.rt_timer_check)
    i.rt_timer_control                       0x08001f58   Section        0  timer.o(i.rt_timer_control)
    i.rt_timer_detach                        0x08001f90   Section        0  timer.o(i.rt_timer_detach)
    i.rt_timer_init                          0x08001fb0   Section        0  timer.o(i.rt_timer_init)
    i.rt_timer_start                         0x08001fe0   Section        0  timer.o(i.rt_timer_start)
    i.rt_timer_stop                          0x080020d8   Section        0  timer.o(i.rt_timer_stop)
    i.rt_vsnprintf                           0x08002108   Section        0  kservice.o(i.rt_vsnprintf)
    i.rti_board_end                          0x08002430   Section        0  components.o(i.rti_board_end)
    rti_board_end                            0x08002431   Thumb Code     4  components.o(i.rti_board_end)
    i.rti_board_start                        0x08002434   Section        0  components.o(i.rti_board_start)
    rti_board_start                          0x08002435   Thumb Code     4  components.o(i.rti_board_start)
    i.rti_end                                0x08002438   Section        0  components.o(i.rti_end)
    rti_end                                  0x08002439   Thumb Code     4  components.o(i.rti_end)
    i.rti_start                              0x0800243c   Section        0  components.o(i.rti_start)
    rti_start                                0x0800243d   Thumb Code     4  components.o(i.rti_start)
    i.rtthread_startup                       0x08002440   Section        0  components.o(i.rtthread_startup)
    i.skip_atoi                              0x0800246a   Section        0  kservice.o(i.skip_atoi)
    skip_atoi                                0x0800246b   Thumb Code    38  kservice.o(i.skip_atoi)
    i.system_core_clock_update               0x08002490   Section        0  system_at32f435_437.o(i.system_core_clock_update)
    i.systick_clock_source_config            0x08002580   Section        0  at32f435_437_misc.o(i.systick_clock_source_config)
    i.systick_interrupt_config               0x080025a8   Section        0  wk_system.o(i.systick_interrupt_config)
    i.thread_1_f                             0x080025ec   Section        0  main.o(i.thread_1_f)
    thread_1_f                               0x080025ed   Thumb Code    20  main.o(i.thread_1_f)
    i.thread_2_f                             0x08002604   Section        0  main.o(i.thread_2_f)
    thread_2_f                               0x08002605   Thumb Code    20  main.o(i.thread_2_f)
    i.thread_init                            0x0800261c   Section        0  main.o(i.thread_init)
    i.wk_nvic_config                         0x0800269c   Section        0  at32f435_437_wk_config.o(i.wk_nvic_config)
    i.wk_periph_clock_config                 0x0800275c   Section        0  at32f435_437_wk_config.o(i.wk_periph_clock_config)
    i.wk_system_clock_config                 0x08002780   Section        0  at32f435_437_wk_config.o(i.wk_system_clock_config)
    x$fpl$fpinit                             0x08002848   Section       10  fpinit.o(x$fpl$fpinit)
    $v0                                      0x08002848   Number         0  fpinit.o(x$fpl$fpinit)
    .constdata                               0x08002852   Section       38  at32f435_437_crm.o(.constdata)
    sclk_ahb_div_table                       0x08002852   Data          16  at32f435_437_crm.o(.constdata)
    ahb_apb1_div_table                       0x08002862   Data           8  at32f435_437_crm.o(.constdata)
    ahb_apb2_div_table                       0x0800286a   Data           8  at32f435_437_crm.o(.constdata)
    pll_fr_table                             0x08002872   Data           6  at32f435_437_crm.o(.constdata)
    .constdata                               0x08002878   Section       22  system_at32f435_437.o(.constdata)
    sys_ahb_div_table                        0x08002878   Data          16  system_at32f435_437.o(.constdata)
    pll_fr_table                             0x08002888   Data           6  system_at32f435_437.o(.constdata)
    .constdata                               0x0800288e   Section      290  kservice.o(.constdata)
    small_digits                             0x0800298e   Data          17  kservice.o(.constdata)
    large_digits                             0x0800299f   Data          17  kservice.o(.constdata)
    .rti_fn.0                                0x080029b0   Section        4  components.o(.rti_fn.0)
    __tagsym$$used                           0x080029b0   Number         0  components.o(.rti_fn.0)
    .rti_fn.0.end                            0x080029b4   Section        4  components.o(.rti_fn.0.end)
    __tagsym$$used                           0x080029b4   Number         0  components.o(.rti_fn.0.end)
    .rti_fn.1.end                            0x080029b8   Section        4  components.o(.rti_fn.1.end)
    __tagsym$$used                           0x080029b8   Number         0  components.o(.rti_fn.1.end)
    .rti_fn.6.end                            0x080029bc   Section        4  components.o(.rti_fn.6.end)
    __tagsym$$used                           0x080029bc   Number         0  components.o(.rti_fn.6.end)
    .data                                    0x20000000   Section        8  main.o(.data)
    .data                                    0x20000008   Section        4  system_at32f435_437.o(.data)
    .data                                    0x2000000c   Section       16  cpuport.o(.data)
    rt_exception_hook                        0x20000018   Data           4  cpuport.o(.data)
    .data                                    0x2000001c   Section        4  clock.o(.data)
    rt_tick                                  0x2000001c   Data           4  clock.o(.data)
    .data                                    0x20000020   Section        1  irq.o(.data)
    .data                                    0x20000024   Section       24  mem.o(.data)
    heap_ptr                                 0x20000024   Data           4  mem.o(.data)
    heap_end                                 0x20000028   Data           4  mem.o(.data)
    lfree                                    0x2000002c   Data           4  mem.o(.data)
    mem_size_aligned                         0x20000030   Data           4  mem.o(.data)
    used_mem                                 0x20000034   Data           4  mem.o(.data)
    max_mem                                  0x20000038   Data           4  mem.o(.data)
    .data                                    0x2000003c   Section       64  object.o(.data)
    rt_object_container                      0x2000003c   Data          64  object.o(.data)
    .data                                    0x2000007c   Section       24  scheduler.o(.data)
    rt_scheduler_lock_nest                   0x2000007c   Data           2  scheduler.o(.data)
    .data                                    0x20000094   Section       12  timer.o(.data)
    rt_timer_list                            0x20000094   Data           8  timer.o(.data)
    random_nr                                0x2000009c   Data           4  timer.o(.data)
    .bss                                     0x200000a0   Section     4352  main.o(.bss)
    thread_1                                 0x200000a0   Data         128  main.o(.bss)
    thread_2                                 0x20000920   Data         128  main.o(.bss)
    .bss                                     0x200011a0   Section      384  idle.o(.bss)
    idle                                     0x200011a0   Data         128  idle.o(.bss)
    rt_thread_stack                          0x20001220   Data         256  idle.o(.bss)
    .bss                                     0x20001320   Section      128  kservice.o(.bss)
    rt_log_buf                               0x20001320   Data         128  kservice.o(.bss)
    .bss                                     0x200013a0   Section       32  mem.o(.bss)
    heap_sem                                 0x200013a0   Data          32  mem.o(.bss)
    .bss                                     0x200013c0   Section      256  scheduler.o(.bss)
    .bss                                     0x200014c0   Section     6144  board.o(.bss)
    rt_heap                                  0x200014c0   Data        6144  board.o(.bss)
    .bss                                     0x20002cc0   Section       96  libspace.o(.bss)
    HEAP                                     0x20002d20   Section      512  startup_at32f435_437.o(HEAP)
    Heap_Mem                                 0x20002d20   Data         512  startup_at32f435_437.o(HEAP)
    STACK                                    0x20002f20   Section     1024  startup_at32f435_437.o(STACK)
    Stack_Mem                                0x20002f20   Data        1024  startup_at32f435_437.o(STACK)
    __initial_sp                             0x20003320   Data           0  startup_at32f435_437.o(STACK)

    Global Symbols

    Symbol Name                              Value     Ov Type        Size  Object(Section)

    BuildAttributes$$THM_ISAv4$E$P$D$K$B$S$7EM$VFPi3$EXTD16$VFPS$VFMA$PE$A:L22UL41UL21$X:L11$S22US41US21$IEEE1$IW$USESV6$~STKCKD$USESV7$~SHL$OSPACE$ROPI$EBA8$UX$STANDARDLIB$REQ8$PRES8$EABIv2 0x00000000   Number         0  anon$$obj.o ABSOLUTE
    __ARM_use_no_argv                        0x00000000   Number         0  main.o ABSOLUTE
    __ARM_exceptions_init                     - Undefined Weak Reference
    __alloca_initialize                       - Undefined Weak Reference
    __arm_preinit_                            - Undefined Weak Reference
    __cpp_initialize__aeabi_                  - Undefined Weak Reference
    __cxa_finalize                            - Undefined Weak Reference
    __rt_locale                               - Undefined Weak Reference
    __sigvec_lookup                           - Undefined Weak Reference
    _atexit_init                              - Undefined Weak Reference
    _call_atexit_fns                          - Undefined Weak Reference
    _clock_init                               - Undefined Weak Reference
    _fp_trap_init                             - Undefined Weak Reference
    _fp_trap_shutdown                         - Undefined Weak Reference
    _get_lc_collate                           - Undefined Weak Reference
    _get_lc_ctype                             - Undefined Weak Reference
    _get_lc_monetary                          - Undefined Weak Reference
    _get_lc_numeric                           - Undefined Weak Reference
    _get_lc_time                              - Undefined Weak Reference
    _getenv_init                              - Undefined Weak Reference
    _handle_redirection                       - Undefined Weak Reference
    _init_alloc                               - Undefined Weak Reference
    _init_user_alloc                          - Undefined Weak Reference
    _initio                                   - Undefined Weak Reference
    _rand_init                                - Undefined Weak Reference
    _signal_finish                            - Undefined Weak Reference
    _signal_init                              - Undefined Weak Reference
    _terminate_alloc                          - Undefined Weak Reference
    _terminate_user_alloc                     - Undefined Weak Reference
    _terminateio                              - Undefined Weak Reference
    __Vectors_Size                           0x0000020c   Number         0  startup_at32f435_437.o ABSOLUTE
    __Vectors                                0x08000000   Data           4  startup_at32f435_437.o(RESET)
    __Vectors_End                            0x0800020c   Data           0  startup_at32f435_437.o(RESET)
    __main                                   0x0800020d   Thumb Code     8  __main.o(!!!main)
    __scatterload                            0x08000215   Thumb Code     0  __scatter.o(!!!scatter)
    __scatterload_rt2                        0x08000215   Thumb Code    44  __scatter.o(!!!scatter)
    __scatterload_rt2_thumb_only             0x08000215   Thumb Code     0  __scatter.o(!!!scatter)
    __scatterload_null                       0x08000223   Thumb Code     0  __scatter.o(!!!scatter)
    __scatterload_copy                       0x08000249   Thumb Code    26  __scatter_copy.o(!!handler_copy)
    __scatterload_zeroinit                   0x08000265   Thumb Code    28  __scatter_zi.o(!!handler_zi)
    __rt_lib_init                            0x08000281   Thumb Code     0  libinit.o(.ARM.Collect$$libinit$$00000000)
    __rt_lib_init_fp_1                       0x08000283   Thumb Code     0  libinit2.o(.ARM.Collect$$libinit$$00000001)
    __rt_lib_init_alloca_1                   0x08000287   Thumb Code     0  libinit2.o(.ARM.Collect$$libinit$$0000002E)
    __rt_lib_init_argv_1                     0x08000287   Thumb Code     0  libinit2.o(.ARM.Collect$$libinit$$0000002C)
    __rt_lib_init_atexit_1                   0x08000287   Thumb Code     0  libinit2.o(.ARM.Collect$$libinit$$0000001B)
    __rt_lib_init_clock_1                    0x08000287   Thumb Code     0  libinit2.o(.ARM.Collect$$libinit$$00000021)
    __rt_lib_init_cpp_1                      0x08000287   Thumb Code     0  libinit2.o(.ARM.Collect$$libinit$$00000032)
    __rt_lib_init_exceptions_1               0x08000287   Thumb Code     0  libinit2.o(.ARM.Collect$$libinit$$00000030)
    __rt_lib_init_fp_trap_1                  0x08000287   Thumb Code     0  libinit2.o(.ARM.Collect$$libinit$$0000001F)
    __rt_lib_init_getenv_1                   0x08000287   Thumb Code     0  libinit2.o(.ARM.Collect$$libinit$$00000023)
    __rt_lib_init_heap_1                     0x08000287   Thumb Code     0  libinit2.o(.ARM.Collect$$libinit$$0000000A)
    __rt_lib_init_lc_collate_1               0x08000287   Thumb Code     0  libinit2.o(.ARM.Collect$$libinit$$00000011)
    __rt_lib_init_lc_ctype_1                 0x08000287   Thumb Code     0  libinit2.o(.ARM.Collect$$libinit$$00000013)
    __rt_lib_init_lc_monetary_1              0x08000287   Thumb Code     0  libinit2.o(.ARM.Collect$$libinit$$00000015)
    __rt_lib_init_lc_numeric_1               0x08000287   Thumb Code     0  libinit2.o(.ARM.Collect$$libinit$$00000017)
    __rt_lib_init_lc_time_1                  0x08000287   Thumb Code     0  libinit2.o(.ARM.Collect$$libinit$$00000019)
    __rt_lib_init_preinit_1                  0x08000287   Thumb Code     0  libinit2.o(.ARM.Collect$$libinit$$00000004)
    __rt_lib_init_rand_1                     0x08000287   Thumb Code     0  libinit2.o(.ARM.Collect$$libinit$$0000000E)
    __rt_lib_init_return                     0x08000287   Thumb Code     0  libinit2.o(.ARM.Collect$$libinit$$00000033)
    __rt_lib_init_signal_1                   0x08000287   Thumb Code     0  libinit2.o(.ARM.Collect$$libinit$$0000001D)
    __rt_lib_init_stdio_1                    0x08000287   Thumb Code     0  libinit2.o(.ARM.Collect$$libinit$$00000025)
    __rt_lib_init_user_alloc_1               0x08000287   Thumb Code     0  libinit2.o(.ARM.Collect$$libinit$$0000000C)
    __rt_lib_shutdown                        0x08000289   Thumb Code     0  libshutdown.o(.ARM.Collect$$libshutdown$$00000000)
    __rt_lib_shutdown_cpp_1                  0x0800028b   Thumb Code     0  libshutdown2.o(.ARM.Collect$$libshutdown$$00000002)
    __rt_lib_shutdown_fp_trap_1              0x0800028b   Thumb Code     0  libshutdown2.o(.ARM.Collect$$libshutdown$$00000007)
    __rt_lib_shutdown_heap_1                 0x0800028b   Thumb Code     0  libshutdown2.o(.ARM.Collect$$libshutdown$$0000000F)
    __rt_lib_shutdown_return                 0x0800028b   Thumb Code     0  libshutdown2.o(.ARM.Collect$$libshutdown$$00000010)
    __rt_lib_shutdown_signal_1               0x0800028b   Thumb Code     0  libshutdown2.o(.ARM.Collect$$libshutdown$$0000000A)
    __rt_lib_shutdown_stdio_1                0x0800028b   Thumb Code     0  libshutdown2.o(.ARM.Collect$$libshutdown$$00000004)
    __rt_lib_shutdown_user_alloc_1           0x0800028b   Thumb Code     0  libshutdown2.o(.ARM.Collect$$libshutdown$$0000000C)
    __rt_entry                               0x0800028d   Thumb Code     0  __rtentry.o(.ARM.Collect$$rtentry$$00000000)
    __rt_entry_presh_1                       0x0800028d   Thumb Code     0  __rtentry2.o(.ARM.Collect$$rtentry$$00000002)
    __rt_entry_sh                            0x0800028d   Thumb Code     0  __rtentry4.o(.ARM.Collect$$rtentry$$00000004)
    __rt_entry_li                            0x08000293   Thumb Code     0  __rtentry2.o(.ARM.Collect$$rtentry$$0000000A)
    __rt_entry_postsh_1                      0x08000293   Thumb Code     0  __rtentry2.o(.ARM.Collect$$rtentry$$00000009)
    __rt_entry_main                          0x08000297   Thumb Code     0  __rtentry2.o(.ARM.Collect$$rtentry$$0000000D)
    __rt_entry_postli_1                      0x08000297   Thumb Code     0  __rtentry2.o(.ARM.Collect$$rtentry$$0000000C)
    __rt_exit                                0x0800029f   Thumb Code     0  rtexit.o(.ARM.Collect$$rtexit$$00000000)
    __rt_exit_ls                             0x080002a1   Thumb Code     0  rtexit2.o(.ARM.Collect$$rtexit$$00000003)
    __rt_exit_prels_1                        0x080002a1   Thumb Code     0  rtexit2.o(.ARM.Collect$$rtexit$$00000002)
    __rt_exit_exit                           0x080002a5   Thumb Code     0  rtexit2.o(.ARM.Collect$$rtexit$$00000004)
    Reset_Handler                            0x080002ad   Thumb Code     8  startup_at32f435_437.o(.text)
    ACC_IRQHandler                           0x080002c7   Thumb Code     0  startup_at32f435_437.o(.text)
    ADC1_2_3_IRQHandler                      0x080002c7   Thumb Code     0  startup_at32f435_437.o(.text)
    CAN1_RX0_IRQHandler                      0x080002c7   Thumb Code     0  startup_at32f435_437.o(.text)
    CAN1_RX1_IRQHandler                      0x080002c7   Thumb Code     0  startup_at32f435_437.o(.text)
    CAN1_SE_IRQHandler                       0x080002c7   Thumb Code     0  startup_at32f435_437.o(.text)
    CAN1_TX_IRQHandler                       0x080002c7   Thumb Code     0  startup_at32f435_437.o(.text)
    CAN2_RX0_IRQHandler                      0x080002c7   Thumb Code     0  startup_at32f435_437.o(.text)
    CAN2_RX1_IRQHandler                      0x080002c7   Thumb Code     0  startup_at32f435_437.o(.text)
    CAN2_SE_IRQHandler                       0x080002c7   Thumb Code     0  startup_at32f435_437.o(.text)
    CAN2_TX_IRQHandler                       0x080002c7   Thumb Code     0  startup_at32f435_437.o(.text)
    CRM_IRQHandler                           0x080002c7   Thumb Code     0  startup_at32f435_437.o(.text)
    DMA1_Channel1_IRQHandler                 0x080002c7   Thumb Code     0  startup_at32f435_437.o(.text)
    DMA1_Channel2_IRQHandler                 0x080002c7   Thumb Code     0  startup_at32f435_437.o(.text)
    DMA1_Channel3_IRQHandler                 0x080002c7   Thumb Code     0  startup_at32f435_437.o(.text)
    DMA1_Channel4_IRQHandler                 0x080002c7   Thumb Code     0  startup_at32f435_437.o(.text)
    DMA1_Channel5_IRQHandler                 0x080002c7   Thumb Code     0  startup_at32f435_437.o(.text)
    DMA1_Channel6_IRQHandler                 0x080002c7   Thumb Code     0  startup_at32f435_437.o(.text)
    DMA1_Channel7_IRQHandler                 0x080002c7   Thumb Code     0  startup_at32f435_437.o(.text)
    DMA2_Channel1_IRQHandler                 0x080002c7   Thumb Code     0  startup_at32f435_437.o(.text)
    DMA2_Channel2_IRQHandler                 0x080002c7   Thumb Code     0  startup_at32f435_437.o(.text)
    DMA2_Channel3_IRQHandler                 0x080002c7   Thumb Code     0  startup_at32f435_437.o(.text)
    DMA2_Channel4_IRQHandler                 0x080002c7   Thumb Code     0  startup_at32f435_437.o(.text)
    DMA2_Channel5_IRQHandler                 0x080002c7   Thumb Code     0  startup_at32f435_437.o(.text)
    DMA2_Channel6_IRQHandler                 0x080002c7   Thumb Code     0  startup_at32f435_437.o(.text)
    DMA2_Channel7_IRQHandler                 0x080002c7   Thumb Code     0  startup_at32f435_437.o(.text)
    DMAMUX_IRQHandler                        0x080002c7   Thumb Code     0  startup_at32f435_437.o(.text)
    DVP_IRQHandler                           0x080002c7   Thumb Code     0  startup_at32f435_437.o(.text)
    EDMA_Stream1_IRQHandler                  0x080002c7   Thumb Code     0  startup_at32f435_437.o(.text)
    EDMA_Stream2_IRQHandler                  0x080002c7   Thumb Code     0  startup_at32f435_437.o(.text)
    EDMA_Stream3_IRQHandler                  0x080002c7   Thumb Code     0  startup_at32f435_437.o(.text)
    EDMA_Stream4_IRQHandler                  0x080002c7   Thumb Code     0  startup_at32f435_437.o(.text)
    EDMA_Stream5_IRQHandler                  0x080002c7   Thumb Code     0  startup_at32f435_437.o(.text)
    EDMA_Stream6_IRQHandler                  0x080002c7   Thumb Code     0  startup_at32f435_437.o(.text)
    EDMA_Stream7_IRQHandler                  0x080002c7   Thumb Code     0  startup_at32f435_437.o(.text)
    EDMA_Stream8_IRQHandler                  0x080002c7   Thumb Code     0  startup_at32f435_437.o(.text)
    EMAC_IRQHandler                          0x080002c7   Thumb Code     0  startup_at32f435_437.o(.text)
    EMAC_WKUP_IRQHandler                     0x080002c7   Thumb Code     0  startup_at32f435_437.o(.text)
    ERTCAlarm_IRQHandler                     0x080002c7   Thumb Code     0  startup_at32f435_437.o(.text)
    ERTC_WKUP_IRQHandler                     0x080002c7   Thumb Code     0  startup_at32f435_437.o(.text)
    EXINT0_IRQHandler                        0x080002c7   Thumb Code     0  startup_at32f435_437.o(.text)
    EXINT15_10_IRQHandler                    0x080002c7   Thumb Code     0  startup_at32f435_437.o(.text)
    EXINT1_IRQHandler                        0x080002c7   Thumb Code     0  startup_at32f435_437.o(.text)
    EXINT2_IRQHandler                        0x080002c7   Thumb Code     0  startup_at32f435_437.o(.text)
    EXINT3_IRQHandler                        0x080002c7   Thumb Code     0  startup_at32f435_437.o(.text)
    EXINT4_IRQHandler                        0x080002c7   Thumb Code     0  startup_at32f435_437.o(.text)
    EXINT9_5_IRQHandler                      0x080002c7   Thumb Code     0  startup_at32f435_437.o(.text)
    FLASH_IRQHandler                         0x080002c7   Thumb Code     0  startup_at32f435_437.o(.text)
    FPU_IRQHandler                           0x080002c7   Thumb Code     0  startup_at32f435_437.o(.text)
    I2C1_ERR_IRQHandler                      0x080002c7   Thumb Code     0  startup_at32f435_437.o(.text)
    I2C1_EVT_IRQHandler                      0x080002c7   Thumb Code     0  startup_at32f435_437.o(.text)
    I2C2_ERR_IRQHandler                      0x080002c7   Thumb Code     0  startup_at32f435_437.o(.text)
    I2C2_EVT_IRQHandler                      0x080002c7   Thumb Code     0  startup_at32f435_437.o(.text)
    I2C3_ERR_IRQHandler                      0x080002c7   Thumb Code     0  startup_at32f435_437.o(.text)
    I2C3_EVT_IRQHandler                      0x080002c7   Thumb Code     0  startup_at32f435_437.o(.text)
    OTGFS1_IRQHandler                        0x080002c7   Thumb Code     0  startup_at32f435_437.o(.text)
    OTGFS1_WKUP_IRQHandler                   0x080002c7   Thumb Code     0  startup_at32f435_437.o(.text)
    OTGFS2_IRQHandler                        0x080002c7   Thumb Code     0  startup_at32f435_437.o(.text)
    OTGFS2_WKUP_IRQHandler                   0x080002c7   Thumb Code     0  startup_at32f435_437.o(.text)
    PVM_IRQHandler                           0x080002c7   Thumb Code     0  startup_at32f435_437.o(.text)
    QSPI1_IRQHandler                         0x080002c7   Thumb Code     0  startup_at32f435_437.o(.text)
    QSPI2_IRQHandler                         0x080002c7   Thumb Code     0  startup_at32f435_437.o(.text)
    SDIO1_IRQHandler                         0x080002c7   Thumb Code     0  startup_at32f435_437.o(.text)
    SDIO2_IRQHandler                         0x080002c7   Thumb Code     0  startup_at32f435_437.o(.text)
    SPI1_IRQHandler                          0x080002c7   Thumb Code     0  startup_at32f435_437.o(.text)
    SPI2_I2S2EXT_IRQHandler                  0x080002c7   Thumb Code     0  startup_at32f435_437.o(.text)
    SPI3_I2S3EXT_IRQHandler                  0x080002c7   Thumb Code     0  startup_at32f435_437.o(.text)
    SPI4_IRQHandler                          0x080002c7   Thumb Code     0  startup_at32f435_437.o(.text)
    TAMP_STAMP_IRQHandler                    0x080002c7   Thumb Code     0  startup_at32f435_437.o(.text)
    TMR1_BRK_TMR9_IRQHandler                 0x080002c7   Thumb Code     0  startup_at32f435_437.o(.text)
    TMR1_CH_IRQHandler                       0x080002c7   Thumb Code     0  startup_at32f435_437.o(.text)
    TMR1_OVF_TMR10_IRQHandler                0x080002c7   Thumb Code     0  startup_at32f435_437.o(.text)
    TMR1_TRG_HALL_TMR11_IRQHandler           0x080002c7   Thumb Code     0  startup_at32f435_437.o(.text)
    TMR20_BRK_IRQHandler                     0x080002c7   Thumb Code     0  startup_at32f435_437.o(.text)
    TMR20_CH_IRQHandler                      0x080002c7   Thumb Code     0  startup_at32f435_437.o(.text)
    TMR20_OVF_IRQHandler                     0x080002c7   Thumb Code     0  startup_at32f435_437.o(.text)
    TMR20_TRG_HALL_IRQHandler                0x080002c7   Thumb Code     0  startup_at32f435_437.o(.text)
    TMR2_GLOBAL_IRQHandler                   0x080002c7   Thumb Code     0  startup_at32f435_437.o(.text)
    TMR3_GLOBAL_IRQHandler                   0x080002c7   Thumb Code     0  startup_at32f435_437.o(.text)
    TMR4_GLOBAL_IRQHandler                   0x080002c7   Thumb Code     0  startup_at32f435_437.o(.text)
    TMR5_GLOBAL_IRQHandler                   0x080002c7   Thumb Code     0  startup_at32f435_437.o(.text)
    TMR6_DAC_GLOBAL_IRQHandler               0x080002c7   Thumb Code     0  startup_at32f435_437.o(.text)
    TMR7_GLOBAL_IRQHandler                   0x080002c7   Thumb Code     0  startup_at32f435_437.o(.text)
    TMR8_BRK_TMR12_IRQHandler                0x080002c7   Thumb Code     0  startup_at32f435_437.o(.text)
    TMR8_CH_IRQHandler                       0x080002c7   Thumb Code     0  startup_at32f435_437.o(.text)
    TMR8_OVF_TMR13_IRQHandler                0x080002c7   Thumb Code     0  startup_at32f435_437.o(.text)
    TMR8_TRG_HALL_TMR14_IRQHandler           0x080002c7   Thumb Code     0  startup_at32f435_437.o(.text)
    UART4_IRQHandler                         0x080002c7   Thumb Code     0  startup_at32f435_437.o(.text)
    UART5_IRQHandler                         0x080002c7   Thumb Code     0  startup_at32f435_437.o(.text)
    UART7_IRQHandler                         0x080002c7   Thumb Code     0  startup_at32f435_437.o(.text)
    UART8_IRQHandler                         0x080002c7   Thumb Code     0  startup_at32f435_437.o(.text)
    USART1_IRQHandler                        0x080002c7   Thumb Code     0  startup_at32f435_437.o(.text)
    USART2_IRQHandler                        0x080002c7   Thumb Code     0  startup_at32f435_437.o(.text)
    USART3_IRQHandler                        0x080002c7   Thumb Code     0  startup_at32f435_437.o(.text)
    USART6_IRQHandler                        0x080002c7   Thumb Code     0  startup_at32f435_437.o(.text)
    WWDT_IRQHandler                          0x080002c7   Thumb Code     0  startup_at32f435_437.o(.text)
    XMC_IRQHandler                           0x080002c7   Thumb Code     0  startup_at32f435_437.o(.text)
    __user_initial_stackheap                 0x080002c9   Thumb Code     0  startup_at32f435_437.o(.text)
    rt_hw_interrupt_disable                  0x080002ed   Thumb Code     8  context_rvds.o(.text)
    rt_hw_interrupt_enable                   0x080002f5   Thumb Code     6  context_rvds.o(.text)
    rt_hw_context_switch                     0x080002fb   Thumb Code    32  context_rvds.o(.text)
    rt_hw_context_switch_interrupt           0x080002fb   Thumb Code     0  context_rvds.o(.text)
    PendSV_Handler                           0x0800031b   Thumb Code   108  context_rvds.o(.text)
    rt_hw_context_switch_to                  0x08000387   Thumb Code    70  context_rvds.o(.text)
    rt_hw_interrupt_thread_switch            0x080003cd   Thumb Code     2  context_rvds.o(.text)
    HardFault_Handler                        0x080003cf   Thumb Code    56  context_rvds.o(.text)
    __aeabi_uldivmod                         0x08000421   Thumb Code     0  lludivv7m.o(.text)
    _ll_udiv                                 0x08000421   Thumb Code   238  lludivv7m.o(.text)
    __use_two_region_memory                  0x0800050f   Thumb Code     2  heapauxi.o(.text)
    __rt_heap_escrow$2region                 0x08000511   Thumb Code     2  heapauxi.o(.text)
    __rt_heap_expand$2region                 0x08000513   Thumb Code     2  heapauxi.o(.text)
    __user_setup_stackheap                   0x08000515   Thumb Code    74  sys_stackheap_outer.o(.text)
    exit                                     0x0800055f   Thumb Code    18  exit.o(.text)
    __user_libspace                          0x08000571   Thumb Code     8  libspace.o(.text)
    __user_perproc_libspace                  0x08000571   Thumb Code     0  libspace.o(.text)
    __user_perthread_libspace                0x08000571   Thumb Code     0  libspace.o(.text)
    _sys_exit                                0x08000579   Thumb Code     8  sys_exit.o(.text)
    __I$use$semihosting                      0x08000585   Thumb Code     0  use_no_semi.o(.text)
    __use_no_semihosting_swi                 0x08000585   Thumb Code     2  use_no_semi.o(.text)
    __semihosting_library_function           0x08000587   Thumb Code     0  indicate_semi.o(.text)
    main                                     0x08000587   Thumb Code    14  components.o(i.$Sub$$main)
    BusFault_Handler                         0x08000595   Thumb Code     4  at32f435_437_int.o(i.BusFault_Handler)
    DebugMon_Handler                         0x08000599   Thumb Code     2  at32f435_437_int.o(i.DebugMon_Handler)
    MemManage_Handler                        0x0800059b   Thumb Code     4  at32f435_437_int.o(i.MemManage_Handler)
    NMI_Handler                              0x0800059f   Thumb Code     2  at32f435_437_int.o(i.NMI_Handler)
    SVC_Handler                              0x080005e1   Thumb Code     2  at32f435_437_int.o(i.SVC_Handler)
    SysTick_Handler                          0x080005e3   Thumb Code    16  board.o(i.SysTick_Handler)
    SystemCoreClockUpdate                    0x080005f3   Thumb Code     2  main.o(i.SystemCoreClockUpdate)
    SystemInit                               0x080005f5   Thumb Code   128  system_at32f435_437.o(i.SystemInit)
    UsageFault_Handler                       0x08000685   Thumb Code     4  at32f435_437_int.o(i.UsageFault_Handler)
    __rt_ffs                                 0x080006f1   Thumb Code    70  kservice.o(i.__rt_ffs)
    crm_ahb_div_set                          0x08000845   Thumb Code    14  at32f435_437_crm.o(i.crm_ahb_div_set)
    crm_apb1_div_set                         0x08000859   Thumb Code    14  at32f435_437_crm.o(i.crm_apb1_div_set)
    crm_apb2_div_set                         0x0800086d   Thumb Code    14  at32f435_437_crm.o(i.crm_apb2_div_set)
    crm_auto_step_mode_enable                0x08000881   Thumb Code    34  at32f435_437_crm.o(i.crm_auto_step_mode_enable)
    crm_clock_source_enable                  0x080008a9   Thumb Code    98  at32f435_437_crm.o(i.crm_clock_source_enable)
    crm_clocks_freq_get                      0x08000911   Thumb Code   242  at32f435_437_crm.o(i.crm_clocks_freq_get)
    crm_flag_get                             0x08000a21   Thumb Code    44  at32f435_437_crm.o(i.crm_flag_get)
    crm_hext_stable_wait                     0x08000a51   Thumb Code    46  at32f435_437_crm.o(i.crm_hext_stable_wait)
    crm_periph_clock_enable                  0x08000a81   Thumb Code    70  at32f435_437_crm.o(i.crm_periph_clock_enable)
    crm_pll_config                           0x08000acd   Thumb Code    68  at32f435_437_crm.o(i.crm_pll_config)
    crm_reset                                0x08000b15   Thumb Code   106  at32f435_437_crm.o(i.crm_reset)
    crm_sysclk_switch                        0x08000b8d   Thumb Code    54  at32f435_437_crm.o(i.crm_sysclk_switch)
    crm_sysclk_switch_status_get             0x08000bc9   Thumb Code    10  at32f435_437_crm.o(i.crm_sysclk_switch_status_get)
    $Super$$main                             0x08000bd9   Thumb Code    28  main.o(i.main)
    main_thread_entry                        0x08000bf5   Thumb Code    14  components.o(i.main_thread_entry)
    nvic_priority_group_config               0x08000c05   Thumb Code    32  at32f435_437_misc.o(i.nvic_priority_group_config)
    rt_application_init                      0x08000e3d   Thumb Code    34  components.o(i.rt_application_init)
    rt_components_board_init                 0x08000e6d   Thumb Code    20  components.o(i.rt_components_board_init)
    rt_components_init                       0x08000e89   Thumb Code    20  components.o(i.rt_components_init)
    rt_enter_critical                        0x08000ea5   Thumb Code    28  scheduler.o(i.rt_enter_critical)
    rt_exit_critical                         0x08000ec5   Thumb Code    54  scheduler.o(i.rt_exit_critical)
    rt_free                                  0x08000f01   Thumb Code   128  mem.o(i.rt_free)
    rt_heap_begin_get                        0x08000fe1   Thumb Code     4  board.o(i.rt_heap_begin_get)
    rt_heap_end_get                          0x08000fe9   Thumb Code     4  board.o(i.rt_heap_end_get)
    rt_hw_board_init                         0x08000ff1   Thumb Code    48  board.o(i.rt_hw_board_init)
    rt_hw_console_output                     0x08001025   Thumb Code     2  kservice.o(i.rt_hw_console_output)
    rt_hw_hard_fault_exception               0x08001029   Thumb Code   212  cpuport.o(i.rt_hw_hard_fault_exception)
    rt_hw_stack_init                         0x0800124d   Thumb Code    74  cpuport.o(i.rt_hw_stack_init)
    rt_interrupt_enter                       0x0800129d   Thumb Code    26  irq.o(i.rt_interrupt_enter)
    rt_interrupt_leave                       0x080012bd   Thumb Code    26  irq.o(i.rt_interrupt_leave)
    rt_kprintf                               0x08001359   Thumb Code    44  kservice.o(i.rt_kprintf)
    rt_malloc                                0x08001411   Thumb Code   336  mem.o(i.rt_malloc)
    rt_memset                                0x0800157d   Thumb Code    72  kservice.o(i.rt_memset)
    rt_object_allocate                       0x080015c5   Thumb Code    84  object.o(i.rt_object_allocate)
    rt_object_delete                         0x08001619   Thumb Code    36  object.o(i.rt_object_delete)
    rt_object_detach                         0x0800163d   Thumb Code    30  object.o(i.rt_object_detach)
    rt_object_get_information                0x0800165d   Thumb Code    36  object.o(i.rt_object_get_information)
    rt_object_init                           0x08001685   Thumb Code    60  object.o(i.rt_object_init)
    rt_object_is_systemobject                0x080016c1   Thumb Code    18  object.o(i.rt_object_is_systemobject)
    rt_schedule                              0x080016d5   Thumb Code   118  scheduler.o(i.rt_schedule)
    rt_schedule_insert_thread                0x08001765   Thumb Code    72  scheduler.o(i.rt_schedule_insert_thread)
    rt_schedule_remove_thread                0x080017b5   Thumb Code    76  scheduler.o(i.rt_schedule_remove_thread)
    rt_sem_init                              0x08001809   Thumb Code    38  ipc.o(i.rt_sem_init)
    rt_sem_release                           0x0800182f   Thumb Code    70  ipc.o(i.rt_sem_release)
    rt_sem_take                              0x08001875   Thumb Code   116  ipc.o(i.rt_sem_take)
    rt_show_version                          0x080018e9   Thumb Code    38  kservice.o(i.rt_show_version)
    rt_strlen                                0x08001999   Thumb Code    18  kservice.o(i.rt_strlen)
    rt_strncpy                               0x080019ab   Thumb Code    52  kservice.o(i.rt_strncpy)
    rt_system_heap_init                      0x080019e1   Thumb Code   160  mem.o(i.rt_system_heap_init)
    rt_system_scheduler_init                 0x08001ad9   Thumb Code    52  scheduler.o(i.rt_system_scheduler_init)
    rt_system_scheduler_start                0x08001b25   Thumb Code    36  scheduler.o(i.rt_system_scheduler_start)
    rt_system_timer_init                     0x08001b55   Thumb Code    24  timer.o(i.rt_system_timer_init)
    rt_system_timer_thread_init              0x08001b71   Thumb Code     2  timer.o(i.rt_system_timer_thread_init)
    rt_thread_create                         0x08001b73   Thumb Code    80  thread.o(i.rt_thread_create)
    rt_thread_delay                          0x08001bc3   Thumb Code    12  thread.o(i.rt_thread_delay)
    rt_thread_exit                           0x08001bd1   Thumb Code    76  thread.o(i.rt_thread_exit)
    rt_thread_idle_excute                    0x08001c2d   Thumb Code   128  idle.o(i.rt_thread_idle_excute)
    rt_thread_idle_init                      0x08001cb1   Thumb Code    38  idle.o(i.rt_thread_idle_init)
    rt_thread_init                           0x08001ced   Thumb Code    52  thread.o(i.rt_thread_init)
    rt_thread_resume                         0x08001d21   Thumb Code    60  thread.o(i.rt_thread_resume)
    rt_thread_self                           0x08001d5d   Thumb Code     6  thread.o(i.rt_thread_self)
    rt_thread_sleep                          0x08001d69   Thumb Code    62  thread.o(i.rt_thread_sleep)
    rt_thread_startup                        0x08001dad   Thumb Code    44  thread.o(i.rt_thread_startup)
    rt_thread_suspend                        0x08001dd9   Thumb Code    68  thread.o(i.rt_thread_suspend)
    rt_thread_timeout                        0x08001e1d   Thumb Code    32  thread.o(i.rt_thread_timeout)
    rt_thread_yield                          0x08001e3d   Thumb Code    92  thread.o(i.rt_thread_yield)
    rt_tick_get                              0x08001ea1   Thumb Code     6  clock.o(i.rt_tick_get)
    rt_tick_increase                         0x08001ead   Thumb Code    42  clock.o(i.rt_tick_increase)
    rt_timer_check                           0x08001edd   Thumb Code   118  timer.o(i.rt_timer_check)
    rt_timer_control                         0x08001f59   Thumb Code    56  timer.o(i.rt_timer_control)
    rt_timer_detach                          0x08001f91   Thumb Code    32  timer.o(i.rt_timer_detach)
    rt_timer_init                            0x08001fb1   Thumb Code    46  timer.o(i.rt_timer_init)
    rt_timer_start                           0x08001fe1   Thumb Code   238  timer.o(i.rt_timer_start)
    rt_timer_stop                            0x080020d9   Thumb Code    48  timer.o(i.rt_timer_stop)
    rt_vsnprintf                             0x08002109   Thumb Code   800  kservice.o(i.rt_vsnprintf)
    rtthread_startup                         0x08002441   Thumb Code    42  components.o(i.rtthread_startup)
    system_core_clock_update                 0x08002491   Thumb Code   214  system_at32f435_437.o(i.system_core_clock_update)
    systick_clock_source_config              0x08002581   Thumb Code    40  at32f435_437_misc.o(i.systick_clock_source_config)
    systick_interrupt_config                 0x080025a9   Thumb Code    68  wk_system.o(i.systick_interrupt_config)
    thread_init                              0x0800261d   Thumb Code    80  main.o(i.thread_init)
    wk_nvic_config                           0x0800269d   Thumb Code   192  at32f435_437_wk_config.o(i.wk_nvic_config)
    wk_periph_clock_config                   0x0800275d   Thumb Code    32  at32f435_437_wk_config.o(i.wk_periph_clock_config)
    wk_system_clock_config                   0x08002781   Thumb Code   184  at32f435_437_wk_config.o(i.wk_system_clock_config)
    _fp_init                                 0x08002849   Thumb Code    10  fpinit.o(x$fpl$fpinit)
    __fplib_config_fpu_vfp                   0x08002851   Thumb Code     0  fpinit.o(x$fpl$fpinit)
    __fplib_config_pureend_doubles           0x08002851   Thumb Code     0  fpinit.o(x$fpl$fpinit)
    __lowest_bit_bitmap                      0x0800288e   Data         256  kservice.o(.constdata)
    __rt_init_rti_start                      0x080029b0   Data           4  components.o(.rti_fn.0)
    __rt_init_rti_board_start                0x080029b4   Data           4  components.o(.rti_fn.0.end)
    __rt_init_rti_board_end                  0x080029b8   Data           4  components.o(.rti_fn.1.end)
    __rt_init_rti_end                        0x080029bc   Data           4  components.o(.rti_fn.6.end)
    Region$$Table$$Base                      0x080029c0   Number         0  anon$$obj.o(Region$$Table)
    Region$$Table$$Limit                     0x080029e0   Number         0  anon$$obj.o(Region$$Table)
    i                                        0x20000000   Data           4  main.o(.data)
    j                                        0x20000004   Data           4  main.o(.data)
    system_core_clock                        0x20000008   Data           4  system_at32f435_437.o(.data)
    rt_interrupt_from_thread                 0x2000000c   Data           4  cpuport.o(.data)
    rt_interrupt_to_thread                   0x20000010   Data           4  cpuport.o(.data)
    rt_thread_switch_interrupt_flag          0x20000014   Data           4  cpuport.o(.data)
    rt_interrupt_nest                        0x20000020   Data           1  irq.o(.data)
    rt_current_thread                        0x20000080   Data           4  scheduler.o(.data)
    rt_current_priority                      0x20000084   Data           1  scheduler.o(.data)
    rt_thread_ready_priority_group           0x20000088   Data           4  scheduler.o(.data)
    rt_thread_defunct                        0x2000008c   Data           8  scheduler.o(.data)
    thread_1_stack                           0x20000120   Data        2048  main.o(.bss)
    thread_2_stack                           0x200009a0   Data        2048  main.o(.bss)
    rt_thread_priority_table                 0x200013c0   Data         256  scheduler.o(.bss)
    __libspace_start                         0x20002cc0   Data          96  libspace.o(.bss)
    __temporary_stack_top$libspace           0x20002d20   Data           0  libspace.o(.bss)



==============================================================================

Memory Map of the image

  Image Entry point : 0x0800020d

  Load Region LR_IROM1 (Base: 0x08000000, Size: 0x00002a80, Max: 0x00100000, ABSOLUTE)

    Execution Region ER_IROM1 (Exec base: 0x08000000, Load base: 0x08000000, Size: 0x000029e0, Max: 0x00100000, ABSOLUTE)

    Exec Addr    Load Addr    Size         Type   Attr      Idx    E Section Name        Object

    0x08000000   0x08000000   0x0000020c   Data   RO         1111    RESET               startup_at32f435_437.o
    0x0800020c   0x0800020c   0x00000008   Code   RO         2164  * !!!main             c_w.l(__main.o)
    0x08000214   0x08000214   0x00000034   Code   RO         2331    !!!scatter          c_w.l(__scatter.o)
    0x08000248   0x08000248   0x0000001a   Code   RO         2333    !!handler_copy      c_w.l(__scatter_copy.o)
    0x08000262   0x08000262   0x00000002   PAD
    0x08000264   0x08000264   0x0000001c   Code   RO         2335    !!handler_zi        c_w.l(__scatter_zi.o)
    0x08000280   0x08000280   0x00000002   Code   RO         2201    .ARM.Collect$$libinit$$00000000  c_w.l(libinit.o)
    0x08000282   0x08000282   0x00000004   Code   RO         2213    .ARM.Collect$$libinit$$00000001  c_w.l(libinit2.o)
    0x08000286   0x08000286   0x00000000   Code   RO         2216    .ARM.Collect$$libinit$$00000004  c_w.l(libinit2.o)
    0x08000286   0x08000286   0x00000000   Code   RO         2219    .ARM.Collect$$libinit$$0000000A  c_w.l(libinit2.o)
    0x08000286   0x08000286   0x00000000   Code   RO         2221    .ARM.Collect$$libinit$$0000000C  c_w.l(libinit2.o)
    0x08000286   0x08000286   0x00000000   Code   RO         2223    .ARM.Collect$$libinit$$0000000E  c_w.l(libinit2.o)
    0x08000286   0x08000286   0x00000000   Code   RO         2226    .ARM.Collect$$libinit$$00000011  c_w.l(libinit2.o)
    0x08000286   0x08000286   0x00000000   Code   RO         2228    .ARM.Collect$$libinit$$00000013  c_w.l(libinit2.o)
    0x08000286   0x08000286   0x00000000   Code   RO         2230    .ARM.Collect$$libinit$$00000015  c_w.l(libinit2.o)
    0x08000286   0x08000286   0x00000000   Code   RO         2232    .ARM.Collect$$libinit$$00000017  c_w.l(libinit2.o)
    0x08000286   0x08000286   0x00000000   Code   RO         2234    .ARM.Collect$$libinit$$00000019  c_w.l(libinit2.o)
    0x08000286   0x08000286   0x00000000   Code   RO         2236    .ARM.Collect$$libinit$$0000001B  c_w.l(libinit2.o)
    0x08000286   0x08000286   0x00000000   Code   RO         2238    .ARM.Collect$$libinit$$0000001D  c_w.l(libinit2.o)
    0x08000286   0x08000286   0x00000000   Code   RO         2240    .ARM.Collect$$libinit$$0000001F  c_w.l(libinit2.o)
    0x08000286   0x08000286   0x00000000   Code   RO         2242    .ARM.Collect$$libinit$$00000021  c_w.l(libinit2.o)
    0x08000286   0x08000286   0x00000000   Code   RO         2244    .ARM.Collect$$libinit$$00000023  c_w.l(libinit2.o)
    0x08000286   0x08000286   0x00000000   Code   RO         2246    .ARM.Collect$$libinit$$00000025  c_w.l(libinit2.o)
    0x08000286   0x08000286   0x00000000   Code   RO         2250    .ARM.Collect$$libinit$$0000002C  c_w.l(libinit2.o)
    0x08000286   0x08000286   0x00000000   Code   RO         2252    .ARM.Collect$$libinit$$0000002E  c_w.l(libinit2.o)
    0x08000286   0x08000286   0x00000000   Code   RO         2254    .ARM.Collect$$libinit$$00000030  c_w.l(libinit2.o)
    0x08000286   0x08000286   0x00000000   Code   RO         2256    .ARM.Collect$$libinit$$00000032  c_w.l(libinit2.o)
    0x08000286   0x08000286   0x00000002   Code   RO         2257    .ARM.Collect$$libinit$$00000033  c_w.l(libinit2.o)
    0x08000288   0x08000288   0x00000002   Code   RO         2288    .ARM.Collect$$libshutdown$$00000000  c_w.l(libshutdown.o)
    0x0800028a   0x0800028a   0x00000000   Code   RO         2314    .ARM.Collect$$libshutdown$$00000002  c_w.l(libshutdown2.o)
    0x0800028a   0x0800028a   0x00000000   Code   RO         2316    .ARM.Collect$$libshutdown$$00000004  c_w.l(libshutdown2.o)
    0x0800028a   0x0800028a   0x00000000   Code   RO         2319    .ARM.Collect$$libshutdown$$00000007  c_w.l(libshutdown2.o)
    0x0800028a   0x0800028a   0x00000000   Code   RO         2322    .ARM.Collect$$libshutdown$$0000000A  c_w.l(libshutdown2.o)
    0x0800028a   0x0800028a   0x00000000   Code   RO         2324    .ARM.Collect$$libshutdown$$0000000C  c_w.l(libshutdown2.o)
    0x0800028a   0x0800028a   0x00000000   Code   RO         2327    .ARM.Collect$$libshutdown$$0000000F  c_w.l(libshutdown2.o)
    0x0800028a   0x0800028a   0x00000002   Code   RO         2328    .ARM.Collect$$libshutdown$$00000010  c_w.l(libshutdown2.o)
    0x0800028c   0x0800028c   0x00000000   Code   RO         2166    .ARM.Collect$$rtentry$$00000000  c_w.l(__rtentry.o)
    0x0800028c   0x0800028c   0x00000000   Code   RO         2172    .ARM.Collect$$rtentry$$00000002  c_w.l(__rtentry2.o)
    0x0800028c   0x0800028c   0x00000006   Code   RO         2184    .ARM.Collect$$rtentry$$00000004  c_w.l(__rtentry4.o)
    0x08000292   0x08000292   0x00000000   Code   RO         2174    .ARM.Collect$$rtentry$$00000009  c_w.l(__rtentry2.o)
    0x08000292   0x08000292   0x00000004   Code   RO         2175    .ARM.Collect$$rtentry$$0000000A  c_w.l(__rtentry2.o)
    0x08000296   0x08000296   0x00000000   Code   RO         2177    .ARM.Collect$$rtentry$$0000000C  c_w.l(__rtentry2.o)
    0x08000296   0x08000296   0x00000008   Code   RO         2178    .ARM.Collect$$rtentry$$0000000D  c_w.l(__rtentry2.o)
    0x0800029e   0x0800029e   0x00000002   Code   RO         2205    .ARM.Collect$$rtexit$$00000000  c_w.l(rtexit.o)
    0x080002a0   0x080002a0   0x00000000   Code   RO         2261    .ARM.Collect$$rtexit$$00000002  c_w.l(rtexit2.o)
    0x080002a0   0x080002a0   0x00000004   Code   RO         2262    .ARM.Collect$$rtexit$$00000003  c_w.l(rtexit2.o)
    0x080002a4   0x080002a4   0x00000006   Code   RO         2263    .ARM.Collect$$rtexit$$00000004  c_w.l(rtexit2.o)
    0x080002aa   0x080002aa   0x00000002   PAD
    0x080002ac   0x080002ac   0x00000040   Code   RO         1112    .text               startup_at32f435_437.o
    0x080002ec   0x080002ec   0x00000134   Code   RO         1153    .text               context_rvds.o
    0x08000420   0x08000420   0x000000ee   Code   RO         2160    .text               c_w.l(lludivv7m.o)
    0x0800050e   0x0800050e   0x00000006   Code   RO         2162    .text               c_w.l(heapauxi.o)
    0x08000514   0x08000514   0x0000004a   Code   RO         2188    .text               c_w.l(sys_stackheap_outer.o)
    0x0800055e   0x0800055e   0x00000012   Code   RO         2190    .text               c_w.l(exit.o)
    0x08000570   0x08000570   0x00000008   Code   RO         2202    .text               c_w.l(libspace.o)
    0x08000578   0x08000578   0x0000000c   Code   RO         2258    .text               c_w.l(sys_exit.o)
    0x08000584   0x08000584   0x00000002   Code   RO         2277    .text               c_w.l(use_no_semi.o)
    0x08000586   0x08000586   0x00000000   Code   RO         2279    .text               c_w.l(indicate_semi.o)
    0x08000586   0x08000586   0x0000000e   Code   RO         1243    i.$Sub$$main        components.o
    0x08000594   0x08000594   0x00000004   Code   RO            4    i.BusFault_Handler  at32f435_437_int.o
    0x08000598   0x08000598   0x00000002   Code   RO            5    i.DebugMon_Handler  at32f435_437_int.o
    0x0800059a   0x0800059a   0x00000004   Code   RO            6    i.MemManage_Handler  at32f435_437_int.o
    0x0800059e   0x0800059e   0x00000002   Code   RO            7    i.NMI_Handler       at32f435_437_int.o
    0x080005a0   0x080005a0   0x00000040   Code   RO          114    i.NVIC_EncodePriority  at32f435_437_wk_config.o
    0x080005e0   0x080005e0   0x00000002   Code   RO            8    i.SVC_Handler       at32f435_437_int.o
    0x080005e2   0x080005e2   0x00000010   Code   RO         2108    i.SysTick_Handler   board.o
    0x080005f2   0x080005f2   0x00000002   Code   RO          176    i.SystemCoreClockUpdate  main.o
    0x080005f4   0x080005f4   0x00000090   Code   RO         1119    i.SystemInit        system_at32f435_437.o
    0x08000684   0x08000684   0x00000004   Code   RO            9    i.UsageFault_Handler  at32f435_437_int.o
    0x08000688   0x08000688   0x00000030   Code   RO         2109    i._SysTick_Config   board.o
    0x080006b8   0x080006b8   0x00000010   Code   RO          115    i.__NVIC_GetPriorityGrouping  at32f435_437_wk_config.o
    0x080006c8   0x080006c8   0x00000028   Code   RO          116    i.__NVIC_SetPriority  at32f435_437_wk_config.o
    0x080006f0   0x080006f0   0x0000004c   Code   RO         1508    i.__rt_ffs          kservice.o
    0x0800073c   0x0800073c   0x00000014   Code   RO         1317    i._has_defunct_thread  idle.o
    0x08000750   0x08000750   0x00000084   Code   RO         1877    i._rt_thread_init   thread.o
    0x080007d4   0x080007d4   0x00000042   Code   RO         1998    i._rt_timer_init    timer.o
    0x08000816   0x08000816   0x0000002e   Code   RO         1999    i._rt_timer_remove  timer.o
    0x08000844   0x08000844   0x00000014   Code   RO          314    i.crm_ahb_div_set   at32f435_437_crm.o
    0x08000858   0x08000858   0x00000014   Code   RO          315    i.crm_apb1_div_set  at32f435_437_crm.o
    0x0800086c   0x0800086c   0x00000014   Code   RO          316    i.crm_apb2_div_set  at32f435_437_crm.o
    0x08000880   0x08000880   0x00000028   Code   RO          317    i.crm_auto_step_mode_enable  at32f435_437_crm.o
    0x080008a8   0x080008a8   0x00000068   Code   RO          324    i.crm_clock_source_enable  at32f435_437_crm.o
    0x08000910   0x08000910   0x00000110   Code   RO          325    i.crm_clocks_freq_get  at32f435_437_crm.o
    0x08000a20   0x08000a20   0x00000030   Code   RO          330    i.crm_flag_get      at32f435_437_crm.o
    0x08000a50   0x08000a50   0x0000002e   Code   RO          332    i.crm_hext_stable_wait  at32f435_437_crm.o
    0x08000a7e   0x08000a7e   0x00000002   PAD
    0x08000a80   0x08000a80   0x0000004c   Code   RO          340    i.crm_periph_clock_enable  at32f435_437_crm.o
    0x08000acc   0x08000acc   0x00000048   Code   RO          343    i.crm_pll_config    at32f435_437_crm.o
    0x08000b14   0x08000b14   0x00000078   Code   RO          345    i.crm_reset         at32f435_437_crm.o
    0x08000b8c   0x08000b8c   0x0000003c   Code   RO          346    i.crm_sysclk_switch  at32f435_437_crm.o
    0x08000bc8   0x08000bc8   0x00000010   Code   RO          347    i.crm_sysclk_switch_status_get  at32f435_437_crm.o
    0x08000bd8   0x08000bd8   0x0000001c   Code   RO          177    i.main              main.o
    0x08000bf4   0x08000bf4   0x0000000e   Code   RO         1244    i.main_thread_entry  components.o
    0x08000c02   0x08000c02   0x00000002   PAD
    0x08000c04   0x08000c04   0x00000028   Code   RO         1051    i.nvic_priority_group_config  at32f435_437_misc.o
    0x08000c2c   0x08000c2c   0x00000078   Code   RO         1685    i.plug_holes        mem.o
    0x08000ca4   0x08000ca4   0x00000198   Code   RO         1510    i.print_number      kservice.o
    0x08000e3c   0x08000e3c   0x00000030   Code   RO         1245    i.rt_application_init  components.o
    0x08000e6c   0x08000e6c   0x0000001c   Code   RO         1246    i.rt_components_board_init  components.o
    0x08000e88   0x08000e88   0x0000001c   Code   RO         1247    i.rt_components_init  components.o
    0x08000ea4   0x08000ea4   0x00000020   Code   RO         1811    i.rt_enter_critical  scheduler.o
    0x08000ec4   0x08000ec4   0x0000003c   Code   RO         1812    i.rt_exit_critical  scheduler.o
    0x08000f00   0x08000f00   0x000000e0   Code   RO         1687    i.rt_free           mem.o
    0x08000fe0   0x08000fe0   0x00000008   Code   RO         2110    i.rt_heap_begin_get  board.o
    0x08000fe8   0x08000fe8   0x00000008   Code   RO         2111    i.rt_heap_end_get   board.o
    0x08000ff0   0x08000ff0   0x00000034   Code   RO         2112    i.rt_hw_board_init  board.o
    0x08001024   0x08001024   0x00000002   Code   RO         1513    i.rt_hw_console_output  kservice.o
    0x08001026   0x08001026   0x00000002   PAD
    0x08001028   0x08001028   0x00000224   Code   RO         1160    i.rt_hw_hard_fault_exception  cpuport.o
    0x0800124c   0x0800124c   0x00000050   Code   RO         1161    i.rt_hw_stack_init  cpuport.o
    0x0800129c   0x0800129c   0x00000020   Code   RO         1481    i.rt_interrupt_enter  irq.o
    0x080012bc   0x080012bc   0x00000020   Code   RO         1483    i.rt_interrupt_leave  irq.o
    0x080012dc   0x080012dc   0x0000006c   Code   RO         1365    i.rt_ipc_list_suspend  ipc.o
    0x08001348   0x08001348   0x00000010   Code   RO         1366    i.rt_ipc_object_init  ipc.o
    0x08001358   0x08001358   0x00000030   Code   RO         1514    i.rt_kprintf        kservice.o
    0x08001388   0x08001388   0x00000006   Code   RO         1813    i.rt_list_init      scheduler.o
    0x0800138e   0x0800138e   0x00000006   Code   RO         2000    i.rt_list_init      timer.o
    0x08001394   0x08001394   0x0000000e   Code   RO         1735    i.rt_list_insert_after  object.o
    0x080013a2   0x080013a2   0x0000000e   Code   RO         1878    i.rt_list_insert_after  thread.o
    0x080013b0   0x080013b0   0x0000000e   Code   RO         2001    i.rt_list_insert_after  timer.o
    0x080013be   0x080013be   0x0000000e   Code   RO         1367    i.rt_list_insert_before  ipc.o
    0x080013cc   0x080013cc   0x00000010   Code   RO         1368    i.rt_list_isempty   ipc.o
    0x080013dc   0x080013dc   0x00000010   Code   RO         2002    i.rt_list_isempty   timer.o
    0x080013ec   0x080013ec   0x00000012   Code   RO         1736    i.rt_list_remove    object.o
    0x080013fe   0x080013fe   0x00000012   Code   RO         1879    i.rt_list_remove    thread.o
    0x08001410   0x08001410   0x0000016c   Code   RO         1688    i.rt_malloc         mem.o
    0x0800157c   0x0800157c   0x00000048   Code   RO         1520    i.rt_memset         kservice.o
    0x080015c4   0x080015c4   0x00000054   Code   RO         1737    i.rt_object_allocate  object.o
    0x08001618   0x08001618   0x00000024   Code   RO         1738    i.rt_object_delete  object.o
    0x0800163c   0x0800163c   0x0000001e   Code   RO         1739    i.rt_object_detach  object.o
    0x0800165a   0x0800165a   0x00000002   PAD
    0x0800165c   0x0800165c   0x00000028   Code   RO         1741    i.rt_object_get_information  object.o
    0x08001684   0x08001684   0x0000003c   Code   RO         1743    i.rt_object_init    object.o
    0x080016c0   0x080016c0   0x00000012   Code   RO         1744    i.rt_object_is_systemobject  object.o
    0x080016d2   0x080016d2   0x00000002   PAD
    0x080016d4   0x080016d4   0x00000090   Code   RO         1814    i.rt_schedule       scheduler.o
    0x08001764   0x08001764   0x00000050   Code   RO         1815    i.rt_schedule_insert_thread  scheduler.o
    0x080017b4   0x080017b4   0x00000054   Code   RO         1816    i.rt_schedule_remove_thread  scheduler.o
    0x08001808   0x08001808   0x00000026   Code   RO         1373    i.rt_sem_init       ipc.o
    0x0800182e   0x0800182e   0x00000046   Code   RO         1374    i.rt_sem_release    ipc.o
    0x08001874   0x08001874   0x00000074   Code   RO         1375    i.rt_sem_take       ipc.o
    0x080018e8   0x080018e8   0x000000b0   Code   RO         1522    i.rt_show_version   kservice.o
    0x08001998   0x08001998   0x00000012   Code   RO         1528    i.rt_strlen         kservice.o
    0x080019aa   0x080019aa   0x00000034   Code   RO         1530    i.rt_strncpy        kservice.o
    0x080019de   0x080019de   0x00000002   PAD
    0x080019e0   0x080019e0   0x000000f8   Code   RO         1691    i.rt_system_heap_init  mem.o
    0x08001ad8   0x08001ad8   0x0000004c   Code   RO         1817    i.rt_system_scheduler_init  scheduler.o
    0x08001b24   0x08001b24   0x00000030   Code   RO         1818    i.rt_system_scheduler_start  scheduler.o
    0x08001b54   0x08001b54   0x0000001c   Code   RO         2003    i.rt_system_timer_init  timer.o
    0x08001b70   0x08001b70   0x00000002   Code   RO         2004    i.rt_system_timer_thread_init  timer.o
    0x08001b72   0x08001b72   0x00000050   Code   RO         1881    i.rt_thread_create  thread.o
    0x08001bc2   0x08001bc2   0x0000000c   Code   RO         1882    i.rt_thread_delay   thread.o
    0x08001bce   0x08001bce   0x00000002   PAD
    0x08001bd0   0x08001bd0   0x00000054   Code   RO         1885    i.rt_thread_exit    thread.o
    0x08001c24   0x08001c24   0x00000008   Code   RO         1318    i.rt_thread_idle_entry  idle.o
    0x08001c2c   0x08001c2c   0x00000084   Code   RO         1319    i.rt_thread_idle_excute  idle.o
    0x08001cb0   0x08001cb0   0x0000003c   Code   RO         1321    i.rt_thread_idle_init  idle.o
    0x08001cec   0x08001cec   0x00000034   Code   RO         1887    i.rt_thread_init    thread.o
    0x08001d20   0x08001d20   0x0000003c   Code   RO         1889    i.rt_thread_resume  thread.o
    0x08001d5c   0x08001d5c   0x0000000c   Code   RO         1890    i.rt_thread_self    thread.o
    0x08001d68   0x08001d68   0x00000044   Code   RO         1891    i.rt_thread_sleep   thread.o
    0x08001dac   0x08001dac   0x0000002c   Code   RO         1892    i.rt_thread_startup  thread.o
    0x08001dd8   0x08001dd8   0x00000044   Code   RO         1893    i.rt_thread_suspend  thread.o
    0x08001e1c   0x08001e1c   0x00000020   Code   RO         1894    i.rt_thread_timeout  thread.o
    0x08001e3c   0x08001e3c   0x00000064   Code   RO         1895    i.rt_thread_yield   thread.o
    0x08001ea0   0x08001ea0   0x0000000c   Code   RO         1204    i.rt_tick_get       clock.o
    0x08001eac   0x08001eac   0x00000030   Code   RO         1205    i.rt_tick_increase  clock.o
    0x08001edc   0x08001edc   0x0000007c   Code   RO         2005    i.rt_timer_check    timer.o
    0x08001f58   0x08001f58   0x00000038   Code   RO         2006    i.rt_timer_control  timer.o
    0x08001f90   0x08001f90   0x00000020   Code   RO         2009    i.rt_timer_detach   timer.o
    0x08001fb0   0x08001fb0   0x0000002e   Code   RO         2010    i.rt_timer_init     timer.o
    0x08001fde   0x08001fde   0x00000002   PAD
    0x08001fe0   0x08001fe0   0x000000f8   Code   RO         2013    i.rt_timer_start    timer.o
    0x080020d8   0x080020d8   0x00000030   Code   RO         2014    i.rt_timer_stop     timer.o
    0x08002108   0x08002108   0x00000328   Code   RO         1533    i.rt_vsnprintf      kservice.o
    0x08002430   0x08002430   0x00000004   Code   RO         1248    i.rti_board_end     components.o
    0x08002434   0x08002434   0x00000004   Code   RO         1249    i.rti_board_start   components.o
    0x08002438   0x08002438   0x00000004   Code   RO         1250    i.rti_end           components.o
    0x0800243c   0x0800243c   0x00000004   Code   RO         1251    i.rti_start         components.o
    0x08002440   0x08002440   0x0000002a   Code   RO         1252    i.rtthread_startup  components.o
    0x0800246a   0x0800246a   0x00000026   Code   RO         1535    i.skip_atoi         kservice.o
    0x08002490   0x08002490   0x000000f0   Code   RO         1120    i.system_core_clock_update  system_at32f435_437.o
    0x08002580   0x08002580   0x00000028   Code   RO         1054    i.systick_clock_source_config  at32f435_437_misc.o
    0x080025a8   0x080025a8   0x00000044   Code   RO          290    i.systick_interrupt_config  wk_system.o
    0x080025ec   0x080025ec   0x00000018   Code   RO          178    i.thread_1_f        main.o
    0x08002604   0x08002604   0x00000018   Code   RO          179    i.thread_2_f        main.o
    0x0800261c   0x0800261c   0x00000080   Code   RO          180    i.thread_init       main.o
    0x0800269c   0x0800269c   0x000000c0   Code   RO          117    i.wk_nvic_config    at32f435_437_wk_config.o
    0x0800275c   0x0800275c   0x00000024   Code   RO          118    i.wk_periph_clock_config  at32f435_437_wk_config.o
    0x08002780   0x08002780   0x000000c8   Code   RO          119    i.wk_system_clock_config  at32f435_437_wk_config.o
    0x08002848   0x08002848   0x0000000a   Code   RO         2273    x$fpl$fpinit        fz_wm.l(fpinit.o)
    0x08002852   0x08002852   0x00000026   Data   RO          350    .constdata          at32f435_437_crm.o
    0x08002878   0x08002878   0x00000016   Data   RO         1121    .constdata          system_at32f435_437.o
    0x0800288e   0x0800288e   0x00000122   Data   RO         1537    .constdata          kservice.o
    0x080029b0   0x080029b0   0x00000004   Data   RO         1253    .rti_fn.0           components.o
    0x080029b4   0x080029b4   0x00000004   Data   RO         1254    .rti_fn.0.end       components.o
    0x080029b8   0x080029b8   0x00000004   Data   RO         1255    .rti_fn.1.end       components.o
    0x080029bc   0x080029bc   0x00000004   Data   RO         1256    .rti_fn.6.end       components.o
    0x080029c0   0x080029c0   0x00000020   Data   RO         2329    Region$$Table       anon$$obj.o


    Execution Region RW_IRAM1 (Exec base: 0x20000000, Load base: 0x080029e0, Size: 0x00003320, Max: 0x00060000, ABSOLUTE)

    Exec Addr    Load Addr    Size         Type   Attr      Idx    E Section Name        Object

    0x20000000   0x080029e0   0x00000008   Data   RW          182    .data               main.o
    0x20000008   0x080029e8   0x00000004   Data   RW         1122    .data               system_at32f435_437.o
    0x2000000c   0x080029ec   0x00000010   Data   RW         1162    .data               cpuport.o
    0x2000001c   0x080029fc   0x00000004   Data   RW         1207    .data               clock.o
    0x20000020   0x08002a00   0x00000001   Data   RW         1484    .data               irq.o
    0x20000021   0x08002a01   0x00000003   PAD
    0x20000024   0x08002a04   0x00000018   Data   RW         1693    .data               mem.o
    0x2000003c   0x08002a1c   0x00000040   Data   RW         1746    .data               object.o
    0x2000007c   0x08002a5c   0x00000018   Data   RW         1820    .data               scheduler.o
    0x20000094   0x08002a74   0x0000000c   Data   RW         2015    .data               timer.o
    0x200000a0        -       0x00001100   Zero   RW          181    .bss                main.o
    0x200011a0        -       0x00000180   Zero   RW         1322    .bss                idle.o
    0x20001320        -       0x00000080   Zero   RW         1536    .bss                kservice.o
    0x200013a0        -       0x00000020   Zero   RW         1692    .bss                mem.o
    0x200013c0        -       0x00000100   Zero   RW         1819    .bss                scheduler.o
    0x200014c0        -       0x00001800   Zero   RW         2113    .bss                board.o
    0x20002cc0        -       0x00000060   Zero   RW         2203    .bss                c_w.l(libspace.o)
    0x20002d20        -       0x00000200   Zero   RW         1110    HEAP                startup_at32f435_437.o
    0x20002f20        -       0x00000400   Zero   RW         1109    STACK               startup_at32f435_437.o


==============================================================================

Image component sizes


      Code (inc. data)   RO Data    RW Data    ZI Data      Debug   Object Name

       914        106         38          0          0       8912   at32f435_437_crm.o
        18          0          0          0          0      37427   at32f435_437_int.o
        80          8          0          0          0      31470   at32f435_437_misc.o
       548         34          0          0          0      33482   at32f435_437_wk_config.o
       132         16          0          0       6144       3603   board.o
        60         12          0          4          0       1317   clock.o
       190         30         16          0          0       6592   components.o
       308         26          0          0          0        960   context_rvds.o
       628        342          0         16          0       4354   cpuport.o
       220         30          0          0        384       5950   idle.o
       378          0          0          0          0       8129   ipc.o
        64         12          0          1          0       1778   irq.o
      1698        164        290          0        128      10055   kservice.o
       206         56          0          8       4352       8829   main.o
       956        224          0         24         32       4244   mem.o
       300          4          0         64          0       8812   object.o
       530         88          0         24        256       9174   scheduler.o
        64         26        524          0       1536        840   startup_at32f435_437.o
       384         42         22          4          0       2340   system_at32f435_437.o
       776         36          0          0          0      12907   thread.o
       732         20          0         12          0      12176   timer.o
        68          0          0          0          0        787   wk_system.o

    ----------------------------------------------------------------------
      9270       1276        922        160      12832     214138   Object Totals
         0          0         32          0          0          0   (incl. Generated)
        16          0          0          3          0          0   (incl. Padding)

    ----------------------------------------------------------------------

      Code (inc. data)   RO Data    RW Data    ZI Data      Debug   Library Member Name

         8          0          0          0          0         68   __main.o
         0          0          0          0          0          0   __rtentry.o
        12          0          0          0          0          0   __rtentry2.o
         6          0          0          0          0          0   __rtentry4.o
        52          8          0          0          0          0   __scatter.o
        26          0          0          0          0          0   __scatter_copy.o
        28          0          0          0          0          0   __scatter_zi.o
        18          0          0          0          0         80   exit.o
         6          0          0          0          0        152   heapauxi.o
         0          0          0          0          0          0   indicate_semi.o
         2          0          0          0          0          0   libinit.o
         6          0          0          0          0          0   libinit2.o
         2          0          0          0          0          0   libshutdown.o
         2          0          0          0          0          0   libshutdown2.o
         8          4          0          0         96         68   libspace.o
       238          0          0          0          0        100   lludivv7m.o
         2          0          0          0          0          0   rtexit.o
        10          0          0          0          0          0   rtexit2.o
        12          4          0          0          0         68   sys_exit.o
        74          0          0          0          0         80   sys_stackheap_outer.o
         2          0          0          0          0         68   use_no_semi.o
        10          0          0          0          0        116   fpinit.o

    ----------------------------------------------------------------------
       528         16          0          0         96        800   Library Totals
         4          0          0          0          0          0   (incl. Padding)

    ----------------------------------------------------------------------

      Code (inc. data)   RO Data    RW Data    ZI Data      Debug   Library Name

       514         16          0          0         96        684   c_w.l
        10          0          0          0          0        116   fz_wm.l

    ----------------------------------------------------------------------
       528         16          0          0         96        800   Library Totals

    ----------------------------------------------------------------------

==============================================================================


      Code (inc. data)   RO Data    RW Data    ZI Data      Debug   

      9798       1292        922        160      12928     202830   Grand Totals
      9798       1292        922        160      12928     202830   ELF Image Totals
      9798       1292        922        160          0          0   ROM Totals

==============================================================================

    Total RO  Size (Code + RO Data)                10720 (  10.47kB)
    Total RW  Size (RW Data + ZI Data)             13088 (  12.78kB)
    Total ROM Size (Code + RO Data + RW Data)      10880 (  10.63kB)

==============================================================================

