Component: ARM Compiler 5.06 update 6 (build 750) Tool: armlink [4d35ed]

==============================================================================

Section Cross References

    at32f435_437_wk_config.o(i.wk_nvic_config) refers to at32f435_437_misc.o(i.nvic_priority_group_config) for nvic_priority_group_config
    at32f435_437_wk_config.o(i.wk_nvic_config) refers to at32f435_437_wk_config.o(i.__NVIC_GetPriorityGrouping) for __NVIC_GetPriorityGrouping
    at32f435_437_wk_config.o(i.wk_nvic_config) refers to at32f435_437_wk_config.o(i.NVIC_EncodePriority) for NVIC_EncodePriority
    at32f435_437_wk_config.o(i.wk_nvic_config) refers to at32f435_437_wk_config.o(i.__NVIC_SetPriority) for __NVIC_SetPriority
    at32f435_437_wk_config.o(i.wk_periph_clock_config) refers to at32f435_437_crm.o(i.crm_periph_clock_enable) for crm_periph_clock_enable
    at32f435_437_wk_config.o(i.wk_system_clock_config) refers to at32f435_437_crm.o(i.crm_reset) for crm_reset
    at32f435_437_wk_config.o(i.wk_system_clock_config) refers to at32f435_437_crm.o(i.crm_periph_clock_enable) for crm_periph_clock_enable
    at32f435_437_wk_config.o(i.wk_system_clock_config) refers to at32f435_437_crm.o(i.crm_clock_source_enable) for crm_clock_source_enable
    at32f435_437_wk_config.o(i.wk_system_clock_config) refers to at32f435_437_crm.o(i.crm_flag_get) for crm_flag_get
    at32f435_437_wk_config.o(i.wk_system_clock_config) refers to at32f435_437_crm.o(i.crm_hext_stable_wait) for crm_hext_stable_wait
    at32f435_437_wk_config.o(i.wk_system_clock_config) refers to at32f435_437_crm.o(i.crm_pll_config) for crm_pll_config
    at32f435_437_wk_config.o(i.wk_system_clock_config) refers to at32f435_437_crm.o(i.crm_ahb_div_set) for crm_ahb_div_set
    at32f435_437_wk_config.o(i.wk_system_clock_config) refers to at32f435_437_crm.o(i.crm_apb2_div_set) for crm_apb2_div_set
    at32f435_437_wk_config.o(i.wk_system_clock_config) refers to at32f435_437_crm.o(i.crm_apb1_div_set) for crm_apb1_div_set
    at32f435_437_wk_config.o(i.wk_system_clock_config) refers to at32f435_437_crm.o(i.crm_auto_step_mode_enable) for crm_auto_step_mode_enable
    at32f435_437_wk_config.o(i.wk_system_clock_config) refers to at32f435_437_crm.o(i.crm_sysclk_switch) for crm_sysclk_switch
    at32f435_437_wk_config.o(i.wk_system_clock_config) refers to at32f435_437_crm.o(i.crm_sysclk_switch_status_get) for crm_sysclk_switch_status_get
    at32f435_437_wk_config.o(i.wk_system_clock_config) refers to system_at32f435_437.o(i.system_core_clock_update) for system_core_clock_update
    main.o(i.main) refers to at32f435_437_wk_config.o(i.wk_system_clock_config) for wk_system_clock_config
    main.o(i.main) refers to at32f435_437_wk_config.o(i.wk_periph_clock_config) for wk_periph_clock_config
    main.o(i.main) refers to wk_system.o(i.systick_interrupt_config) for systick_interrupt_config
    main.o(i.main) refers to at32f435_437_wk_config.o(i.wk_nvic_config) for wk_nvic_config
    main.o(i.main) refers to flash.o(i.FDI_Flash_Init) for FDI_Flash_Init
    main.o(i.main) refers to flash_serve.o(i.fdi_parame_init) for fdi_parame_init
    main.o(i.main) refers to flash.o(.bss) for flash
    main.o(i.thread_1_f) refers to thread.o(i.rt_thread_delay) for rt_thread_delay
    main.o(i.thread_1_f) refers to main.o(.data) for i
    main.o(i.thread_2_f) refers to thread.o(i.rt_thread_delay) for rt_thread_delay
    main.o(i.thread_2_f) refers to main.o(.data) for j
    main.o(i.thread_init) refers to thread.o(i.rt_thread_init) for rt_thread_init
    main.o(i.thread_init) refers to thread.o(i.rt_thread_startup) for rt_thread_startup
    main.o(i.thread_init) refers to main.o(.bss) for thread_1_stack
    main.o(i.thread_init) refers to main.o(i.thread_1_f) for thread_1_f
    main.o(i.thread_init) refers to main.o(i.thread_2_f) for thread_2_f
    wk_system.o(i.systick_interrupt_config) refers to at32f435_437_crm.o(i.crm_clocks_freq_get) for crm_clocks_freq_get
    wk_system.o(i.systick_interrupt_config) refers to at32f435_437_misc.o(i.systick_clock_source_config) for systick_clock_source_config
    at32f435_437_crm.o(i.crm_clocks_freq_get) refers to at32f435_437_crm.o(i.crm_sysclk_switch_status_get) for crm_sysclk_switch_status_get
    at32f435_437_crm.o(i.crm_clocks_freq_get) refers to lludivv7m.o(.text) for __aeabi_uldivmod
    at32f435_437_crm.o(i.crm_clocks_freq_get) refers to at32f435_437_crm.o(.constdata) for pll_fr_table
    at32f435_437_crm.o(i.crm_hext_stable_wait) refers to at32f435_437_crm.o(i.crm_flag_get) for crm_flag_get
    at32f435_437_crm.o(i.crm_hick_sclk_frequency_select) refers to at32f435_437_crm.o(i.crm_hick_divider_select) for crm_hick_divider_select
    at32f435_437_crm.o(i.crm_usb_clock_source_select) refers to at32f435_437_crm.o(i.crm_hick_sclk_frequency_select) for crm_hick_sclk_frequency_select
    at32f435_437_gpio.o(i.gpio_reset) refers to at32f435_437_crm.o(i.crm_periph_reset) for crm_periph_reset
[...]
    i.nvic_priority_group_config             0x08001694   Section        0  at32f435_437_misc.o(i.nvic_priority_group_config)
    i.plug_holes                             0x080016bc   Section        0  mem.o(i.plug_holes)
    plug_holes                               0x080016bd   Thumb Code   108  mem.o(i.plug_holes)
    i.print_number                           0x08001734   Section        0  kservice.o(i.print_number)
    print_number                             0x08001735   Thumb Code   400  kservice.o(i.print_number)
    i.rt_application_init                    0x080018cc   Section        0  components.o(i.rt_application_init)
    i.rt_components_board_init               0x080018fc   Section        0  components.o(i.rt_components_board_init)
    i.rt_components_init                     0x08001918   Section        0  components.o(i.rt_components_init)
    i.rt_enter_critical                      0x08001934   Section        0  scheduler.o(i.rt_enter_critical)
    i.rt_exit_critical                       0x08001954   Section        0  scheduler.o(i.rt_exit_critical)
    i.rt_free                                0x08001990   Section        0  mem.o(i.rt_free)
    i.rt_heap_begin_get                      0x08001a70   Section        0  board.o(i.rt_heap_begin_get)
    i.rt_heap_end_get                        0x08001a78   Section        0  board.o(i.rt_heap_end_get)
    i.rt_hw_board_init                       0x08001a80   Section        0  board.o(i.rt_hw_board_init)
    i.rt_hw_console_output                   0x08001ab4   Section        0  kservice.o(i.rt_hw_console_output)
    i.rt_hw_hard_fault_exception             0x08001ab8   Section        0  cpuport.o(i.rt_hw_hard_fault_exception)
    i.rt_hw_stack_init                       0x08001cdc   Section        0  cpuport.o(i.rt_hw_stack_init)
    i.rt_interrupt_enter                     0x08001d2c   Section        0  irq.o(i.rt_interrupt_enter)
    i.rt_interrupt_leave                     0x08001d4c   Section        0  irq.o(i.rt_interrupt_leave)
    i.rt_ipc_list_suspend                    0x08001d6c   Section        0  ipc.o(i.rt_ipc_list_suspend)
    rt_ipc_list_suspend                      0x08001d6d   Thumb Code   108  ipc.o(i.rt_ipc_list_suspend)
    i.rt_ipc_object_init                     0x08001dd8   Section        0  ipc.o(i.rt_ipc_object_init)
    rt_ipc_object_init                       0x08001dd9   Thumb Code    16  ipc.o(i.rt_ipc_object_init)
    i.rt_kprintf                             0x08001de8   Section        0  kservice.o(i.rt_kprintf)
    i.rt_list_init                           0x08001e18   Section        0  scheduler.o(i.rt_list_init)
    rt_list_init                             0x08001e19   Thumb Code     6  scheduler.o(i.rt_list_init)
    i.rt_list_init                           0x08001e1e   Section        0  timer.o(i.rt_list_init)
    rt_list_init                             0x08001e1f   Thumb Code     6  timer.o(i.rt_list_init)
    i.rt_list_insert_after                   0x08001e24   Section        0  object.o(i.rt_list_insert_after)
    rt_list_insert_after                     0x08001e25   Thumb Code    14  object.o(i.rt_list_insert_after)
    i.rt_list_insert_after                   0x08001e32   Section        0  thread.o(i.rt_list_insert_after)
    rt_list_insert_after                     0x08001e33   Thumb Code    14  thread.o(i.rt_list_insert_after)
    i.rt_list_insert_after                   0x08001e40   Section        0  timer.o(i.rt_list_insert_after)
    rt_list_insert_after                     0x08001e41   Thumb Code    14  timer.o(i.rt_list_insert_after)
    i.rt_list_insert_before                  0x08001e4e   Section        0  ipc.o(i.rt_list_insert_before)
    rt_list_insert_before                    0x08001e4f   Thumb Code    14  ipc.o(i.rt_list_insert_before)
    i.rt_list_isempty                        0x08001e5c   Section        0  ipc.o(i.rt_list_isempty)
    rt_list_isempty                          0x08001e5d   Thumb Code    16  ipc.o(i.rt_list_isempty)
    i.rt_list_isempty                        0x08001e6c   Section        0  timer.o(i.rt_list_isempty)
    rt_list_isempty                          0x08001e6d   Thumb Code    16  timer.o(i.rt_list_isempty)
    i.rt_list_remove                         0x08001e7c   Section        0  object.o(i.rt_list_remove)
    rt_list_remove                           0x08001e7d   Thumb Code    18  object.o(i.rt_list_remove)
    i.rt_list_remove                         0x08001e8e   Section        0  thread.o(i.rt_list_remove)
    rt_list_remove                           0x08001e8f   Thumb Code    18  thread.o(i.rt_list_remove)
    i.rt_malloc                              0x08001ea0   Section        0  mem.o(i.rt_malloc)
    i.rt_memset                              0x0800200c   Section        0  kservice.o(i.rt_memset)
    i.rt_object_allocate                     0x08002054   Section        0  object.o(i.rt_object_allocate)
    i.rt_object_delete                       0x080020a8   Section        0  object.o(i.rt_object_delete)
    i.rt_object_detach                       0x080020cc   Section        0  object.o(i.rt_object_detach)
    i.rt_object_get_information              0x080020ec   Section        0  object.o(i.rt_object_get_information)
    i.rt_object_init                         0x08002114   Section        0  object.o(i.rt_object_init)
    i.rt_object_is_systemobject              0x08002150   Section        0  object.o(i.rt_object_is_systemobject)
    i.rt_schedule                            0x08002164   Section        0  scheduler.o(i.rt_schedule)
    i.rt_schedule_insert_thread              0x080021f4   Section        0  scheduler.o(i.rt_schedule_insert_thread)
    i.rt_schedule_remove_thread              0x08002244   Section        0  scheduler.o(i.rt_schedule_remove_thread)
    i.rt_sem_init                            0x08002298   Section        0  ipc.o(i.rt_sem_init)
    i.rt_sem_release                         0x080022be   Section        0  ipc.o(i.rt_sem_release)
    i.rt_sem_take                            0x08002304   Section        0  ipc.o(i.rt_sem_take)
    i.rt_show_version                        0x08002378   Section        0  kservice.o(i.rt_show_version)
    i.rt_strlen                              0x08002428   Section        0  kservice.o(i.rt_strlen)
    i.rt_strncpy                             0x0800243a   Section        0  kservice.o(i.rt_strncpy)
    i.rt_system_heap_init                    0x08002470   Section        0  mem.o(i.rt_system_heap_init)
    i.rt_system_scheduler_init               0x08002568   Section        0  scheduler.o(i.rt_system_scheduler_init)
    i.rt_system_scheduler_start              0x080025b4   Section        0  scheduler.o(i.rt_system_scheduler_start)
    i.rt_system_timer_init                   0x080025e4   Section        0  timer.o(i.rt_system_timer_init)
    i.rt_system_timer_thread_init            0x08002600   Section        0  timer.o(i.rt_system_timer_thread_init)
    i.rt_thread_create                       0x08002602   Section        0  thread.o(i.rt_thread_create)
    i.rt_thread_exit                         0x08002654   Section        0  thread.o(i.rt_thread_exit)
    i.rt_thread_idle_entry                   0x080026a8   Section        0  idle.o(i.rt_thread_idle_entry)
    rt_thread_idle_entry                     0x080026a9   Thumb Code     8  idle.o(i.rt_thread_idle_entry)
    i.rt_thread_idle_excute                  0x080026b0   Section        0  idle.o(i.rt_thread_idle_excute)
    i.rt_thread_idle_init                    0x08002734   Section        0  idle.o(i.rt_thread_idle_init)
    i.rt_thread_init                         0x08002770   Section        0  thread.o(i.rt_thread_init)
    i.rt_thread_resume                       0x080027a4   Section        0  thread.o(i.rt_thread_resume)
    i.rt_thread_self                         0x080027e0   Section        0  thread.o(i.rt_thread_self)
    i.rt_thread_startup                      0x080027ec   Section        0  thread.o(i.rt_thread_startup)
    i.rt_thread_suspend                      0x08002818   Section        0  thread.o(i.rt_thread_suspend)
    i.rt_thread_timeout                      0x0800285c   Section        0  thread.o(i.rt_thread_timeout)
    i.rt_thread_yield                        0x0800287c   Section        0  thread.o(i.rt_thread_yield)
    i.rt_tick_get                            0x080028e0   Section        0  clock.o(i.rt_tick_get)
    i.rt_tick_increase                       0x080028ec   Section        0  clock.o(i.rt_tick_increase)
    i.rt_timer_check                         0x0800291c   Section        0  timer.o(i.rt_timer_check)
    i.rt_timer_control                       0x08002998   Section        0  timer.o(i.rt_timer_control)
    i.rt_timer_detach                        0x080029d0   Section        0  timer.o(i.rt_timer_detach)
    i.rt_timer_init                          0x080029f0   Section        0  timer.o(i.rt_timer_init)
    i.rt_timer_start                         0x08002a20   Section        0  timer.o(i.rt_timer_start)
    i.rt_timer_stop                          0x08002b18   Section        0  timer.o(i.rt_timer_stop)
    i.rt_vsnprintf                           0x08002b48   Section        0  kservice.o(i.rt_vsnprintf)
    i.rti_board_end                          0x08002e70   Section        0  components.o(i.rti_board_end)
    rti_board_end                            0x08002e71   Thumb Code     4  components.o(i.rti_board_end)
    i.rti_board_start                        0x08002e74   Section        0  components.o(i.rti_board_start)
    rti_board_start                          0x08002e75   Thumb Code     4  components.o(i.rti_board_start)
    i.rti_end                                0x08002e78   Section        0  components.o(i.rti_end)
    rti_end                                  0x08002e79   Thumb Code     4  components.o(i.rti_end)
    i.rti_start                              0x08002e7c   Section        0  components.o(i.rti_start)
    rti_start                                0x08002e7d   Thumb Code     4  components.o(i.rti_start)
    i.rtthread_startup                       0x08002e80   Section        0  components.o(i.rtthread_startup)
    i.sector_address_get_abstract            0x08002eaa   Section        0  flash.o(i.sector_address_get_abstract)
    i.skip_atoi                              0x08002eb6   Section        0  kservice.o(i.skip_atoi)
    skip_atoi                                0x08002eb7   Thumb Code    38  kservice.o(i.skip_atoi)
    i.system_core_clock_update               0x08002edc   Section        0  system_at32f435_437.o(i.system_core_clock_update)
    i.systick_clock_source_config            0x08002fcc   Section        0  at32f435_437_misc.o(i.systick_clock_source_config)
    i.systick_interrupt_config               0x08002ff4   Section        0  wk_system.o(i.systick_interrupt_config)
    i.wk_nvic_config                         0x08003038   Section        0  at32f435_437_wk_config.o(i.wk_nvic_config)
    i.wk_periph_clock_config                 0x080030f8   Section        0  at32f435_437_wk_config.o(i.wk_periph_clock_config)
    i.wk_system_clock_config                 0x0800311c   Section        0  at32f435_437_wk_config.o(i.wk_system_clock_config)
    x$fpl$fpinit                             0x080031e4   Section       10  fpinit.o(x$fpl$fpinit)
    $v0                                      0x080031e4   Number         0  fpinit.o(x$fpl$fpinit)
    .constdata                               0x080031ee   Section       38  at32f435_437_crm.o(.constdata)
    sclk_ahb_div_table                       0x080031ee   Data          16  at32f435_437_crm.o(.constdata)
    ahb_apb1_div_table                       0x080031fe   Data           8  at32f435_437_crm.o(.constdata)
    ahb_apb2_div_table                       0x08003206   Data           8  at32f435_437_crm.o(.constdata)
    pll_fr_table                             0x0800320e   Data           6  at32f435_437_crm.o(.constdata)
    .constdata                               0x08003214   Section       22  system_at32f435_437.o(.constdata)
    sys_ahb_div_table                        0x08003214   Data          16  system_at32f435_437.o(.constdata)
    pll_fr_table                             0x08003224   Data           6  system_at32f435_437.o(.constdata)
    .constdata                               0x0800322a   Section      290  kservice.o(.constdata)
    small_digits                             0x0800332a   Data          17  kservice.o(.constdata)
    large_digits                             0x0800333b   Data          17  kservice.o(.constdata)
    .rti_fn.0                                0x0800334c   Section        4  components.o(.rti_fn.0)
    __tagsym$$used                           0x0800334c   Number         0  components.o(.rti_fn.0)
    .rti_fn.0.end                            0x08003350   Section        4  components.o(.rti_fn.0.end)
    __tagsym$$used                           0x08003350   Number         0  components.o(.rti_fn.0.end)
    .rti_fn.1.end                            0x08003354   Section        4  components.o(.rti_fn.1.end)
    __tagsym$$used                           0x08003354   Number         0  components.o(.rti_fn.1.end)
    .rti_fn.6.end                            0x08003358   Section        4  components.o(.rti_fn.6.end)
    __tagsym$$used                           0x08003358   Number         0  components.o(.rti_fn.6.end)
    fdi_flash_param_len                      0x080ff800   Section        4  flash_serve.o(fdi_flash_param_len)
    __tagsym$$used                           0x080ff800   Number         0  flash_serve.o(fdi_flash_param_len)
    .data                                    0x20000000   Section        4  system_at32f435_437.o(.data)
    .data                                    0x20000004   Section        4  flash_serve.o(.data)
    .data                                    0x20000008   Section       16  cpuport.o(.data)
    rt_exception_hook                        0x20000014   Data           4  cpuport.o(.data)
    .data                                    0x20000018   Section        4  clock.o(.data)
    rt_tick                                  0x20000018   Data           4  clock.o(.data)
    .data                                    0x2000001c   Section        1  irq.o(.data)
    .data                                    0x20000020   Section       24  mem.o(.data)
    heap_ptr                                 0x20000020   Data           4  mem.o(.data)
    heap_end                                 0x20000024   Data           4  mem.o(.data)
    lfree                                    0x20000028   Data           4  mem.o(.data)
    mem_size_aligned                         0x2000002c   Data           4  mem.o(.data)
    used_mem                                 0x20000030   Data           4  mem.o(.data)
    max_mem                                  0x20000034   Data           4  mem.o(.data)
    .data                                    0x20000038   Section       64  object.o(.data)
    rt_object_container                      0x20000038   Data          64  object.o(.data)
    .data                                    0x20000078   Section       24  scheduler.o(.data)
    rt_scheduler_lock_nest                   0x20000078   Data           2  scheduler.o(.data)
    .data                                    0x20000090   Section       12  timer.o(.data)
    rt_timer_list                            0x20000090   Data           8  timer.o(.data)
    random_nr                                0x20000098   Data           4  timer.o(.data)
    .bss                                     0x2000009c   Section       84  flash.o(.bss)
    .bss                                     0x200000f0   Section      384  idle.o(.bss)
    idle                                     0x200000f0   Data         128  idle.o(.bss)
    rt_thread_stack                          0x20000170   Data         256  idle.o(.bss)
    .bss                                     0x20000270   Section      128  kservice.o(.bss)
    rt_log_buf                               0x20000270   Data         128  kservice.o(.bss)
    .bss                                     0x200002f0   Section       32  mem.o(.bss)
    heap_sem                                 0x200002f0   Data          32  mem.o(.bss)
    .bss                                     0x20000310   Section      256  scheduler.o(.bss)
    .bss                                     0x20000410   Section     6144  board.o(.bss)
    rt_heap                                  0x20000410   Data        6144  board.o(.bss)
    .bss                                     0x20001c10   Section       96  libspace.o(.bss)
    HEAP                                     0x20001c70   Section      512  startup_at32f435_437.o(HEAP)
    Heap_Mem                                 0x20001c70   Data         512  startup_at32f435_437.o(HEAP)
    STACK                                    0x20001e70   Section     1024  startup_at32f435_437.o(STACK)
    Stack_Mem                                0x20001e70   Data        1024  startup_at32f435_437.o(STACK)
    __initial_sp                             0x20002270   Data           0  startup_at32f435_437.o(STACK)
    fdi_param_len                            0x2005f800   Section        4  flash_serve.o(fdi_param_len)
    __tagsym$$used                           0x2005f800   Number         0  flash_serve.o(fdi_param_len)

    Global Symbols

    Symbol Name                              Value     Ov Type        Size  Object(Section)

    BuildAttributes$$THM_ISAv4$E$P$D$K$B$S$7EM$VFPi3$EXTD16$VFPS$VFMA$PE$A:L22UL41UL21$X:L11$S22US41US21$IEEE1$IW$USESV6$~STKCKD$USESV7$~SHL$OSPACE$ROPI$EBA8$UX$STANDARDLIB$REQ8$PRES8$EABIv2 0x00000000   Number         0  anon$$obj.o ABSOLUTE
    __ARM_use_no_argv                        0x00000000   Number         0  main.o ABSOLUTE
    __ARM_exceptions_init                     - Undefined Weak Reference
    __alloca_initialize                       - Undefined Weak Reference
    __arm_preinit_                            - Undefined Weak Reference
    __cpp_initialize__aeabi_                  - Undefined Weak Reference
    __cxa_finalize                            - Undefined Weak Reference
    __rt_locale                               - Undefined Weak Reference
    __sigvec_lookup                           - Undefined Weak Reference
    _atexit_init                              - Undefined Weak Reference
    _call_atexit_fns                          - Undefined Weak Reference
    _clock_init                               - Undefined Weak Reference
    _fp_trap_init                             - Undefined Weak Reference
    _fp_trap_shutdown                         - Undefined Weak Reference
    _get_lc_collate                           - Undefined Weak Reference
    _get_lc_ctype                             - Undefined Weak Reference
    _get_lc_monetary                          - Undefined Weak Reference
    _get_lc_numeric                           - Undefined Weak Reference
    _get_lc_time                              - Undefined Weak Reference
    _getenv_init                              - Undefined Weak Reference
    _handle_redirection                       - Undefined Weak Reference
    _init_alloc                               - Undefined Weak Reference
    _init_user_alloc                          - Undefined Weak Reference
    _initio                                   - Undefined Weak Reference
    _rand_init                                - Undefined Weak Reference
    _signal_finish                            - Undefined Weak Reference
    _signal_init                              - Undefined Weak Reference
    _terminate_alloc                          - Undefined Weak Reference
    _terminate_user_alloc                     - Undefined Weak Reference
    _terminateio                              - Undefined Weak Reference
    __Vectors_Size                           0x0000020c   Number         0  startup_at32f435_437.o ABSOLUTE
    __Vectors                                0x08000000   Data           4  startup_at32f435_437.o(RESET)
    __Vectors_End                            0x0800020c   Data           0  startup_at32f435_437.o(RESET)
    __main                                   0x0800020d   Thumb Code     8  __main.o(!!!main)
    __scatterload                            0x08000215   Thumb Code     0  __scatter.o(!!!scatter)
    __scatterload_rt2                        0x08000215   Thumb Code    44  __scatter.o(!!!scatter)
    __scatterload_rt2_thumb_only             0x08000215   Thumb Code     0  __scatter.o(!!!scatter)
    __scatterload_null                       0x08000223   Thumb Code     0  __scatter.o(!!!scatter)
    __scatterload_copy                       0x08000249   Thumb Code    26  __scatter_copy.o(!!handler_copy)
    __scatterload_zeroinit                   0x08000265   Thumb Code    28  __scatter_zi.o(!!handler_zi)
    __rt_lib_init                            0x08000281   Thumb Code     0  libinit.o(.ARM.Collect$$libinit$$00000000)
    __rt_lib_init_fp_1                       0x08000283   Thumb Code     0  libinit2.o(.ARM.Collect$$libinit$$00000001)
    __rt_lib_init_alloca_1                   0x08000287   Thumb Code     0  libinit2.o(.ARM.Collect$$libinit$$0000002E)
    __rt_lib_init_argv_1                     0x08000287   Thumb Code     0  libinit2.o(.ARM.Collect$$libinit$$0000002C)
    __rt_lib_init_atexit_1                   0x08000287   Thumb Code     0  libinit2.o(.ARM.Collect$$libinit$$0000001B)
    __rt_lib_init_clock_1                    0x08000287   Thumb Code     0  libinit2.o(.ARM.Collect$$libinit$$00000021)
    __rt_lib_init_cpp_1                      0x08000287   Thumb Code     0  libinit2.o(.ARM.Collect$$libinit$$00000032)
    __rt_lib_init_exceptions_1               0x08000287   Thumb Code     0  libinit2.o(.ARM.Collect$$libinit$$00000030)
    __rt_lib_init_fp_trap_1                  0x08000287   Thumb Code     0  libinit2.o(.ARM.Collect$$libinit$$0000001F)
    __rt_lib_init_getenv_1                   0x08000287   Thumb Code     0  libinit2.o(.ARM.Collect$$libinit$$00000023)
    __rt_lib_init_heap_1                     0x08000287   Thumb Code     0  libinit2.o(.ARM.Collect$$libinit$$0000000A)
    __rt_lib_init_lc_collate_1               0x08000287   Thumb Code     0  libinit2.o(.ARM.Collect$$libinit$$00000011)
    __rt_lib_init_lc_ctype_1                 0x08000287   Thumb Code     0  libinit2.o(.ARM.Collect$$libinit$$00000013)
    __rt_lib_init_lc_monetary_1              0x08000287   Thumb Code     0  libinit2.o(.ARM.Collect$$libinit$$00000015)
    __rt_lib_init_lc_numeric_1               0x08000287   Thumb Code     0  libinit2.o(.ARM.Collect$$libinit$$00000017)
    __rt_lib_init_lc_time_1                  0x08000287   Thumb Code     0  libinit2.o(.ARM.Collect$$libinit$$00000019)
    __rt_lib_init_preinit_1                  0x08000287   Thumb Code     0  libinit2.o(.ARM.Collect$$libinit$$00000004)
    __rt_lib_init_rand_1                     0x08000287   Thumb Code     0  libinit2.o(.ARM.Collect$$libinit$$0000000E)
    __rt_lib_init_return                     0x08000287   Thumb Code     0  libinit2.o(.ARM.Collect$$libinit$$00000033)
    __rt_lib_init_signal_1                   0x08000287   Thumb Code     0  libinit2.o(.ARM.Collect$$libinit$$0000001D)
    __rt_lib_init_stdio_1                    0x08000287   Thumb Code     0  libinit2.o(.ARM.Collect$$libinit$$00000025)
    __rt_lib_init_user_alloc_1               0x08000287   Thumb Code     0  libinit2.o(.ARM.Collect$$libinit$$0000000C)
    __rt_lib_shutdown                        0x08000289   Thumb Code     0  libshutdown.o(.ARM.Collect$$libshutdown$$00000000)
    __rt_lib_shutdown_cpp_1                  0x0800028b   Thumb Code     0  libshutdown2.o(.ARM.Collect$$libshutdown$$00000002)
    __rt_lib_shutdown_fp_trap_1              0x0800028b   Thumb Code     0  libshutdown2.o(.ARM.Collect$$libshutdown$$00000007)
    __rt_lib_shutdown_heap_1                 0x0800028b   Thumb Code     0  libshutdown2.o(.ARM.Collect$$libshutdown$$0000000F)
    __rt_lib_shutdown_return                 0x0800028b   Thumb Code     0  libshutdown2.o(.ARM.Collect$$libshutdown$$00000010)
    __rt_lib_shutdown_signal_1               0x0800028b   Thumb Code     0  libshutdown2.o(.ARM.Collect$$libshutdown$$0000000A)
    __rt_lib_shutdown_stdio_1                0x0800028b   Thumb Code     0  libshutdown2.o(.ARM.Collect$$libshutdown$$00000004)
    __rt_lib_shutdown_user_alloc_1           0x0800028b   Thumb Code     0  libshutdown2.o(.ARM.Collect$$libshutdown$$0000000C)
    __rt_entry                               0x0800028d   Thumb Code     0  __rtentry.o(.ARM.Collect$$rtentry$$00000000)
    __rt_entry_presh_1                       0x0800028d   Thumb Code     0  __rtentry2.o(.ARM.Collect$$rtentry$$00000002)
    __rt_entry_sh                            0x0800028d   Thumb Code     0  __rtentry4.o(.ARM.Collect$$rtentry$$00000004)
    __rt_entry_li                            0x08000293   Thumb Code     0  __rtentry2.o(.ARM.Collect$$rtentry$$0000000A)
    __rt_entry_postsh_1                      0x08000293   Thumb Code     0  __rtentry2.o(.ARM.Collect$$rtentry$$00000009)
    __rt_entry_main                          0x08000297   Thumb Code     0  __rtentry2.o(.ARM.Collect$$rtentry$$0000000D)
    __rt_entry_postli_1                      0x08000297   Thumb Code     0  __rtentry2.o(.ARM.Collect$$rtentry$$0000000C)
    __rt_exit                                0x0800029f   Thumb Code     0  rtexit.o(.ARM.Collect$$rtexit$$00000000)
    __rt_exit_ls                             0x080002a1   Thumb Code     0  rtexit2.o(.ARM.Collect$$rtexit$$00000003)
    __rt_exit_prels_1                        0x080002a1   Thumb Code     0  rtexit2.o(.ARM.Collect$$rtexit$$00000002)
    __rt_exit_exit                           0x080002a5   Thumb Code     0  rtexit2.o(.ARM.Collect$$rtexit$$00000004)
    Reset_Handler                            0x080002ad   Thumb Code     8  startup_at32f435_437.o(.text)
    ACC_IRQHandler                           0x080002c7   Thumb Code     0  startup_at32f435_437.o(.text)
    ADC1_2_3_IRQHandler                      0x080002c7   Thumb Code     0  startup_at32f435_437.o(.text)
    CAN1_RX0_IRQHandler                      0x080002c7   Thumb Code     0  startup_at32f435_437.o(.text)
    CAN1_RX1_IRQHandler                      0x080002c7   Thumb Code     0  startup_at32f435_437.o(.text)
    CAN1_SE_IRQHandler                       0x080002c7   Thumb Code     0  startup_at32f435_437.o(.text)
    CAN1_TX_IRQHandler                       0x080002c7   Thumb Code     0  startup_at32f435_437.o(.text)
    CAN2_RX0_IRQHandler                      0x080002c7   Thumb Code     0  startup_at32f435_437.o(.text)
    CAN2_RX1_IRQHandler                      0x080002c7   Thumb Code     0  startup_at32f435_437.o(.text)
    CAN2_SE_IRQHandler                       0x080002c7   Thumb Code     0  startup_at32f435_437.o(.text)
    CAN2_TX_IRQHandler                       0x080002c7   Thumb Code     0  startup_at32f435_437.o(.text)
    CRM_IRQHandler                           0x080002c7   Thumb Code     0  startup_at32f435_437.o(.text)
    DMA1_Channel1_IRQHandler                 0x080002c7   Thumb Code     0  startup_at32f435_437.o(.text)
    DMA1_Channel2_IRQHandler                 0x080002c7   Thumb Code     0  startup_at32f435_437.o(.text)
    DMA1_Channel3_IRQHandler                 0x080002c7   Thumb Code     0  startup_at32f435_437.o(.text)
    DMA1_Channel4_IRQHandler                 0x080002c7   Thumb Code     0  startup_at32f435_437.o(.text)
    DMA1_Channel5_IRQHandler                 0x080002c7   Thumb Code     0  startup_at32f435_437.o(.text)
    DMA1_Channel6_IRQHandler                 0x080002c7   Thumb Code     0  startup_at32f435_437.o(.text)
    DMA1_Channel7_IRQHandler                 0x080002c7   Thumb Code     0  startup_at32f435_437.o(.text)
    DMA2_Channel1_IRQHandler                 0x080002c7   Thumb Code     0  startup_at32f435_437.o(.text)
    DMA2_Channel2_IRQHandler                 0x080002c7   Thumb Code     0  startup_at32f435_437.o(.text)
    DMA2_Channel3_IRQHandler                 0x080002c7   Thumb Code     0  startup_at32f435_437.o(.text)
    DMA2_Channel4_IRQHandler                 0x080002c7   Thumb Code     0  startup_at32f435_437.o(.text)
    DMA2_Channel5_IRQHandler                 0x080002c7   Thumb Code     0  startup_at32f435_437.o(.text)
    DMA2_Channel6_IRQHandler                 0x080002c7   Thumb Code     0  startup_at32f435_437.o(.text)
    DMA2_Channel7_IRQHandler                 0x080002c7   Thumb Code     0  startup_at32f435_437.o(.text)
    DMAMUX_IRQHandler                        0x080002c7   Thumb Code     0  startup_at32f435_437.o(.text)
    DVP_IRQHandler                           0x080002c7   Thumb Code     0  startup_at32f435_437.o(.text)
    EDMA_Stream1_IRQHandler                  0x080002c7   Thumb Code     0  startup_at32f435_437.o(.text)
    EDMA_Stream2_IRQHandler                  0x080002c7   Thumb Code     0  startup_at32f435_437.o(.text)
    EDMA_Stream3_IRQHandler                  0x080002c7   Thumb Code     0  startup_at32f435_437.o(.text)
    EDMA_Stream4_IRQHandler                  0x080002c7   Thumb Code     0  startup_at32f435_437.o(.text)
    EDMA_Stream5_IRQHandler                  0x080002c7   Thumb Code     0  startup_at32f435_437.o(.text)
    EDMA_Stream6_IRQHandler                  0x080002c7   Thumb Code     0  startup_at32f435_437.o(.text)
    EDMA_Stream7_IRQHandler                  0x080002c7   Thumb Code     0  startup_at32f435_437.o(.text)
    EDMA_Stream8_IRQHandler                  0x080002c7   Thumb Code     0  startup_at32f435_437.o(.text)
    EMAC_IRQHandler                          0x080002c7   Thumb Code     0  startup_at32f435_437.o(.text)
    EMAC_WKUP_IRQHandler                     0x080002c7   Thumb Code     0  startup_at32f435_437.o(.text)
    ERTCAlarm_IRQHandler                     0x080002c7   Thumb Code     0  startup_at32f435_437.o(.text)
    ERTC_WKUP_IRQHandler                     0x080002c7   Thumb Code     0  startup_at32f435_437.o(.text)
    EXINT0_IRQHandler                        0x080002c7   Thumb Code     0  startup_at32f435_437.o(.text)
    EXINT15_10_IRQHandler                    0x080002c7   Thumb Code     0  startup_at32f435_437.o(.text)
    EXINT1_IRQHandler                        0x080002c7   Thumb Code     0  startup_at32f435_437.o(.text)
    EXINT2_IRQHandler                        0x080002c7   Thumb Code     0  startup_at32f435_437.o(.text)
    EXINT3_IRQHandler                        0x080002c7   Thumb Code     0  startup_at32f435_437.o(.text)
    EXINT4_IRQHandler                        0x080002c7   Thumb Code     0  startup_at32f435_437.o(.text)
    EXINT9_5_IRQHandler                      0x080002c7   Thumb Code     0  startup_at32f435_437.o(.text)
    FLASH_IRQHandler                         0x080002c7   Thumb Code     0  startup_at32f435_437.o(.text)
    FPU_IRQHandler                           0x080002c7   Thumb Code     0  startup_at32f435_437.o(.text)
    I2C1_ERR_IRQHandler                      0x080002c7   Thumb Code     0  startup_at32f435_437.o(.text)
    I2C1_EVT_IRQHandler                      0x080002c7   Thumb Code     0  startup_at32f435_437.o(.text)
    I2C2_ERR_IRQHandler                      0x080002c7   Thumb Code     0  startup_at32f435_437.o(.text)
    I2C2_EVT_IRQHandler                      0x080002c7   Thumb Code     0  startup_at32f435_437.o(.text)
    I2C3_ERR_IRQHandler                      0x080002c7   Thumb Code     0  startup_at32f435_437.o(.text)
    I2C3_EVT_IRQHandler                      0x080002c7   Thumb Code     0  startup_at32f435_437.o(.text)
    OTGFS1_IRQHandler                        0x080002c7   Thumb Code     0  startup_at32f435_437.o(.text)
    OTGFS1_WKUP_IRQHandler                   0x080002c7   Thumb Code     0  startup_at32f435_437.o(.text)
    OTGFS2_IRQHandler                        0x080002c7   Thumb Code     0  startup_at32f435_437.o(.text)
    OTGFS2_WKUP_IRQHandler                   0x080002c7   Thumb Code     0  startup_at32f435_437.o(.text)
    PVM_IRQHandler                           0x080002c7   Thumb Code     0  startup_at32f435_437.o(.text)
    QSPI1_IRQHandler                         0x080002c7   Thumb Code     0  startup_at32f435_437.o(.text)
    QSPI2_IRQHandler                         0x080002c7   Thumb Code     0  startup_at32f435_437.o(.text)
    SDIO1_IRQHandler                         0x080002c7   Thumb Code     0  startup_at32f435_437.o(.text)
    SDIO2_IRQHandler                         0x080002c7   Thumb Code     0  startup_at32f435_437.o(.text)
    SPI1_IRQHandler                          0x080002c7   Thumb Code     0  startup_at32f435_437.o(.text)
    SPI2_I2S2EXT_IRQHandler                  0x080002c7   Thumb Code     0  startup_at32f435_437.o(.text)
    SPI3_I2S3EXT_IRQHandler                  0x080002c7   Thumb Code     0  startup_at32f435_437.o(.text)
    SPI4_IRQHandler                          0x080002c7   Thumb Code     0  startup_at32f435_437.o(.text)
    TAMP_STAMP_IRQHandler                    0x080002c7   Thumb Code     0  startup_at32f435_437.o(.text)
    TMR1_BRK_TMR9_IRQHandler                 0x080002c7   Thumb Code     0  startup_at32f435_437.o(.text)
    TMR1_CH_IRQHandler                       0x080002c7   Thumb Code     0  startup_at32f435_437.o(.text)
    TMR1_OVF_TMR10_IRQHandler                0x080002c7   Thumb Code     0  startup_at32f435_437.o(.text)
    TMR1_TRG_HALL_TMR11_IRQHandler           0x080002c7   Thumb Code     0  startup_at32f435_437.o(.text)
    TMR20_BRK_IRQHandler                     0x080002c7   Thumb Code     0  startup_at32f435_437.o(.text)
    TMR20_CH_IRQHandler                      0x080002c7   Thumb Code     0  startup_at32f435_437.o(.text)
    TMR20_OVF_IRQHandler                     0x080002c7   Thumb Code     0  startup_at32f435_437.o(.text)
    TMR20_TRG_HALL_IRQHandler                0x080002c7   Thumb Code     0  startup_at32f435_437.o(.text)
    TMR2_GLOBAL_IRQHandler                   0x080002c7   Thumb Code     0  startup_at32f435_437.o(.text)
    TMR3_GLOBAL_IRQHandler                   0x080002c7   Thumb Code     0  startup_at32f435_437.o(.text)
    TMR4_GLOBAL_IRQHandler                   0x080002c7   Thumb Code     0  startup_at32f435_437.o(.text)
    TMR5_GLOBAL_IRQHandler                   0x080002c7   Thumb Code     0  startup_at32f435_437.o(.text)
    TMR6_DAC_GLOBAL_IRQHandler               0x080002c7   Thumb Code     0  startup_at32f435_437.o(.text)
    TMR7_GLOBAL_IRQHandler                   0x080002c7   Thumb Code     0  startup_at32f435_437.o(.text)
    TMR8_BRK_TMR12_IRQHandler                0x080002c7   Thumb Code     0  startup_at32f435_437.o(.text)
    TMR8_CH_IRQHandler                       0x080002c7   Thumb Code     0  startup_at32f435_437.o(.text)
    TMR8_OVF_TMR13_IRQHandler                0x080002c7   Thumb Code     0  startup_at32f435_437.o(.text)
    TMR8_TRG_HALL_TMR14_IRQHandler           0x080002c7   Thumb Code     0  startup_at32f435_437.o(.text)
    UART4_IRQHandler                         0x080002c7   Thumb Code     0  startup_at32f435_437.o(.text)
    UART5_IRQHandler                         0x080002c7   Thumb Code     0  startup_at32f435_437.o(.text)
    UART7_IRQHandler                         0x080002c7   Thumb Code     0  startup_at32f435_437.o(.text)
    UART8_IRQHandler                         0x080002c7   Thumb Code     0  startup_at32f435_437.o(.text)
    USART1_IRQHandler                        0x080002c7   Thumb Code     0  startup_at32f435_437.o(.text)
    USART2_IRQHandler                        0x080002c7   Thumb Code     0  startup_at32f435_437.o(.text)
    USART3_IRQHandler                        0x080002c7   Thumb Code     0  startup_at32f435_437.o(.text)
    USART6_IRQHandler                        0x080002c7   Thumb Code     0  startup_at32f435_437.o(.text)
    WWDT_IRQHandler                          0x080002c7   Thumb Code     0  startup_at32f435_437.o(.text)
    XMC_IRQHandler                           0x080002c7   Thumb Code     0  startup_at32f435_437.o(.text)
    __user_initial_stackheap                 0x080002c9   Thumb Code     0  startup_at32f435_437.o(.text)
    rt_hw_interrupt_disable                  0x080002ed   Thumb Code     8  context_rvds.o(.text)
    rt_hw_interrupt_enable                   0x080002f5   Thumb Code     6  context_rvds.o(.text)
    rt_hw_context_switch                     0x080002fb   Thumb Code    32  context_rvds.o(.text)
    rt_hw_context_switch_interrupt           0x080002fb   Thumb Code     0  context_rvds.o(.text)
    PendSV_Handler                           0x0800031b   Thumb Code   108  context_rvds.o(.text)
    rt_hw_context_switch_to                  0x08000387   Thumb Code    70  context_rvds.o(.text)
    rt_hw_interrupt_thread_switch            0x080003cd   Thumb Code     2  context_rvds.o(.text)
    HardFault_Handler                        0x080003cf   Thumb Code    56  context_rvds.o(.text)
    __aeabi_uldivmod                         0x08000421   Thumb Code     0  lludivv7m.o(.text)
    _ll_udiv                                 0x08000421   Thumb Code   238  lludivv7m.o(.text)
    __aeabi_memcpy                           0x0800050f   Thumb Code     0  rt_memcpy_v6.o(.text)
    __rt_memcpy                              0x0800050f   Thumb Code   138  rt_memcpy_v6.o(.text)
    _memcpy_lastbytes                        0x08000575   Thumb Code     0  rt_memcpy_v6.o(.text)
    __use_two_region_memory                  0x08000599   Thumb Code     2  heapauxi.o(.text)
    __rt_heap_escrow$2region                 0x0800059b   Thumb Code     2  heapauxi.o(.text)
    __rt_heap_expand$2region                 0x0800059d   Thumb Code     2  heapauxi.o(.text)
    __aeabi_memcpy4                          0x0800059f   Thumb Code     0  rt_memcpy_w.o(.text)
    __aeabi_memcpy8                          0x0800059f   Thumb Code     0  rt_memcpy_w.o(.text)
    __rt_memcpy_w                            0x0800059f   Thumb Code   100  rt_memcpy_w.o(.text)
    _memcpy_lastbytes_aligned                0x080005e7   Thumb Code     0  rt_memcpy_w.o(.text)
    __user_setup_stackheap                   0x08000603   Thumb Code    74  sys_stackheap_outer.o(.text)
    exit                                     0x0800064d   Thumb Code    18  exit.o(.text)
    __user_libspace                          0x08000661   Thumb Code     8  libspace.o(.text)
    __user_perproc_libspace                  0x08000661   Thumb Code     0  libspace.o(.text)
    __user_perthread_libspace                0x08000661   Thumb Code     0  libspace.o(.text)
    _sys_exit                                0x08000669   Thumb Code     8  sys_exit.o(.text)
    __I$use$semihosting                      0x08000675   Thumb Code     0  use_no_semi.o(.text)
    __use_no_semihosting_swi                 0x08000675   Thumb Code     2  use_no_semi.o(.text)
    __semihosting_library_function           0x08000677   Thumb Code     0  indicate_semi.o(.text)
    main                                     0x08000677   Thumb Code    14  components.o(i.$Sub$$main)
    BusFault_Handler                         0x08000685   Thumb Code     4  at32f435_437_int.o(i.BusFault_Handler)
    DebugMon_Handler                         0x08000689   Thumb Code     2  at32f435_437_int.o(i.DebugMon_Handler)
    FDI_Flash_Init                           0x0800068d   Thumb Code    40  flash.o(i.FDI_Flash_Init)
    Flash_Address_Get_Init                   0x080006b9   Thumb Code    20  flash.o(i.Flash_Address_Get_Init)
    Flash_Erase_Init                         0x080006dd   Thumb Code    28  flash.o(i.Flash_Erase_Init)
    Flash_Lock_Switch_Init                   0x08000711   Thumb Code    28  flash.o(i.Flash_Lock_Switch_Init)
    Flash_Mode_Config_Init                   0x08000749   Thumb Code    18  flash.o(i.Flash_Mode_Config_Init)
    Flash_To_SRAM                            0x0800076d   Thumb Code    18  flash_serve.o(i.Flash_To_SRAM)
    MemManage_Handler                        0x08000791   Thumb Code     4  at32f435_437_int.o(i.MemManage_Handler)
    NMI_Handler                              0x08000795   Thumb Code     2  at32f435_437_int.o(i.NMI_Handler)
    SRAM_To_Flash                            0x080007d9   Thumb Code    76  flash_serve.o(i.SRAM_To_Flash)
    SVC_Handler                              0x0800083d   Thumb Code     2  at32f435_437_int.o(i.SVC_Handler)
    SysTick_Handler                          0x0800083f   Thumb Code    16  board.o(i.SysTick_Handler)
    SystemCoreClockUpdate                    0x0800084f   Thumb Code     2  main.o(i.SystemCoreClockUpdate)
    SystemInit                               0x08000851   Thumb Code   128  system_at32f435_437.o(i.SystemInit)
    UsageFault_Handler                       0x080008e1   Thumb Code     4  at32f435_437_int.o(i.UsageFault_Handler)
    __rt_ffs                                 0x0800094d   Thumb Code    70  kservice.o(i.__rt_ffs)
    bank_address_get_abstract                0x08000aa1   Thumb Code    12  flash.o(i.bank_address_get_abstract)
    block_address_get_abstract               0x08000aad   Thumb Code    12  flash.o(i.block_address_get_abstract)
    crm_ahb_div_set                          0x08000ab9   Thumb Code    14  at32f435_437_crm.o(i.crm_ahb_div_set)
    crm_apb1_div_set                         0x08000acd   Thumb Code    14  at32f435_437_crm.o(i.crm_apb1_div_set)
    crm_apb2_div_set                         0x08000ae1   Thumb Code    14  at32f435_437_crm.o(i.crm_apb2_div_set)
    crm_auto_step_mode_enable                0x08000af5   Thumb Code    34  at32f435_437_crm.o(i.crm_auto_step_mode_enable)
    crm_clock_source_enable                  0x08000b1d   Thumb Code    98  at32f435_437_crm.o(i.crm_clock_source_enable)
    crm_clocks_freq_get                      0x08000b85   Thumb Code   242  at32f435_437_crm.o(i.crm_clocks_freq_get)
    crm_flag_get                             0x08000c95   Thumb Code    44  at32f435_437_crm.o(i.crm_flag_get)
    crm_hext_stable_wait                     0x08000cc5   Thumb Code    46  at32f435_437_crm.o(i.crm_hext_stable_wait)
    crm_periph_clock_enable                  0x08000cf5   Thumb Code    70  at32f435_437_crm.o(i.crm_periph_clock_enable)
    crm_pll_config                           0x08000d41   Thumb Code    68  at32f435_437_crm.o(i.crm_pll_config)
    crm_reset                                0x08000d89   Thumb Code   106  at32f435_437_crm.o(i.crm_reset)
    crm_sysclk_switch                        0x08000e01   Thumb Code    54  at32f435_437_crm.o(i.crm_sysclk_switch)
    crm_sysclk_switch_status_get             0x08000e3d   Thumb Code    10  at32f435_437_crm.o(i.crm_sysclk_switch_status_get)
    fdi_parame_init                          0x08000e4d   Thumb Code    90  flash_serve.o(i.fdi_parame_init)
    flash_allbank_lock_abstract              0x08000ec1   Thumb Code     8  flash.o(i.flash_allbank_lock_abstract)
    flash_allbank_unlock_abstract            0x08000ec9   Thumb Code     8  flash.o(i.flash_allbank_unlock_abstract)
    flash_bank1_erase                        0x08000ed1   Thumb Code    54  at32f435_437_flash.o(i.flash_bank1_erase)
    flash_bank1_erase_abstract               0x08000f0d   Thumb Code     8  flash.o(i.flash_bank1_erase_abstract)
    flash_bank1_lock                         0x08000f15   Thumb Code    16  at32f435_437_flash.o(i.flash_bank1_lock)
    flash_bank1_lock_abstract                0x08000f29   Thumb Code     8  flash.o(i.flash_bank1_lock_abstract)
    flash_bank1_operation_status_get         0x08000f31   Thumb Code    48  at32f435_437_flash.o(i.flash_bank1_operation_status_get)
    flash_bank1_operation_wait_for           0x08000f65   Thumb Code    36  at32f435_437_flash.o(i.flash_bank1_operation_wait_for)
    flash_bank1_unlock                       0x08000f89   Thumb Code    12  at32f435_437_flash.o(i.flash_bank1_unlock)
    flash_bank1_unlock_abstract              0x08000fa1   Thumb Code     8  flash.o(i.flash_bank1_unlock_abstract)
    flash_bank2_erase                        0x08000fa9   Thumb Code    54  at32f435_437_flash.o(i.flash_bank2_erase)
    flash_bank2_erase_abstract               0x08000fe5   Thumb Code     8  flash.o(i.flash_bank2_erase_abstract)
    flash_bank2_lock                         0x08000fed   Thumb Code    16  at32f435_437_flash.o(i.flash_bank2_lock)
    flash_bank2_lock_abstract                0x08001001   Thumb Code     8  flash.o(i.flash_bank2_lock_abstract)
    flash_bank2_operation_status_get         0x08001009   Thumb Code    48  at32f435_437_flash.o(i.flash_bank2_operation_status_get)
    flash_bank2_operation_wait_for           0x0800103d   Thumb Code    36  at32f435_437_flash.o(i.flash_bank2_operation_wait_for)
    flash_bank2_unlock                       0x08001061   Thumb Code    12  at32f435_437_flash.o(i.flash_bank2_unlock)
    flash_bank2_unlock_abstract              0x08001079   Thumb Code     8  flash.o(i.flash_bank2_unlock_abstract)
    flash_block_erase                        0x08001081   Thumb Code   146  at32f435_437_flash.o(i.flash_block_erase)
    flash_block_erase_abstract               0x0800111d   Thumb Code    12  flash.o(i.flash_block_erase_abstract)
    flash_byte_program                       0x08001129   Thumb Code   124  at32f435_437_flash.o(i.flash_byte_program)
    flash_byte_program_abstract              0x080011ad   Thumb Code    16  flash.o(i.flash_byte_program_abstract)
    flash_continue_read_enable               0x080011bd   Thumb Code    14  at32f435_437_flash.o(i.flash_continue_read_enable)
    flash_continue_read_enable_abstract      0x080011d1   Thumb Code    12  flash.o(i.flash_continue_read_enable_abstract)
    flash_fap_status_get                     0x080011dd   Thumb Code    10  at32f435_437_flash.o(i.flash_fap_status_get)
    flash_halfword_program                   0x080011ed   Thumb Code   124  at32f435_437_flash.o(i.flash_halfword_program)
    flash_halfword_program_abstract          0x08001271   Thumb Code    16  flash.o(i.flash_halfword_program_abstract)
    flash_interrupt_enable                   0x08001281   Thumb Code    82  at32f435_437_flash.o(i.flash_interrupt_enable)
    flash_interrupt_enable_abstract          0x080012d9   Thumb Code    16  flash.o(i.flash_interrupt_enable_abstract)
    flash_lock                               0x080012e9   Thumb Code    34  at32f435_437_flash.o(i.flash_lock)
    flash_nzw_boost_enable                   0x08001311   Thumb Code    14  at32f435_437_flash.o(i.flash_nzw_boost_enable)
    flash_nzw_boost_enable_abstract          0x08001325   Thumb Code    12  flash.o(i.flash_nzw_boost_enable_abstract)
    flash_operation_status_get               0x08001331   Thumb Code    48  at32f435_437_flash.o(i.flash_operation_status_get)
    flash_operation_wait_for                 0x08001365   Thumb Code    36  at32f435_437_flash.o(i.flash_operation_wait_for)
    flash_program_Init                       0x08001389   Thumb Code    24  flash.o(i.flash_program_Init)
    flash_sector_erase                       0x080013b5   Thumb Code   146  at32f435_437_flash.o(i.flash_sector_erase)
    flash_sector_erase_abstract              0x08001451   Thumb Code    12  flash.o(i.flash_sector_erase_abstract)
    flash_unlock                             0x0800145d   Thumb Code    24  at32f435_437_flash.o(i.flash_unlock)
    flash_user_system_data_erase             0x08001481   Thumb Code   148  at32f435_437_flash.o(i.flash_user_system_data_erase)
    flash_user_system_data_erase_abstract    0x08001525   Thumb Code     8  flash.o(i.flash_user_system_data_erase_abstract)
    flash_user_system_data_program           0x0800152d   Thumb Code    98  at32f435_437_flash.o(i.flash_user_system_data_program)
    flash_user_system_data_program_abstract  0x080015a1   Thumb Code    16  flash.o(i.flash_user_system_data_program_abstract)
    flash_word_program                       0x080015b1   Thumb Code   124  at32f435_437_flash.o(i.flash_word_program)
    flash_word_program_abstract              0x08001635   Thumb Code    16  flash.o(i.flash_word_program_abstract)
    $Super$$main                             0x08001645   Thumb Code    60  main.o(i.main)
    main_thread_entry                        0x08001685   Thumb Code    14  components.o(i.main_thread_entry)
    nvic_priority_group_config               0x08001695   Thumb Code    32  at32f435_437_misc.o(i.nvic_priority_group_config)
    rt_application_init                      0x080018cd   Thumb Code    34  components.o(i.rt_application_init)
    rt_components_board_init                 0x080018fd   Thumb Code    20  components.o(i.rt_components_board_init)
    rt_components_init                       0x08001919   Thumb Code    20  components.o(i.rt_components_init)
    rt_enter_critical                        0x08001935   Thumb Code    28  scheduler.o(i.rt_enter_critical)
    rt_exit_critical                         0x08001955   Thumb Code    54  scheduler.o(i.rt_exit_critical)
    rt_free                                  0x08001991   Thumb Code   128  mem.o(i.rt_free)
    rt_heap_begin_get                        0x08001a71   Thumb Code     4  board.o(i.rt_heap_begin_get)
    rt_heap_end_get                          0x08001a79   Thumb Code     4  board.o(i.rt_heap_end_get)
    rt_hw_board_init                         0x08001a81   Thumb Code    48  board.o(i.rt_hw_board_init)
    rt_hw_console_output                     0x08001ab5   Thumb Code     2  kservice.o(i.rt_hw_console_output)
    rt_hw_hard_fault_exception               0x08001ab9   Thumb Code   212  cpuport.o(i.rt_hw_hard_fault_exception)
    rt_hw_stack_init                         0x08001cdd   Thumb Code    74  cpuport.o(i.rt_hw_stack_init)
    rt_interrupt_enter                       0x08001d2d   Thumb Code    26  irq.o(i.rt_interrupt_enter)
    rt_interrupt_leave                       0x08001d4d   Thumb Code    26  irq.o(i.rt_interrupt_leave)
    rt_kprintf                               0x08001de9   Thumb Code    44  kservice.o(i.rt_kprintf)
    rt_malloc                                0x08001ea1   Thumb Code   336  mem.o(i.rt_malloc)
    rt_memset                                0x0800200d   Thumb Code    72  kservice.o(i.rt_memset)
    rt_object_allocate                       0x08002055   Thumb Code    84  object.o(i.rt_object_allocate)
    rt_object_delete                         0x080020a9   Thumb Code    36  object.o(i.rt_object_delete)
    rt_object_detach                         0x080020cd   Thumb Code    30  object.o(i.rt_object_detach)
    rt_object_get_information                0x080020ed   Thumb Code    36  object.o(i.rt_object_get_information)
    rt_object_init                           0x08002115   Thumb Code    60  object.o(i.rt_object_init)
    rt_object_is_systemobject                0x08002151   Thumb Code    18  object.o(i.rt_object_is_systemobject)
    rt_schedule                              0x08002165   Thumb Code   118  scheduler.o(i.rt_schedule)
    rt_schedule_insert_thread                0x080021f5   Thumb Code    72  scheduler.o(i.rt_schedule_insert_thread)
    rt_schedule_remove_thread                0x08002245   Thumb Code    76  scheduler.o(i.rt_schedule_remove_thread)
    rt_sem_init                              0x08002299   Thumb Code    38  ipc.o(i.rt_sem_init)
    rt_sem_release                           0x080022bf   Thumb Code    70  ipc.o(i.rt_sem_release)
    rt_sem_take                              0x08002305   Thumb Code   116  ipc.o(i.rt_sem_take)
    rt_show_version                          0x08002379   Thumb Code    38  kservice.o(i.rt_show_version)
    rt_strlen                                0x08002429   Thumb Code    18  kservice.o(i.rt_strlen)
    rt_strncpy                               0x0800243b   Thumb Code    52  kservice.o(i.rt_strncpy)
    rt_system_heap_init                      0x08002471   Thumb Code   160  mem.o(i.rt_system_heap_init)
    rt_system_scheduler_init                 0x08002569   Thumb Code    52  scheduler.o(i.rt_system_scheduler_init)
    rt_system_scheduler_start                0x080025b5   Thumb Code    36  scheduler.o(i.rt_system_scheduler_start)
    rt_system_timer_init                     0x080025e5   Thumb Code    24  timer.o(i.rt_system_timer_init)
    rt_system_timer_thread_init              0x08002601   Thumb Code     2  timer.o(i.rt_system_timer_thread_init)
    rt_thread_create                         0x08002603   Thumb Code    80  thread.o(i.rt_thread_create)
    rt_thread_exit                           0x08002655   Thumb Code    76  thread.o(i.rt_thread_exit)
    rt_thread_idle_excute                    0x080026b1   Thumb Code   128  idle.o(i.rt_thread_idle_excute)
    rt_thread_idle_init                      0x08002735   Thumb Code    38  idle.o(i.rt_thread_idle_init)
    rt_thread_init                           0x08002771   Thumb Code    52  thread.o(i.rt_thread_init)
    rt_thread_resume                         0x080027a5   Thumb Code    60  thread.o(i.rt_thread_resume)
    rt_thread_self                           0x080027e1   Thumb Code     6  thread.o(i.rt_thread_self)
    rt_thread_startup                        0x080027ed   Thumb Code    44  thread.o(i.rt_thread_startup)
    rt_thread_suspend                        0x08002819   Thumb Code    68  thread.o(i.rt_thread_suspend)
    rt_thread_timeout                        0x0800285d   Thumb Code    32  thread.o(i.rt_thread_timeout)
    rt_thread_yield                          0x0800287d   Thumb Code    92  thread.o(i.rt_thread_yield)
    rt_tick_get                              0x080028e1   Thumb Code     6  clock.o(i.rt_tick_get)
    rt_tick_increase                         0x080028ed   Thumb Code    42  clock.o(i.rt_tick_increase)
    rt_timer_check                           0x0800291d   Thumb Code   118  timer.o(i.rt_timer_check)
    rt_timer_control                         0x08002999   Thumb Code    56  timer.o(i.rt_timer_control)
    rt_timer_detach                          0x080029d1   Thumb Code    32  timer.o(i.rt_timer_detach)
    rt_timer_init                            0x080029f1   Thumb Code    46  timer.o(i.rt_timer_init)
    rt_timer_start                           0x08002a21   Thumb Code   238  timer.o(i.rt_timer_start)
    rt_timer_stop                            0x08002b19   Thumb Code    48  timer.o(i.rt_timer_stop)
    rt_vsnprintf                             0x08002b49   Thumb Code   800  kservice.o(i.rt_vsnprintf)
    rtthread_startup                         0x08002e81   Thumb Code    42  components.o(i.rtthread_startup)
    sector_address_get_abstract              0x08002eab   Thumb Code    12  flash.o(i.sector_address_get_abstract)
    system_core_clock_update                 0x08002edd   Thumb Code   214  system_at32f435_437.o(i.system_core_clock_update)
    systick_clock_source_config              0x08002fcd   Thumb Code    40  at32f435_437_misc.o(i.systick_clock_source_config)
    systick_interrupt_config                 0x08002ff5   Thumb Code    68  wk_system.o(i.systick_interrupt_config)
    wk_nvic_config                           0x08003039   Thumb Code   192  at32f435_437_wk_config.o(i.wk_nvic_config)
    wk_periph_clock_config                   0x080030f9   Thumb Code    32  at32f435_437_wk_config.o(i.wk_periph_clock_config)
    wk_system_clock_config                   0x0800311d   Thumb Code   184  at32f435_437_wk_config.o(i.wk_system_clock_config)
    _fp_init                                 0x080031e5   Thumb Code    10  fpinit.o(x$fpl$fpinit)
    __fplib_config_fpu_vfp                   0x080031ed   Thumb Code     0  fpinit.o(x$fpl$fpinit)
    __fplib_config_pureend_doubles           0x080031ed   Thumb Code     0  fpinit.o(x$fpl$fpinit)
    __lowest_bit_bitmap                      0x0800322a   Data         256  kservice.o(.constdata)
    __rt_init_rti_start                      0x0800334c   Data           4  components.o(.rti_fn.0)
    __rt_init_rti_board_start                0x08003350   Data           4  components.o(.rti_fn.0.end)
    __rt_init_rti_board_end                  0x08003354   Data           4  components.o(.rti_fn.1.end)
    __rt_init_rti_end                        0x08003358   Data           4  components.o(.rti_fn.6.end)
    Region$$Table$$Base                      0x0800335c   Number         0  anon$$obj.o(Region$$Table)
    Region$$Table$$Limit                     0x0800339c   Number         0  anon$$obj.o(Region$$Table)
    Load$$FDI_PARAME$$Base                   0x08003440   Number         0  anon$$obj.o ABSOLUTE
    Load$$FDI_PARAME$$Limit                  0x08003440   Number         0  anon$$obj.o ABSOLUTE
    flash_flash_len                          0x080ff800   Data           4  flash_serve.o(fdi_flash_param_len)
    system_core_clock                        0x20000000   Data           4  system_at32f435_437.o(.data)
    flash_serve_box                          0x20000004   Data           4  flash_serve.o(.data)
    rt_interrupt_from_thread                 0x20000008   Data           4  cpuport.o(.data)
    rt_interrupt_to_thread                   0x2000000c   Data           4  cpuport.o(.data)
    rt_thread_switch_interrupt_flag          0x20000010   Data           4  cpuport.o(.data)
    rt_interrupt_nest                        0x2000001c   Data           1  irq.o(.data)
    rt_current_thread                        0x2000007c   Data           4  scheduler.o(.data)
    rt_current_priority                      0x20000080   Data           1  scheduler.o(.data)
    rt_thread_ready_priority_group           0x20000084   Data           4  scheduler.o(.data)
    rt_thread_defunct                        0x20000088   Data           8  scheduler.o(.data)
    flash                                    0x2000009c   Data          84  flash.o(.bss)
    rt_thread_priority_table                 0x20000310   Data         256  scheduler.o(.bss)
    __libspace_start                         0x20001c10   Data          96  libspace.o(.bss)
    __temporary_stack_top$libspace           0x20001c70   Data           0  libspace.o(.bss)
    fdi_sram_len                             0x2005f800   Data           4  flash_serve.o(fdi_param_len)
    Image$$FDI_PARAME$$Base                  0x2005f804   Number         0  anon$$obj.o ABSOLUTE



==============================================================================

Memory Map of the image

  Image Entry point : 0x0800020d

  Load Region LR_IROM1 (Base: 0x08000000, Size: 0x00003440, Max: 0x00100000, ABSOLUTE)

    Execution Region ER_IROM1 (Exec base: 0x08000000, Load base: 0x08000000, Size: 0x0000339c, Max: 0x000ff800, ABSOLUTE)

    Exec Addr    Load Addr    Size         Type   Attr      Idx    E Section Name        Object

    0x08000000   0x08000000   0x0000020c   Data   RO         1128    RESET               startup_at32f435_437.o
    0x0800020c   0x0800020c   0x00000008   Code   RO         2414  * !!!main             c_w.l(__main.o)
    0x08000214   0x08000214   0x00000034   Code   RO         2583    !!!scatter          c_w.l(__scatter.o)
    0x08000248   0x08000248   0x0000001a   Code   RO         2585    !!handler_copy      c_w.l(__scatter_copy.o)
    0x08000262   0x08000262   0x00000002   PAD
    0x08000264   0x08000264   0x0000001c   Code   RO         2587    !!handler_zi        c_w.l(__scatter_zi.o)
    0x08000280   0x08000280   0x00000002   Code   RO         2453    .ARM.Collect$$libinit$$00000000  c_w.l(libinit.o)
    0x08000282   0x08000282   0x00000004   Code   RO         2465    .ARM.Collect$$libinit$$00000001  c_w.l(libinit2.o)
    0x08000286   0x08000286   0x00000000   Code   RO         2468    .ARM.Collect$$libinit$$00000004  c_w.l(libinit2.o)
    0x08000286   0x08000286   0x00000000   Code   RO         2471    .ARM.Collect$$libinit$$0000000A  c_w.l(libinit2.o)
    0x08000286   0x08000286   0x00000000   Code   RO         2473    .ARM.Collect$$libinit$$0000000C  c_w.l(libinit2.o)
    0x08000286   0x08000286   0x00000000   Code   RO         2475    .ARM.Collect$$libinit$$0000000E  c_w.l(libinit2.o)
    0x08000286   0x08000286   0x00000000   Code   RO         2478    .ARM.Collect$$libinit$$00000011  c_w.l(libinit2.o)
    0x08000286   0x08000286   0x00000000   Code   RO         2480    .ARM.Collect$$libinit$$00000013  c_w.l(libinit2.o)
    0x08000286   0x08000286   0x00000000   Code   RO         2482    .ARM.Collect$$libinit$$00000015  c_w.l(libinit2.o)
    0x08000286   0x08000286   0x00000000   Code   RO         2484    .ARM.Collect$$libinit$$00000017  c_w.l(libinit2.o)
    0x08000286   0x08000286   0x00000000   Code   RO         2486    .ARM.Collect$$libinit$$00000019  c_w.l(libinit2.o)
    0x08000286   0x08000286   0x00000000   Code   RO         2488    .ARM.Collect$$libinit$$0000001B  c_w.l(libinit2.o)
    0x08000286   0x08000286   0x00000000   Code   RO         2490    .ARM.Collect$$libinit$$0000001D  c_w.l(libinit2.o)
    0x08000286   0x08000286   0x00000000   Code   RO         2492    .ARM.Collect$$libinit$$0000001F  c_w.l(libinit2.o)
    0x08000286   0x08000286   0x00000000   Code   RO         2494    .ARM.Collect$$libinit$$00000021  c_w.l(libinit2.o)
    0x08000286   0x08000286   0x00000000   Code   RO         2496    .ARM.Collect$$libinit$$00000023  c_w.l(libinit2.o)
    0x08000286   0x08000286   0x00000000   Code   RO         2498    .ARM.Collect$$libinit$$00000025  c_w.l(libinit2.o)
    0x08000286   0x08000286   0x00000000   Code   RO         2502    .ARM.Collect$$libinit$$0000002C  c_w.l(libinit2.o)
    0x08000286   0x08000286   0x00000000   Code   RO         2504    .ARM.Collect$$libinit$$0000002E  c_w.l(libinit2.o)
    0x08000286   0x08000286   0x00000000   Code   RO         2506    .ARM.Collect$$libinit$$00000030  c_w.l(libinit2.o)
    0x08000286   0x08000286   0x00000000   Code   RO         2508    .ARM.Collect$$libinit$$00000032  c_w.l(libinit2.o)
    0x08000286   0x08000286   0x00000002   Code   RO         2509    .ARM.Collect$$libinit$$00000033  c_w.l(libinit2.o)
    0x08000288   0x08000288   0x00000002   Code   RO         2540    .ARM.Collect$$libshutdown$$00000000  c_w.l(libshutdown.o)
    0x0800028a   0x0800028a   0x00000000   Code   RO         2566    .ARM.Collect$$libshutdown$$00000002  c_w.l(libshutdown2.o)
    0x0800028a   0x0800028a   0x00000000   Code   RO         2568    .ARM.Collect$$libshutdown$$00000004  c_w.l(libshutdown2.o)
    0x0800028a   0x0800028a   0x00000000   Code   RO         2571    .ARM.Collect$$libshutdown$$00000007  c_w.l(libshutdown2.o)
    0x0800028a   0x0800028a   0x00000000   Code   RO         2574    .ARM.Collect$$libshutdown$$0000000A  c_w.l(libshutdown2.o)
    0x0800028a   0x0800028a   0x00000000   Code   RO         2576    .ARM.Collect$$libshutdown$$0000000C  c_w.l(libshutdown2.o)
    0x0800028a   0x0800028a   0x00000000   Code   RO         2579    .ARM.Collect$$libshutdown$$0000000F  c_w.l(libshutdown2.o)
    0x0800028a   0x0800028a   0x00000002   Code   RO         2580    .ARM.Collect$$libshutdown$$00000010  c_w.l(libshutdown2.o)
    0x0800028c   0x0800028c   0x00000000   Code   RO         2416    .ARM.Collect$$rtentry$$00000000  c_w.l(__rtentry.o)
    0x0800028c   0x0800028c   0x00000000   Code   RO         2424    .ARM.Collect$$rtentry$$00000002  c_w.l(__rtentry2.o)
    0x0800028c   0x0800028c   0x00000006   Code   RO         2436    .ARM.Collect$$rtentry$$00000004  c_w.l(__rtentry4.o)
    0x08000292   0x08000292   0x00000000   Code   RO         2426    .ARM.Collect$$rtentry$$00000009  c_w.l(__rtentry2.o)
    0x08000292   0x08000292   0x00000004   Code   RO         2427    .ARM.Collect$$rtentry$$0000000A  c_w.l(__rtentry2.o)
    0x08000296   0x08000296   0x00000000   Code   RO         2429    .ARM.Collect$$rtentry$$0000000C  c_w.l(__rtentry2.o)
    0x08000296   0x08000296   0x00000008   Code   RO         2430    .ARM.Collect$$rtentry$$0000000D  c_w.l(__rtentry2.o)
    0x0800029e   0x0800029e   0x00000002   Code   RO         2457    .ARM.Collect$$rtexit$$00000000  c_w.l(rtexit.o)
    0x080002a0   0x080002a0   0x00000000   Code   RO         2513    .ARM.Collect$$rtexit$$00000002  c_w.l(rtexit2.o)
    0x080002a0   0x080002a0   0x00000004   Code   RO         2514    .ARM.Collect$$rtexit$$00000003  c_w.l(rtexit2.o)
    0x080002a4   0x080002a4   0x00000006   Code   RO         2515    .ARM.Collect$$rtexit$$00000004  c_w.l(rtexit2.o)
    0x080002aa   0x080002aa   0x00000002   PAD
    0x080002ac   0x080002ac   0x00000040   Code   RO         1129    .text               startup_at32f435_437.o
    0x080002ec   0x080002ec   0x00000134   Code   RO         1401    .text               context_rvds.o
    0x08000420   0x08000420   0x000000ee   Code   RO         2408    .text               c_w.l(lludivv7m.o)
    0x0800050e   0x0800050e   0x0000008a   Code   RO         2410    .text               c_w.l(rt_memcpy_v6.o)
    0x08000598   0x08000598   0x00000006   Code   RO         2412    .text               c_w.l(heapauxi.o)
    0x0800059e   0x0800059e   0x00000064   Code   RO         2421    .text               c_w.l(rt_memcpy_w.o)
    0x08000602   0x08000602   0x0000004a   Code   RO         2440    .text               c_w.l(sys_stackheap_outer.o)
    0x0800064c   0x0800064c   0x00000012   Code   RO         2442    .text               c_w.l(exit.o)
    0x0800065e   0x0800065e   0x00000002   PAD
    0x08000660   0x08000660   0x00000008   Code   RO         2454    .text               c_w.l(libspace.o)
    0x08000668   0x08000668   0x0000000c   Code   RO         2510    .text               c_w.l(sys_exit.o)
    0x08000674   0x08000674   0x00000002   Code   RO         2529    .text               c_w.l(use_no_semi.o)
    0x08000676   0x08000676   0x00000000   Code   RO         2531    .text               c_w.l(indicate_semi.o)
    0x08000676   0x08000676   0x0000000e   Code   RO         1491    i.$Sub$$main        components.o
    0x08000684   0x08000684   0x00000004   Code   RO            4    i.BusFault_Handler  at32f435_437_int.o
    0x08000688   0x08000688   0x00000002   Code   RO            5    i.DebugMon_Handler  at32f435_437_int.o
    0x0800068a   0x0800068a   0x00000002   PAD
    0x0800068c   0x0800068c   0x0000002c   Code   RO         1173    i.FDI_Flash_Init    flash.o
    0x080006b8   0x080006b8   0x00000024   Code   RO         1174    i.Flash_Address_Get_Init  flash.o
    0x080006dc   0x080006dc   0x00000034   Code   RO         1175    i.Flash_Erase_Init  flash.o
    0x08000710   0x08000710   0x00000038   Code   RO         1176    i.Flash_Lock_Switch_Init  flash.o
    0x08000748   0x08000748   0x00000024   Code   RO         1177    i.Flash_Mode_Config_Init  flash.o
    0x0800076c   0x0800076c   0x00000024   Code   RO         1360    i.Flash_To_SRAM     flash_serve.o
    0x08000790   0x08000790   0x00000004   Code   RO            6    i.MemManage_Handler  at32f435_437_int.o
    0x08000794   0x08000794   0x00000002   Code   RO            7    i.NMI_Handler       at32f435_437_int.o
    0x08000796   0x08000796   0x00000040   Code   RO          114    i.NVIC_EncodePriority  at32f435_437_wk_config.o
    0x080007d6   0x080007d6   0x00000002   PAD
    0x080007d8   0x080007d8   0x00000064   Code   RO         1361    i.SRAM_To_Flash     flash_serve.o
    0x0800083c   0x0800083c   0x00000002   Code   RO            8    i.SVC_Handler       at32f435_437_int.o
    0x0800083e   0x0800083e   0x00000010   Code   RO         2356    i.SysTick_Handler   board.o
    0x0800084e   0x0800084e   0x00000002   Code   RO          176    i.SystemCoreClockUpdate  main.o
    0x08000850   0x08000850   0x00000090   Code   RO         1136    i.SystemInit        system_at32f435_437.o
    0x080008e0   0x080008e0   0x00000004   Code   RO            9    i.UsageFault_Handler  at32f435_437_int.o
    0x080008e4   0x080008e4   0x00000030   Code   RO         2357    i._SysTick_Config   board.o
    0x08000914   0x08000914   0x00000010   Code   RO          115    i.__NVIC_GetPriorityGrouping  at32f435_437_wk_config.o
    0x08000924   0x08000924   0x00000028   Code   RO          116    i.__NVIC_SetPriority  at32f435_437_wk_config.o
    0x0800094c   0x0800094c   0x0000004c   Code   RO         1756    i.__rt_ffs          kservice.o
    0x08000998   0x08000998   0x00000014   Code   RO         1565    i._has_defunct_thread  idle.o
    0x080009ac   0x080009ac   0x00000084   Code   RO         2125    i._rt_thread_init   thread.o
    0x08000a30   0x08000a30   0x00000042   Code   RO         2246    i._rt_timer_init    timer.o
    0x08000a72   0x08000a72   0x0000002e   Code   RO         2247    i._rt_timer_remove  timer.o
    0x08000aa0   0x08000aa0   0x0000000c   Code   RO         1178    i.bank_address_get_abstract  flash.o
    0x08000aac   0x08000aac   0x0000000c   Code   RO         1179    i.block_address_get_abstract  flash.o
    0x08000ab8   0x08000ab8   0x00000014   Code   RO          331    i.crm_ahb_div_set   at32f435_437_crm.o
    0x08000acc   0x08000acc   0x00000014   Code   RO          332    i.crm_apb1_div_set  at32f435_437_crm.o
    0x08000ae0   0x08000ae0   0x00000014   Code   RO          333    i.crm_apb2_div_set  at32f435_437_crm.o
    0x08000af4   0x08000af4   0x00000028   Code   RO          334    i.crm_auto_step_mode_enable  at32f435_437_crm.o
    0x08000b1c   0x08000b1c   0x00000068   Code   RO          341    i.crm_clock_source_enable  at32f435_437_crm.o
    0x08000b84   0x08000b84   0x00000110   Code   RO          342    i.crm_clocks_freq_get  at32f435_437_crm.o
    0x08000c94   0x08000c94   0x00000030   Code   RO          347    i.crm_flag_get      at32f435_437_crm.o
    0x08000cc4   0x08000cc4   0x0000002e   Code   RO          349    i.crm_hext_stable_wait  at32f435_437_crm.o
    0x08000cf2   0x08000cf2   0x00000002   PAD
    0x08000cf4   0x08000cf4   0x0000004c   Code   RO          357    i.crm_periph_clock_enable  at32f435_437_crm.o
    0x08000d40   0x08000d40   0x00000048   Code   RO          360    i.crm_pll_config    at32f435_437_crm.o
    0x08000d88   0x08000d88   0x00000078   Code   RO          362    i.crm_reset         at32f435_437_crm.o
    0x08000e00   0x08000e00   0x0000003c   Code   RO          363    i.crm_sysclk_switch  at32f435_437_crm.o
    0x08000e3c   0x08000e3c   0x00000010   Code   RO          364    i.crm_sysclk_switch_status_get  at32f435_437_crm.o
    0x08000e4c   0x08000e4c   0x00000074   Code   RO         1362    i.fdi_parame_init   flash_serve.o
    0x08000ec0   0x08000ec0   0x00000008   Code   RO         1180    i.flash_allbank_lock_abstract  flash.o
    0x08000ec8   0x08000ec8   0x00000008   Code   RO         1181    i.flash_allbank_unlock_abstract  flash.o
    0x08000ed0   0x08000ed0   0x0000003c   Code   RO          858    i.flash_bank1_erase  at32f435_437_flash.o
    0x08000f0c   0x08000f0c   0x00000008   Code   RO         1182    i.flash_bank1_erase_abstract  flash.o
    0x08000f14   0x08000f14   0x00000014   Code   RO          859    i.flash_bank1_lock  at32f435_437_flash.o
    0x08000f28   0x08000f28   0x00000008   Code   RO         1183    i.flash_bank1_lock_abstract  flash.o
    0x08000f30   0x08000f30   0x00000034   Code   RO          860    i.flash_bank1_operation_status_get  at32f435_437_flash.o
    0x08000f64   0x08000f64   0x00000024   Code   RO          861    i.flash_bank1_operation_wait_for  at32f435_437_flash.o
    0x08000f88   0x08000f88   0x00000018   Code   RO          862    i.flash_bank1_unlock  at32f435_437_flash.o
    0x08000fa0   0x08000fa0   0x00000008   Code   RO         1184    i.flash_bank1_unlock_abstract  flash.o
    0x08000fa8   0x08000fa8   0x0000003c   Code   RO          863    i.flash_bank2_erase  at32f435_437_flash.o
    0x08000fe4   0x08000fe4   0x00000008   Code   RO         1185    i.flash_bank2_erase_abstract  flash.o
    0x08000fec   0x08000fec   0x00000014   Code   RO          864    i.flash_bank2_lock  at32f435_437_flash.o
    0x08001000   0x08001000   0x00000008   Code   RO         1186    i.flash_bank2_lock_abstract  flash.o
    0x08001008   0x08001008   0x00000034   Code   RO          865    i.flash_bank2_operation_status_get  at32f435_437_flash.o
    0x0800103c   0x0800103c   0x00000024   Code   RO          866    i.flash_bank2_operation_wait_for  at32f435_437_flash.o
    0x08001060   0x08001060   0x00000018   Code   RO          867    i.flash_bank2_unlock  at32f435_437_flash.o
    0x08001078   0x08001078   0x00000008   Code   RO         1187    i.flash_bank2_unlock_abstract  flash.o
    0x08001080   0x08001080   0x0000009c   Code   RO          868    i.flash_block_erase  at32f435_437_flash.o
    0x0800111c   0x0800111c   0x0000000c   Code   RO         1188    i.flash_block_erase_abstract  flash.o
    0x08001128   0x08001128   0x00000084   Code   RO          869    i.flash_byte_program  at32f435_437_flash.o
    0x080011ac   0x080011ac   0x00000010   Code   RO         1189    i.flash_byte_program_abstract  flash.o
    0x080011bc   0x080011bc   0x00000014   Code   RO          870    i.flash_continue_read_enable  at32f435_437_flash.o
    0x080011d0   0x080011d0   0x0000000c   Code   RO         1190    i.flash_continue_read_enable_abstract  flash.o
    0x080011dc   0x080011dc   0x00000010   Code   RO          876    i.flash_fap_status_get  at32f435_437_flash.o
    0x080011ec   0x080011ec   0x00000084   Code   RO          879    i.flash_halfword_program  at32f435_437_flash.o
    0x08001270   0x08001270   0x00000010   Code   RO         1191    i.flash_halfword_program_abstract  flash.o
    0x08001280   0x08001280   0x00000058   Code   RO          881    i.flash_interrupt_enable  at32f435_437_flash.o
    0x080012d8   0x080012d8   0x00000010   Code   RO         1192    i.flash_interrupt_enable_abstract  flash.o
    0x080012e8   0x080012e8   0x00000028   Code   RO          882    i.flash_lock        at32f435_437_flash.o
    0x08001310   0x08001310   0x00000014   Code   RO          883    i.flash_nzw_boost_enable  at32f435_437_flash.o
    0x08001324   0x08001324   0x0000000c   Code   RO         1193    i.flash_nzw_boost_enable_abstract  flash.o
    0x08001330   0x08001330   0x00000034   Code   RO          884    i.flash_operation_status_get  at32f435_437_flash.o
    0x08001364   0x08001364   0x00000024   Code   RO          885    i.flash_operation_wait_for  at32f435_437_flash.o
    0x08001388   0x08001388   0x0000002c   Code   RO         1194    i.flash_program_Init  flash.o
    0x080013b4   0x080013b4   0x0000009c   Code   RO          886    i.flash_sector_erase  at32f435_437_flash.o
    0x08001450   0x08001450   0x0000000c   Code   RO         1195    i.flash_sector_erase_abstract  flash.o
    0x0800145c   0x0800145c   0x00000024   Code   RO          896    i.flash_unlock      at32f435_437_flash.o
    0x08001480   0x08001480   0x000000a4   Code   RO          897    i.flash_user_system_data_erase  at32f435_437_flash.o
    0x08001524   0x08001524   0x00000008   Code   RO         1196    i.flash_user_system_data_erase_abstract  flash.o
    0x0800152c   0x0800152c   0x00000074   Code   RO          898    i.flash_user_system_data_program  at32f435_437_flash.o
    0x080015a0   0x080015a0   0x00000010   Code   RO         1197    i.flash_user_system_data_program_abstract  flash.o
    0x080015b0   0x080015b0   0x00000084   Code   RO          899    i.flash_word_program  at32f435_437_flash.o
    0x08001634   0x08001634   0x00000010   Code   RO         1198    i.flash_word_program_abstract  flash.o
    0x08001644   0x08001644   0x00000040   Code   RO          177    i.main              main.o
    0x08001684   0x08001684   0x0000000e   Code   RO         1492    i.main_thread_entry  components.o
    0x08001692   0x08001692   0x00000002   PAD
    0x08001694   0x08001694   0x00000028   Code   RO          797    i.nvic_priority_group_config  at32f435_437_misc.o
    0x080016bc   0x080016bc   0x00000078   Code   RO         1933    i.plug_holes        mem.o
    0x08001734   0x08001734   0x00000198   Code   RO         1758    i.print_number      kservice.o
    0x080018cc   0x080018cc   0x00000030   Code   RO         1493    i.rt_application_init  components.o
    0x080018fc   0x080018fc   0x0000001c   Code   RO         1494    i.rt_components_board_init  components.o
    0x08001918   0x08001918   0x0000001c   Code   RO         1495    i.rt_components_init  components.o
    0x08001934   0x08001934   0x00000020   Code   RO         2059    i.rt_enter_critical  scheduler.o
    0x08001954   0x08001954   0x0000003c   Code   RO         2060    i.rt_exit_critical  scheduler.o
    0x08001990   0x08001990   0x000000e0   Code   RO         1935    i.rt_free           mem.o
    0x08001a70   0x08001a70   0x00000008   Code   RO         2358    i.rt_heap_begin_get  board.o
    0x08001a78   0x08001a78   0x00000008   Code   RO         2359    i.rt_heap_end_get   board.o
    0x08001a80   0x08001a80   0x00000034   Code   RO         2360    i.rt_hw_board_init  board.o
    0x08001ab4   0x08001ab4   0x00000002   Code   RO         1761    i.rt_hw_console_output  kservice.o
    0x08001ab6   0x08001ab6   0x00000002   PAD
    0x08001ab8   0x08001ab8   0x00000224   Code   RO         1408    i.rt_hw_hard_fault_exception  cpuport.o
    0x08001cdc   0x08001cdc   0x00000050   Code   RO         1409    i.rt_hw_stack_init  cpuport.o
    0x08001d2c   0x08001d2c   0x00000020   Code   RO         1729    i.rt_interrupt_enter  irq.o
    0x08001d4c   0x08001d4c   0x00000020   Code   RO         1731    i.rt_interrupt_leave  irq.o
    0x08001d6c   0x08001d6c   0x0000006c   Code   RO         1613    i.rt_ipc_list_suspend  ipc.o
    0x08001dd8   0x08001dd8   0x00000010   Code   RO         1614    i.rt_ipc_object_init  ipc.o
    0x08001de8   0x08001de8   0x00000030   Code   RO         1762    i.rt_kprintf        kservice.o
    0x08001e18   0x08001e18   0x00000006   Code   RO         2061    i.rt_list_init      scheduler.o
    0x08001e1e   0x08001e1e   0x00000006   Code   RO         2248    i.rt_list_init      timer.o
    0x08001e24   0x08001e24   0x0000000e   Code   RO         1983    i.rt_list_insert_after  object.o
    0x08001e32   0x08001e32   0x0000000e   Code   RO         2126    i.rt_list_insert_after  thread.o
    0x08001e40   0x08001e40   0x0000000e   Code   RO         2249    i.rt_list_insert_after  timer.o
    0x08001e4e   0x08001e4e   0x0000000e   Code   RO         1615    i.rt_list_insert_before  ipc.o
    0x08001e5c   0x08001e5c   0x00000010   Code   RO         1616    i.rt_list_isempty   ipc.o
    0x08001e6c   0x08001e6c   0x00000010   Code   RO         2250    i.rt_list_isempty   timer.o
    0x08001e7c   0x08001e7c   0x00000012   Code   RO         1984    i.rt_list_remove    object.o
    0x08001e8e   0x08001e8e   0x00000012   Code   RO         2127    i.rt_list_remove    thread.o
    0x08001ea0   0x08001ea0   0x0000016c   Code   RO         1936    i.rt_malloc         mem.o
    0x0800200c   0x0800200c   0x00000048   Code   RO         1768    i.rt_memset         kservice.o
    0x08002054   0x08002054   0x00000054   Code   RO         1985    i.rt_object_allocate  object.o
    0x080020a8   0x080020a8   0x00000024   Code   RO         1986    i.rt_object_delete  object.o
    0x080020cc   0x080020cc   0x0000001e   Code   RO         1987    i.rt_object_detach  object.o
    0x080020ea   0x080020ea   0x00000002   PAD
    0x080020ec   0x080020ec   0x00000028   Code   RO         1989    i.rt_object_get_information  object.o
    0x08002114   0x08002114   0x0000003c   Code   RO         1991    i.rt_object_init    object.o
    0x08002150   0x08002150   0x00000012   Code   RO         1992    i.rt_object_is_systemobject  object.o
    0x08002162   0x08002162   0x00000002   PAD
    0x08002164   0x08002164   0x00000090   Code   RO         2062    i.rt_schedule       scheduler.o
    0x080021f4   0x080021f4   0x00000050   Code   RO         2063    i.rt_schedule_insert_thread  scheduler.o
    0x08002244   0x08002244   0x00000054   Code   RO         2064    i.rt_schedule_remove_thread  scheduler.o
    0x08002298   0x08002298   0x00000026   Code   RO         1621    i.rt_sem_init       ipc.o
    0x080022be   0x080022be   0x00000046   Code   RO         1622    i.rt_sem_release    ipc.o
    0x08002304   0x08002304   0x00000074   Code   RO         1623    i.rt_sem_take       ipc.o
    0x08002378   0x08002378   0x000000b0   Code   RO         1770    i.rt_show_version   kservice.o
    0x08002428   0x08002428   0x00000012   Code   RO         1776    i.rt_strlen         kservice.o
    0x0800243a   0x0800243a   0x00000034   Code   RO         1778    i.rt_strncpy        kservice.o
    0x0800246e   0x0800246e   0x00000002   PAD
    0x08002470   0x08002470   0x000000f8   Code   RO         1939    i.rt_system_heap_init  mem.o
    0x08002568   0x08002568   0x0000004c   Code   RO         2065    i.rt_system_scheduler_init  scheduler.o
    0x080025b4   0x080025b4   0x00000030   Code   RO         2066    i.rt_system_scheduler_start  scheduler.o
    0x080025e4   0x080025e4   0x0000001c   Code   RO         2251    i.rt_system_timer_init  timer.o
    0x08002600   0x08002600   0x00000002   Code   RO         2252    i.rt_system_timer_thread_init  timer.o
    0x08002602   0x08002602   0x00000050   Code   RO         2129    i.rt_thread_create  thread.o
    0x08002652   0x08002652   0x00000002   PAD
    0x08002654   0x08002654   0x00000054   Code   RO         2133    i.rt_thread_exit    thread.o
    0x080026a8   0x080026a8   0x00000008   Code   RO         1566    i.rt_thread_idle_entry  idle.o
    0x080026b0   0x080026b0   0x00000084   Code   RO         1567    i.rt_thread_idle_excute  idle.o
    0x08002734   0x08002734   0x0000003c   Code   RO         1569    i.rt_thread_idle_init  idle.o
    0x08002770   0x08002770   0x00000034   Code   RO         2135    i.rt_thread_init    thread.o
    0x080027a4   0x080027a4   0x0000003c   Code   RO         2137    i.rt_thread_resume  thread.o
    0x080027e0   0x080027e0   0x0000000c   Code   RO         2138    i.rt_thread_self    thread.o
    0x080027ec   0x080027ec   0x0000002c   Code   RO         2140    i.rt_thread_startup  thread.o
    0x08002818   0x08002818   0x00000044   Code   RO         2141    i.rt_thread_suspend  thread.o
    0x0800285c   0x0800285c   0x00000020   Code   RO         2142    i.rt_thread_timeout  thread.o
    0x0800287c   0x0800287c   0x00000064   Code   RO         2143    i.rt_thread_yield   thread.o
    0x080028e0   0x080028e0   0x0000000c   Code   RO         1452    i.rt_tick_get       clock.o
    0x080028ec   0x080028ec   0x00000030   Code   RO         1453    i.rt_tick_increase  clock.o
    0x0800291c   0x0800291c   0x0000007c   Code   RO         2253    i.rt_timer_check    timer.o
    0x08002998   0x08002998   0x00000038   Code   RO         2254    i.rt_timer_control  timer.o
    0x080029d0   0x080029d0   0x00000020   Code   RO         2257    i.rt_timer_detach   timer.o
    0x080029f0   0x080029f0   0x0000002e   Code   RO         2258    i.rt_timer_init     timer.o
    0x08002a1e   0x08002a1e   0x00000002   PAD
    0x08002a20   0x08002a20   0x000000f8   Code   RO         2261    i.rt_timer_start    timer.o
    0x08002b18   0x08002b18   0x00000030   Code   RO         2262    i.rt_timer_stop     timer.o
    0x08002b48   0x08002b48   0x00000328   Code   RO         1781    i.rt_vsnprintf      kservice.o
    0x08002e70   0x08002e70   0x00000004   Code   RO         1496    i.rti_board_end     components.o
    0x08002e74   0x08002e74   0x00000004   Code   RO         1497    i.rti_board_start   components.o
    0x08002e78   0x08002e78   0x00000004   Code   RO         1498    i.rti_end           components.o
    0x08002e7c   0x08002e7c   0x00000004   Code   RO         1499    i.rti_start         components.o
    0x08002e80   0x08002e80   0x0000002a   Code   RO         1500    i.rtthread_startup  components.o
    0x08002eaa   0x08002eaa   0x0000000c   Code   RO         1199    i.sector_address_get_abstract  flash.o
    0x08002eb6   0x08002eb6   0x00000026   Code   RO         1783    i.skip_atoi         kservice.o
    0x08002edc   0x08002edc   0x000000f0   Code   RO         1137    i.system_core_clock_update  system_at32f435_437.o
    0x08002fcc   0x08002fcc   0x00000028   Code   RO          800    i.systick_clock_source_config  at32f435_437_misc.o
    0x08002ff4   0x08002ff4   0x00000044   Code   RO          307    i.systick_interrupt_config  wk_system.o
    0x08003038   0x08003038   0x000000c0   Code   RO          117    i.wk_nvic_config    at32f435_437_wk_config.o
    0x080030f8   0x080030f8   0x00000024   Code   RO          118    i.wk_periph_clock_config  at32f435_437_wk_config.o
    0x0800311c   0x0800311c   0x000000c8   Code   RO          119    i.wk_system_clock_config  at32f435_437_wk_config.o
    0x080031e4   0x080031e4   0x0000000a   Code   RO         2525    x$fpl$fpinit        fz_wm.l(fpinit.o)
    0x080031ee   0x080031ee   0x00000026   Data   RO          367    .constdata          at32f435_437_crm.o
    0x08003214   0x08003214   0x00000016   Data   RO         1138    .constdata          system_at32f435_437.o
    0x0800322a   0x0800322a   0x00000122   Data   RO         1785    .constdata          kservice.o
    0x0800334c   0x0800334c   0x00000004   Data   RO         1501    .rti_fn.0           components.o
    0x08003350   0x08003350   0x00000004   Data   RO         1502    .rti_fn.0.end       components.o
    0x08003354   0x08003354   0x00000004   Data   RO         1503    .rti_fn.1.end       components.o
    0x08003358   0x08003358   0x00000004   Data   RO         1504    .rti_fn.6.end       components.o
    0x0800335c   0x0800335c   0x00000040   Data   RO         2581    Region$$Table       anon$$obj.o


    Execution Region FDI_FLASH_PARAM_LEN (Exec base: 0x080ff800, Load base: 0x0800339c, Size: 0x00000004, Max: 0x00000004, ABSOLUTE)

    Exec Addr    Load Addr    Size         Type   Attr      Idx    E Section Name        Object

    0x080ff800   0x0800339c   0x00000004   Data   RW         1364    fdi_flash_param_len  flash_serve.o


    Execution Region FDI_FLASH_PARAM (Exec base: 0x080ff804, Load base: 0x080033a0, Size: 0x00000000, Max: 0x000007fc, ABSOLUTE)

    **** No section assigned to this execution region ****


    Execution Region RW_IRAM1 (Exec base: 0x20000000, Load base: 0x080033a0, Size: 0x00002270, Max: 0x0005f800, ABSOLUTE)

    Exec Addr    Load Addr    Size         Type   Attr      Idx    E Section Name        Object

    0x20000000   0x080033a0   0x00000004   Data   RW         1139    .data               system_at32f435_437.o
    0x20000004   0x080033a4   0x00000004   Data   RW         1363    .data               flash_serve.o
    0x20000008   0x080033a8   0x00000010   Data   RW         1410    .data               cpuport.o
    0x20000018   0x080033b8   0x00000004   Data   RW         1455    .data               clock.o
    0x2000001c   0x080033bc   0x00000001   Data   RW         1732    .data               irq.o
    0x2000001d   0x080033bd   0x00000003   PAD
    0x20000020   0x080033c0   0x00000018   Data   RW         1941    .data               mem.o
    0x20000038   0x080033d8   0x00000040   Data   RW         1994    .data               object.o
    0x20000078   0x08003418   0x00000018   Data   RW         2068    .data               scheduler.o
    0x20000090   0x08003430   0x0000000c   Data   RW         2263    .data               timer.o
    0x2000009c        -       0x00000054   Zero   RW         1200    .bss                flash.o
    0x200000f0        -       0x00000180   Zero   RW         1570    .bss                idle.o
    0x20000270        -       0x00000080   Zero   RW         1784    .bss                kservice.o
    0x200002f0        -       0x00000020   Zero   RW         1940    .bss                mem.o
    0x20000310        -       0x00000100   Zero   RW         2067    .bss                scheduler.o
    0x20000410        -       0x00001800   Zero   RW         2361    .bss                board.o
    0x20001c10        -       0x00000060   Zero   RW         2455    .bss                c_w.l(libspace.o)
    0x20001c70        -       0x00000200   Zero   RW         1127    HEAP                startup_at32f435_437.o
    0x20001e70        -       0x00000400   Zero   RW         1126    STACK               startup_at32f435_437.o


    Execution Region FDI_PARAME_LEN (Exec base: 0x2005f800, Load base: 0x0800343c, Size: 0x00000004, Max: 0x00000004, ABSOLUTE)

    Exec Addr    Load Addr    Size         Type   Attr      Idx    E Section Name        Object

    0x2005f800   0x0800343c   0x00000004   Data   RW         1365    fdi_param_len       flash_serve.o


    Execution Region FDI_PARAME (Exec base: 0x2005f804, Load base: 0x08003440, Size: 0x00000000, Max: 0x000007fc, ABSOLUTE)

    **** No section assigned to this execution region ****


==============================================================================

Image component sizes


      Code (inc. data)   RO Data    RW Data    ZI Data      Debug   Object Name

       914        106         38          0          0       8912   at32f435_437_crm.o
      1680        176          0          0          0      16406   at32f435_437_flash.o
        18          0          0          0          0      43835   at32f435_437_int.o
        80          8          0          0          0      31470   at32f435_437_misc.o
       548         34          0          0          0      33482   at32f435_437_wk_config.o
       132         16          0          0       6144       3603   board.o
        60         12          0          4          0       1317   clock.o
       190         30         16          0          0       6592   components.o
       308         26          0          0          0        960   context_rvds.o
       628        342          0         16          0       4354   cpuport.o
       504        110          0          0         84      19848   flash.o
       252         68          0         12          0       2229   flash_serve.o
       220         30          0          0        384       5950   idle.o
       378          0          0          0          0       8129   ipc.o
        64         12          0          1          0       1778   irq.o
      1698        164        290          0        128      10055   kservice.o
        66          4          0          0          0       7015   main.o
       956        224          0         24         32       4244   mem.o
       300          4          0         64          0       8812   object.o
       530         88          0         24        256       9174   scheduler.o
        64         26        524          0       1536        840   startup_at32f435_437.o
       384         42         22          4          0       2340   system_at32f435_437.o
       696         30          0          0          0      11623   thread.o
       732         20          0         12          0      12176   timer.o
        68          0          0          0          0        787   wk_system.o

    ----------------------------------------------------------------------
     11490       1572        954        164       8564     255931   Object Totals
         0          0         64          0          0          0   (incl. Generated)
        20          0          0          3          0          0   (incl. Padding)

    ----------------------------------------------------------------------

      Code (inc. data)   RO Data    RW Data    ZI Data      Debug   Library Member Name

         8          0          0          0          0         68   __main.o
         0          0          0          0          0          0   __rtentry.o
        12          0          0          0          0          0   __rtentry2.o
         6          0          0          0          0          0   __rtentry4.o
        52          8          0          0          0          0   __scatter.o
        26          0          0          0          0          0   __scatter_copy.o
        28          0          0          0          0          0   __scatter_zi.o
        18          0          0          0          0         80   exit.o
         6          0          0          0          0        152   heapauxi.o
         0          0          0          0          0          0   indicate_semi.o
         2          0          0          0          0          0   libinit.o
         6          0          0          0          0          0   libinit2.o
         2          0          0          0          0          0   libshutdown.o
         2          0          0          0          0          0   libshutdown2.o
         8          4          0          0         96         68   libspace.o
       238          0          0          0          0        100   lludivv7m.o
       138          0          0          0          0         68   rt_memcpy_v6.o
       100          0          0          0          0         80   rt_memcpy_w.o
         2          0          0          0          0          0   rtexit.o
        10          0          0          0          0          0   rtexit2.o
        12          4          0          0          0         68   sys_exit.o
        74          0          0          0          0         80   sys_stackheap_outer.o
         2          0          0          0          0         68   use_no_semi.o
        10          0          0          0          0        116   fpinit.o

    ----------------------------------------------------------------------
       768         16          0          0         96        948   Library Totals
         6          0          0          0          0          0   (incl. Padding)

    ----------------------------------------------------------------------

      Code (inc. data)   RO Data    RW Data    ZI Data      Debug   Library Name

       752         16          0          0         96        832   c_w.l
        10          0          0          0          0        116   fz_wm.l

    ----------------------------------------------------------------------
       768         16          0          0         96        948   Library Totals

    ----------------------------------------------------------------------

==============================================================================


      Code (inc. data)   RO Data    RW Data    ZI Data      Debug   

     12258       1588        954        164       8660     239667   Grand Totals
     12258       1588        954        164       8660     239667   ELF Image Totals
     12258       1588        954        164          0          0   ROM Totals

==============================================================================

    Total RO  Size (Code + RO Data)                13212 (  12.90kB)
    Total RW  Size (RW Data + ZI Data)              8824 (   8.62kB)
    Total ROM Size (Code + RO Data + RW Data)      13376 (  13.06kB)

==============================================================================

